Component: ARM Compiler 5.06 update 6 (build 750) Tool: armlink [4d35ed]

==============================================================================

Section Cross References

    clock.o(i.rt_tick_from_millisecond) refers to aeabi_sdiv.o(.text) for __aeabi_idivmod
    clock.o(i.rt_tick_get) refers to clock.o(.data) for rt_tick
    clock.o(i.rt_tick_increase) refers to thread.o(i.rt_thread_self) for rt_thread_self
    clock.o(i.rt_tick_increase) refers to thread.o(i.rt_thread_yield) for rt_thread_yield
    clock.o(i.rt_tick_increase) refers to timer.o(i.rt_timer_check) for rt_timer_check
    clock.o(i.rt_tick_increase) refers to clock.o(.data) for rt_tick
    clock.o(i.rt_tick_set) refers to context_rvds.o(.text) for rt_hw_interrupt_disable
    clock.o(i.rt_tick_set) refers to clock.o(.data) for rt_tick
    components.o(i.$Sub$$main) refers to components.o(i.rtthread_startup) for rtthread_startup
    components.o(i.main_thread_entry) refers to components.o(i.rt_components_init) for rt_components_init
    components.o(i.main_thread_entry) refers to main.o(i.main) for $Super$$main
    components.o(i.rt_application_init) refers to thread.o(i.rt_thread_create) for rt_thread_create
    components.o(i.rt_application_init) refers to thread.o(i.rt_thread_startup) for rt_thread_startup
    components.o(i.rt_application_init) refers to components.o(i.main_thread_entry) for main_thread_entry
    components.o(i.rt_components_board_init) refers to components.o(.rti_fn.0.end) for __rt_init_rti_board_start
    components.o(i.rt_components_board_init) refers to components.o(.rti_fn.1.end) for __rt_init_rti_board_end
    components.o(i.rt_components_init) refers to components.o(.rti_fn.1.end) for __rt_init_rti_board_end
    components.o(i.rt_components_init) refers to components.o(.rti_fn.6.end) for __rt_init_rti_end
    components.o(i.rtthread_startup) refers to context_rvds.o(.text) for rt_hw_interrupt_disable
    components.o(i.rtthread_startup) refers to drv_common.o(i.rt_hw_board_init) for rt_hw_board_init
    components.o(i.rtthread_startup) refers to kservice.o(i.rt_show_version) for rt_show_version
    components.o(i.rtthread_startup) refers to timer.o(i.rt_system_timer_init) for rt_system_timer_init
    components.o(i.rtthread_startup) refers to scheduler.o(i.rt_system_scheduler_init) for rt_system_scheduler_init
    components.o(i.rtthread_startup) refers to components.o(i.rt_application_init) for rt_application_init
    components.o(i.rtthread_startup) refers to timer.o(i.rt_system_timer_thread_init) for rt_system_timer_thread_init
    components.o(i.rtthread_startup) refers to idle.o(i.rt_thread_idle_init) for rt_thread_idle_init
    components.o(i.rtthread_startup) refers to scheduler.o(i.rt_system_scheduler_start) for rt_system_scheduler_start
    components.o(.rti_fn.0) refers to components.o(i.rti_start) for rti_start
    components.o(.rti_fn.0.end) refers to components.o(i.rti_board_start) for rti_board_start
    components.o(.rti_fn.1.end) refers to components.o(i.rti_board_end) for rti_board_end
    components.o(.rti_fn.6.end) refers to components.o(i.rti_end) for rti_end
    device.o(i.rt_device_create) refers to mem.o(i.rt_malloc) for rt_malloc
    device.o(i.rt_device_create) refers to kservice.o(i.rt_memset) for rt_memset
    device.o(i.rt_device_destroy) refers to object.o(i.rt_object_detach) for rt_object_detach
    device.o(i.rt_device_destroy) refers to mem.o(i.rt_free) for rt_free
    device.o(i.rt_device_find) refers to thread.o(i.rt_thread_self) for rt_thread_self
    device.o(i.rt_device_find) refers to scheduler.o(i.rt_enter_critical) for rt_enter_critical
    device.o(i.rt_device_find) refers to object.o(i.rt_object_get_information) for rt_object_get_information
    device.o(i.rt_device_find) refers to kservice.o(i.rt_strncmp) for rt_strncmp
    device.o(i.rt_device_find) refers to scheduler.o(i.rt_exit_critical) for rt_exit_critical
    device.o(i.rt_device_read) refers to kservice.o(i.rt_set_errno) for rt_set_errno
    device.o(i.rt_device_register) refers to device.o(i.rt_device_find) for rt_device_find
    device.o(i.rt_device_register) refers to object.o(i.rt_object_init) for rt_object_init
    device.o(i.rt_device_unregister) refers to object.o(i.rt_object_detach) for rt_object_detach
    device.o(i.rt_device_write) refers to kservice.o(i.rt_set_errno) for rt_set_errno
    idle.o(i._has_defunct_thread) refers to scheduler.o(.data) for rt_thread_defunct
    idle.o(i.rt_thread_idle_delhook) refers to context_rvds.o(.text) for rt_hw_interrupt_disable
    idle.o(i.rt_thread_idle_delhook) refers to idle.o(.bss) for idle_hook_list
    idle.o(i.rt_thread_idle_entry) refers to idle.o(i.rt_thread_idle_excute) for rt_thread_idle_excute
    idle.o(i.rt_thread_idle_entry) refers to idle.o(.bss) for idle_hook_list
    idle.o(i.rt_thread_idle_excute) refers to context_rvds.o(.text) for rt_hw_interrupt_disable
[...]
    .ARM.Collect$$libinit$$00000023          0x0800011e   Section        0  libinit2.o(.ARM.Collect$$libinit$$00000023)
    .ARM.Collect$$libinit$$00000025          0x0800011e   Section        0  libinit2.o(.ARM.Collect$$libinit$$00000025)
    .ARM.Collect$$libinit$$0000002C          0x0800011e   Section        0  libinit2.o(.ARM.Collect$$libinit$$0000002C)
    .ARM.Collect$$libinit$$0000002E          0x0800011e   Section        0  libinit2.o(.ARM.Collect$$libinit$$0000002E)
    .ARM.Collect$$libinit$$00000030          0x0800011e   Section        0  libinit2.o(.ARM.Collect$$libinit$$00000030)
    .ARM.Collect$$libinit$$00000032          0x0800011e   Section        0  libinit2.o(.ARM.Collect$$libinit$$00000032)
    .ARM.Collect$$libinit$$00000033          0x0800011e   Section        2  libinit2.o(.ARM.Collect$$libinit$$00000033)
    .ARM.Collect$$libshutdown$$00000000      0x08000120   Section        2  libshutdown.o(.ARM.Collect$$libshutdown$$00000000)
    .ARM.Collect$$libshutdown$$00000002      0x08000122   Section        0  libshutdown2.o(.ARM.Collect$$libshutdown$$00000002)
    .ARM.Collect$$libshutdown$$00000004      0x08000122   Section        0  libshutdown2.o(.ARM.Collect$$libshutdown$$00000004)
    .ARM.Collect$$libshutdown$$00000007      0x08000122   Section        0  libshutdown2.o(.ARM.Collect$$libshutdown$$00000007)
    .ARM.Collect$$libshutdown$$0000000A      0x08000122   Section        0  libshutdown2.o(.ARM.Collect$$libshutdown$$0000000A)
    .ARM.Collect$$libshutdown$$0000000C      0x08000122   Section        0  libshutdown2.o(.ARM.Collect$$libshutdown$$0000000C)
    .ARM.Collect$$libshutdown$$0000000F      0x08000122   Section        0  libshutdown2.o(.ARM.Collect$$libshutdown$$0000000F)
    .ARM.Collect$$libshutdown$$00000010      0x08000122   Section        2  libshutdown2.o(.ARM.Collect$$libshutdown$$00000010)
    .ARM.Collect$$rtentry$$00000000          0x08000124   Section        0  __rtentry.o(.ARM.Collect$$rtentry$$00000000)
    .ARM.Collect$$rtentry$$00000002          0x08000124   Section        0  __rtentry2.o(.ARM.Collect$$rtentry$$00000002)
    .ARM.Collect$$rtentry$$00000004          0x08000124   Section        6  __rtentry4.o(.ARM.Collect$$rtentry$$00000004)
    .ARM.Collect$$rtentry$$00000009          0x0800012a   Section        0  __rtentry2.o(.ARM.Collect$$rtentry$$00000009)
    .ARM.Collect$$rtentry$$0000000A          0x0800012a   Section        4  __rtentry2.o(.ARM.Collect$$rtentry$$0000000A)
    .ARM.Collect$$rtentry$$0000000C          0x0800012e   Section        0  __rtentry2.o(.ARM.Collect$$rtentry$$0000000C)
    .ARM.Collect$$rtentry$$0000000D          0x0800012e   Section        8  __rtentry2.o(.ARM.Collect$$rtentry$$0000000D)
    .ARM.Collect$$rtexit$$00000000           0x08000136   Section        2  rtexit.o(.ARM.Collect$$rtexit$$00000000)
    .ARM.Collect$$rtexit$$00000002           0x08000138   Section        0  rtexit2.o(.ARM.Collect$$rtexit$$00000002)
    .ARM.Collect$$rtexit$$00000003           0x08000138   Section        4  rtexit2.o(.ARM.Collect$$rtexit$$00000003)
    .ARM.Collect$$rtexit$$00000004           0x0800013c   Section        6  rtexit2.o(.ARM.Collect$$rtexit$$00000004)
    .text                                    0x08000144   Section       56  startup_stm32f091xc.o(.text)
    .text                                    0x0800017c   Section      216  context_rvds.o(.text)
    .text                                    0x08000254   Section        0  rt_memclr.o(.text)
    .text                                    0x08000294   Section      346  aeabi_sdiv.o(.text)
    .text                                    0x080003ee   Section        0  heapauxi.o(.text)
    .text                                    0x080003f4   Section       62  sys_stackheap_outer.o(.text)
    .text                                    0x08000432   Section        0  exit.o(.text)
    .text                                    0x08000444   Section        8  libspace.o(.text)
    .text                                    0x0800044c   Section        0  sys_exit.o(.text)
    .text                                    0x08000458   Section        2  use_no_semi.o(.text)
    .text                                    0x0800045a   Section        0  indicate_semi.o(.text)
    .text                                    0x0800045a   Section        0  __dczerorl2.o(.text)
    i.$Sub$$main                             0x080004b0   Section        0  components.o(i.$Sub$$main)
    i.EXTI0_1_IRQHandler                     0x080004ba   Section        0  drv_gpio.o(i.EXTI0_1_IRQHandler)
    i.EXTI2_3_IRQHandler                     0x080004d2   Section        0  drv_gpio.o(i.EXTI2_3_IRQHandler)
    i.EXTI4_15_IRQHandler                    0x080004ea   Section        0  drv_gpio.o(i.EXTI4_15_IRQHandler)
    i.HAL_GPIO_DeInit                        0x08000548   Section        0  stm32f0xx_hal_gpio.o(i.HAL_GPIO_DeInit)
    i.HAL_GPIO_EXTI_Callback                 0x08000660   Section        0  drv_gpio.o(i.HAL_GPIO_EXTI_Callback)
    i.HAL_GPIO_EXTI_IRQHandler               0x08000698   Section        0  stm32f0xx_hal_gpio.o(i.HAL_GPIO_EXTI_IRQHandler)
    i.HAL_GPIO_Init                          0x080006b8   Section        0  stm32f0xx_hal_gpio.o(i.HAL_GPIO_Init)
    i.HAL_GPIO_ReadPin                       0x080008b4   Section        0  stm32f0xx_hal_gpio.o(i.HAL_GPIO_ReadPin)
    i.HAL_GPIO_WritePin                      0x080008c6   Section        0  stm32f0xx_hal_gpio.o(i.HAL_GPIO_WritePin)
    i.HAL_GetTick                            0x080008d2   Section        0  drv_common.o(i.HAL_GetTick)
    i.HAL_IncTick                            0x080008e8   Section        0  stm32f0xx_hal.o(i.HAL_IncTick)
    i.HAL_Init                               0x080008f8   Section        0  stm32f0xx_hal.o(i.HAL_Init)
    i.HAL_InitTick                           0x08000918   Section        0  drv_common.o(i.HAL_InitTick)
    i.HAL_MspInit                            0x08000920   Section        0  stm32f0xx_hal_msp.o(i.HAL_MspInit)
    i.HAL_NVIC_DisableIRQ                    0x08000960   Section        0  stm32f0xx_hal_cortex.o(i.HAL_NVIC_DisableIRQ)
    i.HAL_NVIC_EnableIRQ                     0x08000978   Section        0  stm32f0xx_hal_cortex.o(i.HAL_NVIC_EnableIRQ)
    i.HAL_NVIC_SetPriority                   0x08000990   Section        0  stm32f0xx_hal_cortex.o(i.HAL_NVIC_SetPriority)
    i.HAL_RCCEx_PeriphCLKConfig              0x080009a4   Section        0  stm32f0xx_hal_rcc_ex.o(i.HAL_RCCEx_PeriphCLKConfig)
    i.HAL_RCC_ClockConfig                    0x08000b48   Section        0  stm32f0xx_hal_rcc.o(i.HAL_RCC_ClockConfig)
    i.HAL_RCC_GetHCLKFreq                    0x08000d18   Section        0  stm32f0xx_hal_rcc.o(i.HAL_RCC_GetHCLKFreq)
    i.HAL_RCC_GetPCLK1Freq                   0x08000d24   Section        0  stm32f0xx_hal_rcc.o(i.HAL_RCC_GetPCLK1Freq)
    i.HAL_RCC_GetSysClockFreq                0x08000d48   Section        0  stm32f0xx_hal_rcc.o(i.HAL_RCC_GetSysClockFreq)
    i.HAL_RCC_OscConfig                      0x08000e38   Section        0  stm32f0xx_hal_rcc.o(i.HAL_RCC_OscConfig)
    i.HAL_SYSTICK_CLKSourceConfig            0x08001438   Section        0  stm32f0xx_hal_cortex.o(i.HAL_SYSTICK_CLKSourceConfig)
    i.HAL_SYSTICK_Config                     0x0800145c   Section        0  stm32f0xx_hal_cortex.o(i.HAL_SYSTICK_Config)
    i.HAL_UART_Init                          0x08001494   Section        0  stm32f0xx_hal_uart.o(i.HAL_UART_Init)
    i.HAL_UART_MspInit                       0x08001518   Section        0  stm32f0xx_hal_msp.o(i.HAL_UART_MspInit)
    i.NVIC_SetPriority                       0x08001594   Section        0  stm32f0xx_hal_cortex.o(i.NVIC_SetPriority)
    NVIC_SetPriority                         0x08001595   Thumb Code   110  stm32f0xx_hal_cortex.o(i.NVIC_SetPriority)
    i.SysTick_Handler                        0x0800160c   Section        0  drv_common.o(i.SysTick_Handler)
    i.SystemClock_Config                     0x08001620   Section        0  board.o(i.SystemClock_Config)
    i.SystemInit                             0x080016b8   Section        0  system_stm32f0xx.o(i.SystemInit)
    i.UART_AdvFeatureConfig                  0x08001730   Section        0  stm32f0xx_hal_uart.o(i.UART_AdvFeatureConfig)
    i.UART_CheckIdleState                    0x08001820   Section        0  stm32f0xx_hal_uart.o(i.UART_CheckIdleState)
    i.UART_SetConfig                         0x080018b8   Section        0  stm32f0xx_hal_uart.o(i.UART_SetConfig)
    i.UART_WaitOnFlagUntilTimeout            0x08001b60   Section        0  stm32f0xx_hal_uart.o(i.UART_WaitOnFlagUntilTimeout)
    i.USART1_IRQHandler                      0x08001bd0   Section        0  drv_usart.o(i.USART1_IRQHandler)
    i._Error_Handler                         0x08001be8   Section        0  drv_common.o(i._Error_Handler)
    i.__rt_ffs                               0x08001bec   Section        0  kservice.o(i.__rt_ffs)
    i._has_defunct_thread                    0x08001c48   Section        0  idle.o(i._has_defunct_thread)
    _has_defunct_thread                      0x08001c49   Thumb Code    16  idle.o(i._has_defunct_thread)
    i._pin_control                           0x08001c5c   Section        0  pin.o(i._pin_control)
    _pin_control                             0x08001c5d   Thumb Code    34  pin.o(i._pin_control)
    i._pin_read                              0x08001c7e   Section        0  pin.o(i._pin_read)
    _pin_read                                0x08001c7f   Thumb Code    42  pin.o(i._pin_read)
    i._pin_write                             0x08001ca8   Section        0  pin.o(i._pin_write)
    _pin_write                               0x08001ca9   Thumb Code    42  pin.o(i._pin_write)
    i._rt_thread_init                        0x08001cd4   Section        0  thread.o(i._rt_thread_init)
    _rt_thread_init                          0x08001cd5   Thumb Code   126  thread.o(i._rt_thread_init)
    i._rt_timer_init                         0x08001d5c   Section        0  timer.o(i._rt_timer_init)
    _rt_timer_init                           0x08001d5d   Thumb Code    60  timer.o(i._rt_timer_init)
    i._rt_timer_remove                       0x08001d98   Section        0  timer.o(i._rt_timer_remove)
    _rt_timer_remove                         0x08001d99   Thumb Code    46  timer.o(i._rt_timer_remove)
    i._serial_int_rx                         0x08001dc6   Section        0  serial.o(i._serial_int_rx)
    _serial_int_rx                           0x08001dc7   Thumb Code   110  serial.o(i._serial_int_rx)
    i.bit2bitno                              0x08001e34   Section        0  drv_gpio.o(i.bit2bitno)
    bit2bitno                                0x08001e35   Thumb Code    30  drv_gpio.o(i.bit2bitno)
    i.get_pin                                0x08001e54   Section        0  drv_gpio.o(i.get_pin)
    get_pin                                  0x08001e55   Thumb Code    30  drv_gpio.o(i.get_pin)
    i.main                                   0x08001e78   Section        0  main.o(i.main)
    i.main_thread_entry                      0x08001eb0   Section        0  components.o(i.main_thread_entry)
    i.plug_holes                             0x08001ec0   Section        0  mem.o(i.plug_holes)
    plug_holes                               0x08001ec1   Thumb Code   112  mem.o(i.plug_holes)
    i.rt_application_init                    0x08001f3c   Section        0  components.o(i.rt_application_init)
    i.rt_completion_done                     0x08001f68   Section        0  completion.o(i.rt_completion_done)
    i.rt_completion_init                     0x08001fb2   Section        0  completion.o(i.rt_completion_init)
    i.rt_completion_wait                     0x08001fd0   Section        0  completion.o(i.rt_completion_wait)
    i.rt_components_board_init               0x08002050   Section        0  components.o(i.rt_components_board_init)
    i.rt_components_init                     0x0800206c   Section        0  components.o(i.rt_components_init)
    i.rt_device_find                         0x08002088   Section        0  device.o(i.rt_device_find)
    i.rt_device_pin_register                 0x080020e0   Section        0  pin.o(i.rt_device_pin_register)
    i.rt_device_register                     0x08002128   Section        0  device.o(i.rt_device_register)
    i.rt_enter_critical                      0x08002160   Section        0  scheduler.o(i.rt_enter_critical)
    i.rt_exit_critical                       0x08002180   Section        0  scheduler.o(i.rt_exit_critical)
    i.rt_free                                0x080021c8   Section        0  mem.o(i.rt_free)
    i.rt_hw_board_init                       0x08002240   Section        0  drv_common.o(i.rt_hw_board_init)
    i.rt_hw_hard_fault_exception             0x0800226c   Section        0  cpuport.o(i.rt_hw_hard_fault_exception)
    i.rt_hw_pin_init                         0x08002270   Section        0  drv_gpio.o(i.rt_hw_pin_init)
    i.rt_hw_serial_isr                       0x08002340   Section        0  serial.o(i.rt_hw_serial_isr)
    i.rt_hw_serial_register                  0x0800240c   Section        0  serial.o(i.rt_hw_serial_register)
    i.rt_hw_stack_init                       0x08002464   Section        0  cpuport.o(i.rt_hw_stack_init)
    i.rt_hw_systick_init                     0x080024a4   Section        0  drv_common.o(i.rt_hw_systick_init)
    i.rt_hw_usart_init                       0x080024cc   Section        0  drv_usart.o(i.rt_hw_usart_init)
    i.rt_interrupt_enter                     0x08002550   Section        0  irq.o(i.rt_interrupt_enter)
    i.rt_interrupt_leave                     0x08002570   Section        0  irq.o(i.rt_interrupt_leave)
    i.rt_ipc_list_resume                     0x08002590   Section        0  ipc.o(i.rt_ipc_list_resume)
    rt_ipc_list_resume                       0x08002591   Thumb Code    20  ipc.o(i.rt_ipc_list_resume)
    i.rt_ipc_list_suspend                    0x080025a4   Section        0  ipc.o(i.rt_ipc_list_suspend)
    rt_ipc_list_suspend                      0x080025a5   Thumb Code    98  ipc.o(i.rt_ipc_list_suspend)
    i.rt_ipc_object_init                     0x08002606   Section        0  ipc.o(i.rt_ipc_object_init)
    rt_ipc_object_init                       0x08002607   Thumb Code    16  ipc.o(i.rt_ipc_object_init)
    i.rt_list_init                           0x08002616   Section        0  scheduler.o(i.rt_list_init)
    rt_list_init                             0x08002617   Thumb Code     6  scheduler.o(i.rt_list_init)
    i.rt_list_init                           0x0800261c   Section        0  timer.o(i.rt_list_init)
    rt_list_init                             0x0800261d   Thumb Code     6  timer.o(i.rt_list_init)
    i.rt_list_insert_after                   0x08002622   Section        0  object.o(i.rt_list_insert_after)
    rt_list_insert_after                     0x08002623   Thumb Code    14  object.o(i.rt_list_insert_after)
    i.rt_list_insert_after                   0x08002630   Section        0  thread.o(i.rt_list_insert_after)
    rt_list_insert_after                     0x08002631   Thumb Code    14  thread.o(i.rt_list_insert_after)
    i.rt_list_insert_after                   0x0800263e   Section        0  timer.o(i.rt_list_insert_after)
    rt_list_insert_after                     0x0800263f   Thumb Code    14  timer.o(i.rt_list_insert_after)
    i.rt_list_insert_before                  0x0800264c   Section        0  ipc.o(i.rt_list_insert_before)
    rt_list_insert_before                    0x0800264d   Thumb Code    14  ipc.o(i.rt_list_insert_before)
    i.rt_list_isempty                        0x0800265a   Section        0  ipc.o(i.rt_list_isempty)
    rt_list_isempty                          0x0800265b   Thumb Code    16  ipc.o(i.rt_list_isempty)
    i.rt_list_isempty                        0x0800266a   Section        0  timer.o(i.rt_list_isempty)
    rt_list_isempty                          0x0800266b   Thumb Code    16  timer.o(i.rt_list_isempty)
    i.rt_list_remove                         0x0800267a   Section        0  object.o(i.rt_list_remove)
    rt_list_remove                           0x0800267b   Thumb Code    18  object.o(i.rt_list_remove)
    i.rt_list_remove                         0x0800268c   Section        0  thread.o(i.rt_list_remove)
    rt_list_remove                           0x0800268d   Thumb Code    18  thread.o(i.rt_list_remove)
    i.rt_malloc                              0x080026a0   Section        0  mem.o(i.rt_malloc)
    i.rt_memset                              0x0800280c   Section        0  kservice.o(i.rt_memset)
    i.rt_object_allocate                     0x08002858   Section        0  object.o(i.rt_object_allocate)
    i.rt_object_delete                       0x080028a8   Section        0  object.o(i.rt_object_delete)
    i.rt_object_detach                       0x080028cc   Section        0  object.o(i.rt_object_detach)
    i.rt_object_get_information              0x080028ec   Section        0  object.o(i.rt_object_get_information)
    i.rt_object_init                         0x08002910   Section        0  object.o(i.rt_object_init)
    i.rt_object_is_systemobject              0x08002964   Section        0  object.o(i.rt_object_is_systemobject)
    i.rt_pin_mode                            0x08002978   Section        0  pin.o(i.rt_pin_mode)
    i.rt_pin_write                           0x08002994   Section        0  pin.o(i.rt_pin_write)
    i.rt_schedule                            0x080029b0   Section        0  scheduler.o(i.rt_schedule)
    i.rt_schedule_insert_thread              0x08002a34   Section        0  scheduler.o(i.rt_schedule_insert_thread)
    i.rt_schedule_remove_thread              0x08002a88   Section        0  scheduler.o(i.rt_schedule_remove_thread)
    i.rt_sem_init                            0x08002ae0   Section        0  ipc.o(i.rt_sem_init)
    i.rt_sem_release                         0x08002b02   Section        0  ipc.o(i.rt_sem_release)
    i.rt_sem_take                            0x08002b3e   Section        0  ipc.o(i.rt_sem_take)
    i.rt_serial_close                        0x08002bb6   Section        0  serial.o(i.rt_serial_close)
    rt_serial_close                          0x08002bb7   Thumb Code   116  serial.o(i.rt_serial_close)
    i.rt_serial_control                      0x08002c2a   Section        0  serial.o(i.rt_serial_control)
    rt_serial_control                        0x08002c2b   Thumb Code   134  serial.o(i.rt_serial_control)
    i.rt_serial_init                         0x08002cb0   Section        0  serial.o(i.rt_serial_init)
    rt_serial_init                           0x08002cb1   Thumb Code    40  serial.o(i.rt_serial_init)
    i.rt_serial_open                         0x08002cd8   Section        0  serial.o(i.rt_serial_open)
    rt_serial_open                           0x08002cd9   Thumb Code   356  serial.o(i.rt_serial_open)
    i.rt_serial_read                         0x08002e3c   Section        0  serial.o(i.rt_serial_read)
    rt_serial_read                           0x08002e3d   Thumb Code   106  serial.o(i.rt_serial_read)
    i.rt_serial_write                        0x08002ea6   Section        0  serial.o(i.rt_serial_write)
    rt_serial_write                          0x08002ea7   Thumb Code   150  serial.o(i.rt_serial_write)
    i.rt_show_version                        0x08002f3c   Section        0  kservice.o(i.rt_show_version)
    i.rt_strncmp                             0x08002f3e   Section        0  kservice.o(i.rt_strncmp)
    i.rt_strncpy                             0x08002f68   Section        0  kservice.o(i.rt_strncpy)
    i.rt_system_heap_init                    0x08002fa0   Section        0  mem.o(i.rt_system_heap_init)
    i.rt_system_scheduler_init               0x0800304c   Section        0  scheduler.o(i.rt_system_scheduler_init)
    i.rt_system_scheduler_start              0x08003098   Section        0  scheduler.o(i.rt_system_scheduler_start)
    i.rt_system_timer_init                   0x080030c8   Section        0  timer.o(i.rt_system_timer_init)
    i.rt_system_timer_thread_init            0x080030e4   Section        0  timer.o(i.rt_system_timer_thread_init)
    i.rt_thread_create                       0x080030e6   Section        0  thread.o(i.rt_thread_create)
    i.rt_thread_exit                         0x08003138   Section        0  thread.o(i.rt_thread_exit)
    i.rt_thread_idle_entry                   0x08003190   Section        0  idle.o(i.rt_thread_idle_entry)
    rt_thread_idle_entry                     0x08003191   Thumb Code    38  idle.o(i.rt_thread_idle_entry)
    i.rt_thread_idle_excute                  0x080031bc   Section        0  idle.o(i.rt_thread_idle_excute)
    i.rt_thread_idle_init                    0x0800324c   Section        0  idle.o(i.rt_thread_idle_init)
    i.rt_thread_init                         0x08003284   Section        0  thread.o(i.rt_thread_init)
    i.rt_thread_mdelay                       0x080032b0   Section        0  thread.o(i.rt_thread_mdelay)
    i.rt_thread_resume                       0x080032c4   Section        0  thread.o(i.rt_thread_resume)
    i.rt_thread_self                         0x08003300   Section        0  thread.o(i.rt_thread_self)
    i.rt_thread_sleep                        0x0800330c   Section        0  thread.o(i.rt_thread_sleep)
    i.rt_thread_startup                      0x08003350   Section        0  thread.o(i.rt_thread_startup)
    i.rt_thread_suspend                      0x08003380   Section        0  thread.o(i.rt_thread_suspend)
    i.rt_thread_timeout                      0x080033c4   Section        0  thread.o(i.rt_thread_timeout)
    i.rt_thread_yield                        0x080033e4   Section        0  thread.o(i.rt_thread_yield)
    i.rt_tick_from_millisecond               0x08003448   Section        0  clock.o(i.rt_tick_from_millisecond)
    i.rt_tick_get                            0x08003488   Section        0  clock.o(i.rt_tick_get)
    i.rt_tick_increase                       0x08003494   Section        0  clock.o(i.rt_tick_increase)
    i.rt_timer_check                         0x080034c4   Section        0  timer.o(i.rt_timer_check)
    i.rt_timer_control                       0x08003544   Section        0  timer.o(i.rt_timer_control)
    i.rt_timer_detach                        0x08003580   Section        0  timer.o(i.rt_timer_detach)
    i.rt_timer_init                          0x080035a0   Section        0  timer.o(i.rt_timer_init)
    i.rt_timer_start                         0x080035c8   Section        0  timer.o(i.rt_timer_start)
    i.rt_timer_stop                          0x080036d0   Section        0  timer.o(i.rt_timer_stop)
    i.rti_board_end                          0x08003700   Section        0  components.o(i.rti_board_end)
    rti_board_end                            0x08003701   Thumb Code     4  components.o(i.rti_board_end)
    i.rti_board_start                        0x08003704   Section        0  components.o(i.rti_board_start)
    rti_board_start                          0x08003705   Thumb Code     4  components.o(i.rti_board_start)
    i.rti_end                                0x08003708   Section        0  components.o(i.rti_end)
    rti_end                                  0x08003709   Thumb Code     4  components.o(i.rti_end)
    i.rti_start                              0x0800370c   Section        0  components.o(i.rti_start)
    rti_start                                0x0800370d   Thumb Code     4  components.o(i.rti_start)
    i.rtthread_startup                       0x08003710   Section        0  components.o(i.rtthread_startup)
    i.stm32_configure                        0x0800373a   Section        0  drv_usart.o(i.stm32_configure)
    stm32_configure                          0x0800373b   Thumb Code   176  drv_usart.o(i.stm32_configure)
    i.stm32_control                          0x080037ec   Section        0  drv_usart.o(i.stm32_control)
    stm32_control                            0x080037ed   Thumb Code    92  drv_usart.o(i.stm32_control)
    i.stm32_getc                             0x0800384c   Section        0  drv_usart.o(i.stm32_getc)
    stm32_getc                               0x0800384d   Thumb Code    32  drv_usart.o(i.stm32_getc)
    i.stm32_pin_attach_irq                   0x0800386c   Section        0  drv_gpio.o(i.stm32_pin_attach_irq)
    stm32_pin_attach_irq                     0x0800386d   Thumb Code   190  drv_gpio.o(i.stm32_pin_attach_irq)
    i.stm32_pin_dettach_irq                  0x08003930   Section        0  drv_gpio.o(i.stm32_pin_dettach_irq)
    stm32_pin_dettach_irq                    0x08003931   Thumb Code   122  drv_gpio.o(i.stm32_pin_dettach_irq)
    i.stm32_pin_irq_enable                   0x080039b0   Section        0  drv_gpio.o(i.stm32_pin_irq_enable)
    stm32_pin_irq_enable                     0x080039b1   Thumb Code   410  drv_gpio.o(i.stm32_pin_irq_enable)
    i.stm32_pin_mode                         0x08003b68   Section        0  drv_gpio.o(i.stm32_pin_mode)
    stm32_pin_mode                           0x08003b69   Thumb Code   120  drv_gpio.o(i.stm32_pin_mode)
    i.stm32_pin_read                         0x08003be0   Section        0  drv_gpio.o(i.stm32_pin_read)
    stm32_pin_read                           0x08003be1   Thumb Code    40  drv_gpio.o(i.stm32_pin_read)
    i.stm32_pin_write                        0x08003c08   Section        0  drv_gpio.o(i.stm32_pin_write)
    stm32_pin_write                          0x08003c09   Thumb Code    38  drv_gpio.o(i.stm32_pin_write)
    i.stm32_putc                             0x08003c2e   Section        0  drv_usart.o(i.stm32_putc)
    stm32_putc                               0x08003c2f   Thumb Code    38  drv_usart.o(i.stm32_putc)
    i.stm32_uart_get_dma_config              0x08003c54   Section        0  drv_usart.o(i.stm32_uart_get_dma_config)
    stm32_uart_get_dma_config                0x08003c55   Thumb Code     2  drv_usart.o(i.stm32_uart_get_dma_config)
    i.uart_isr                               0x08003c56   Section        0  drv_usart.o(i.uart_isr)
    uart_isr                                 0x08003c57   Thumb Code   208  drv_usart.o(i.uart_isr)
    .constdata                               0x08003d26   Section      290  kservice.o(.constdata)
    small_digits                             0x08003e26   Data          17  kservice.o(.constdata)
    large_digits                             0x08003e37   Data          17  kservice.o(.constdata)
    .constdata                               0x08003e48   Section     1240  drv_gpio.o(.constdata)
    pins                                     0x08003e48   Data        1152  drv_gpio.o(.constdata)
    pin_irq_map                              0x080042c8   Data          64  drv_gpio.o(.constdata)
    _stm32_pin_ops                           0x08004308   Data          24  drv_gpio.o(.constdata)
    .constdata                               0x08004320   Section       28  drv_usart.o(.constdata)
    stm32_uart_ops                           0x08004320   Data          20  drv_usart.o(.constdata)
    .constdata                               0x0800433c   Section       24  system_stm32f0xx.o(.constdata)
    .conststring                             0x08004354   Section        6  drv_usart.o(.conststring)
    .rti_fn.0                                0x0800435c   Section        4  components.o(.rti_fn.0)
    __tagsym$$used                           0x0800435c   Number         0  components.o(.rti_fn.0)
    .rti_fn.0.end                            0x08004360   Section        4  components.o(.rti_fn.0.end)
    __tagsym$$used                           0x08004360   Number         0  components.o(.rti_fn.0.end)
    .rti_fn.1.end                            0x08004364   Section        4  components.o(.rti_fn.1.end)
    __tagsym$$used                           0x08004364   Number         0  components.o(.rti_fn.1.end)
    .rti_fn.6.end                            0x08004368   Section        4  components.o(.rti_fn.6.end)
    __tagsym$$used                           0x08004368   Number         0  components.o(.rti_fn.6.end)
    .data                                    0x20000000   Section        4  clock.o(.data)
    rt_tick                                  0x20000000   Data           4  clock.o(.data)
    .data                                    0x20000004   Section        1  irq.o(.data)
    .data                                    0x20000008   Section       24  mem.o(.data)
    heap_ptr                                 0x20000008   Data           4  mem.o(.data)
    heap_end                                 0x2000000c   Data           4  mem.o(.data)
    lfree                                    0x20000010   Data           4  mem.o(.data)
    mem_size_aligned                         0x20000014   Data           4  mem.o(.data)
    used_mem                                 0x20000018   Data           4  mem.o(.data)
    max_mem                                  0x2000001c   Data           4  mem.o(.data)
    .data                                    0x20000020   Section       80  object.o(.data)
    rt_object_container                      0x20000020   Data          80  object.o(.data)
    .data                                    0x20000070   Section       24  scheduler.o(.data)
    rt_scheduler_lock_nest                   0x20000070   Data           2  scheduler.o(.data)
    .data                                    0x20000088   Section       12  timer.o(.data)
    rt_timer_list                            0x20000088   Data           8  timer.o(.data)
    random_nr                                0x20000090   Data           4  timer.o(.data)
    .data                                    0x20000094   Section      196  drv_gpio.o(.data)
    pin_irq_hdr_tab                          0x20000094   Data         192  drv_gpio.o(.data)
    pin_irq_enable_mask                      0x20000154   Data           4  drv_gpio.o(.data)
    .data                                    0x20000158   Section       16  drv_usart.o(.data)
    uart_config                              0x20000158   Data          16  drv_usart.o(.data)
    .data                                    0x20000168   Section       12  cpuport.o(.data)
    .data                                    0x20000174   Section        4  system_stm32f0xx.o(.data)
    .data                                    0x20000178   Section        4  stm32f0xx_hal.o(.data)
    .bss                                     0x2000017c   Section      168  idle.o(.bss)
    idle                                     0x2000017c   Data         120  idle.o(.bss)
    rt_thread_stack                          0x200001f4   Data          32  idle.o(.bss)
    idle_hook_list                           0x20000214   Data          16  idle.o(.bss)
    .bss                                     0x20000224   Section       32  mem.o(.bss)
    heap_sem                                 0x20000224   Data          32  mem.o(.bss)
    .bss                                     0x20000244   Section       64  scheduler.o(.bss)
    .bss                                     0x20000284   Section      204  drv_usart.o(.bss)
    uart_obj                                 0x20000284   Data         204  drv_usart.o(.bss)
    .bss                                     0x20000350   Section       68  pin.o(.bss)
    _hw_pin                                  0x20000350   Data          68  pin.o(.bss)
    .bss                                     0x20000394   Section       96  libspace.o(.bss)
    HEAP                                     0x200003f8   Section      512  startup_stm32f091xc.o(HEAP)
    Heap_Mem                                 0x200003f8   Data         512  startup_stm32f091xc.o(HEAP)
    STACK                                    0x200005f8   Section     1024  startup_stm32f091xc.o(STACK)
    Stack_Mem                                0x200005f8   Data        1024  startup_stm32f091xc.o(STACK)
    __initial_sp                             0x200009f8   Data           0  startup_stm32f091xc.o(STACK)

    Global Symbols

    Symbol Name                              Value     Ov Type        Size  Object(Section)

    BuildAttributes$$THM_ISAv3M$S$PE$A:L22$X:L11$S22$IEEE1$IW$USESV6$~STKCKD$USESV7$~SHL$OSPACE$ROPI$EBA8$UX$STANDARDLIB$REQ8$PRES8$EABIv2 0x00000000   Number         0  anon$$obj.o ABSOLUTE
    __ARM_use_no_argv                        0x00000000   Number         0  main.o ABSOLUTE
    __ARM_exceptions_init                     - Undefined Weak Reference
    __alloca_initialize                       - Undefined Weak Reference
    __arm_preinit_                            - Undefined Weak Reference
    __cpp_initialize__aeabi_                  - Undefined Weak Reference
    __cxa_finalize                            - Undefined Weak Reference
    __rt_locale                               - Undefined Weak Reference
    __sigvec_lookup                           - Undefined Weak Reference
    _atexit_init                              - Undefined Weak Reference
    _call_atexit_fns                          - Undefined Weak Reference
    _clock_init                               - Undefined Weak Reference
    _fp_trap_init                             - Undefined Weak Reference
    _fp_trap_shutdown                         - Undefined Weak Reference
    _get_lc_collate                           - Undefined Weak Reference
    _get_lc_ctype                             - Undefined Weak Reference
    _get_lc_monetary                          - Undefined Weak Reference
    _get_lc_numeric                           - Undefined Weak Reference
    _get_lc_time                              - Undefined Weak Reference
    _getenv_init                              - Undefined Weak Reference
    _handle_redirection                       - Undefined Weak Reference
    _init_alloc                               - Undefined Weak Reference
    _init_user_alloc                          - Undefined Weak Reference
    _initio                                   - Undefined Weak Reference
    _rand_init                                - Undefined Weak Reference
    _signal_finish                            - Undefined Weak Reference
    _signal_init                              - Undefined Weak Reference
    _terminate_alloc                          - Undefined Weak Reference
    _terminate_user_alloc                     - Undefined Weak Reference
    _terminateio                              - Undefined Weak Reference
    __Vectors_Size                           0x000000bc   Number         0  startup_stm32f091xc.o ABSOLUTE
    __Vectors                                0x08000000   Data           4  startup_stm32f091xc.o(RESET)
    __Vectors_End                            0x080000bc   Data           0  startup_stm32f091xc.o(RESET)
    __main                                   0x080000bd   Thumb Code     8  __main.o(!!!main)
    __scatterload                            0x080000c5   Thumb Code     0  __scatter.o(!!!scatter)
    __scatterload_rt2                        0x080000c5   Thumb Code    52  __scatter.o(!!!scatter)
    __scatterload_rt2_thumb_only             0x080000c5   Thumb Code     0  __scatter.o(!!!scatter)
    __scatterload_null                       0x080000d5   Thumb Code     0  __scatter.o(!!!scatter)
    __scatterload_zeroinit                   0x08000101   Thumb Code    28  __scatter_zi.o(!!handler_zi)
    __rt_lib_init                            0x0800011d   Thumb Code     0  libinit.o(.ARM.Collect$$libinit$$00000000)
    __rt_lib_init_alloca_1                   0x0800011f   Thumb Code     0  libinit2.o(.ARM.Collect$$libinit$$0000002E)
    __rt_lib_init_argv_1                     0x0800011f   Thumb Code     0  libinit2.o(.ARM.Collect$$libinit$$0000002C)
    __rt_lib_init_atexit_1                   0x0800011f   Thumb Code     0  libinit2.o(.ARM.Collect$$libinit$$0000001B)
    __rt_lib_init_clock_1                    0x0800011f   Thumb Code     0  libinit2.o(.ARM.Collect$$libinit$$00000021)
    __rt_lib_init_cpp_1                      0x0800011f   Thumb Code     0  libinit2.o(.ARM.Collect$$libinit$$00000032)
    __rt_lib_init_exceptions_1               0x0800011f   Thumb Code     0  libinit2.o(.ARM.Collect$$libinit$$00000030)
    __rt_lib_init_fp_1                       0x0800011f   Thumb Code     0  libinit2.o(.ARM.Collect$$libinit$$00000002)
    __rt_lib_init_fp_trap_1                  0x0800011f   Thumb Code     0  libinit2.o(.ARM.Collect$$libinit$$0000001F)
    __rt_lib_init_getenv_1                   0x0800011f   Thumb Code     0  libinit2.o(.ARM.Collect$$libinit$$00000023)
    __rt_lib_init_heap_1                     0x0800011f   Thumb Code     0  libinit2.o(.ARM.Collect$$libinit$$0000000A)
    __rt_lib_init_lc_collate_1               0x0800011f   Thumb Code     0  libinit2.o(.ARM.Collect$$libinit$$00000011)
    __rt_lib_init_lc_ctype_1                 0x0800011f   Thumb Code     0  libinit2.o(.ARM.Collect$$libinit$$00000013)
    __rt_lib_init_lc_monetary_1              0x0800011f   Thumb Code     0  libinit2.o(.ARM.Collect$$libinit$$00000015)
    __rt_lib_init_lc_numeric_1               0x0800011f   Thumb Code     0  libinit2.o(.ARM.Collect$$libinit$$00000017)
    __rt_lib_init_lc_time_1                  0x0800011f   Thumb Code     0  libinit2.o(.ARM.Collect$$libinit$$00000019)
    __rt_lib_init_preinit_1                  0x0800011f   Thumb Code     0  libinit2.o(.ARM.Collect$$libinit$$00000004)
    __rt_lib_init_rand_1                     0x0800011f   Thumb Code     0  libinit2.o(.ARM.Collect$$libinit$$0000000E)
    __rt_lib_init_return                     0x0800011f   Thumb Code     0  libinit2.o(.ARM.Collect$$libinit$$00000033)
    __rt_lib_init_signal_1                   0x0800011f   Thumb Code     0  libinit2.o(.ARM.Collect$$libinit$$0000001D)
    __rt_lib_init_stdio_1                    0x0800011f   Thumb Code     0  libinit2.o(.ARM.Collect$$libinit$$00000025)
    __rt_lib_init_user_alloc_1               0x0800011f   Thumb Code     0  libinit2.o(.ARM.Collect$$libinit$$0000000C)
    __rt_lib_shutdown                        0x08000121   Thumb Code     0  libshutdown.o(.ARM.Collect$$libshutdown$$00000000)
    __rt_lib_shutdown_cpp_1                  0x08000123   Thumb Code     0  libshutdown2.o(.ARM.Collect$$libshutdown$$00000002)
    __rt_lib_shutdown_fp_trap_1              0x08000123   Thumb Code     0  libshutdown2.o(.ARM.Collect$$libshutdown$$00000007)
    __rt_lib_shutdown_heap_1                 0x08000123   Thumb Code     0  libshutdown2.o(.ARM.Collect$$libshutdown$$0000000F)
    __rt_lib_shutdown_return                 0x08000123   Thumb Code     0  libshutdown2.o(.ARM.Collect$$libshutdown$$00000010)
    __rt_lib_shutdown_signal_1               0x08000123   Thumb Code     0  libshutdown2.o(.ARM.Collect$$libshutdown$$0000000A)
    __rt_lib_shutdown_stdio_1                0x08000123   Thumb Code     0  libshutdown2.o(.ARM.Collect$$libshutdown$$00000004)
    __rt_lib_shutdown_user_alloc_1           0x08000123   Thumb Code     0  libshutdown2.o(.ARM.Collect$$libshutdown$$0000000C)
    __rt_entry                               0x08000125   Thumb Code     0  __rtentry.o(.ARM.Collect$$rtentry$$00000000)
    __rt_entry_presh_1                       0x08000125   Thumb Code     0  __rtentry2.o(.ARM.Collect$$rtentry$$00000002)
    __rt_entry_sh                            0x08000125   Thumb Code     0  __rtentry4.o(.ARM.Collect$$rtentry$$00000004)
    __rt_entry_li                            0x0800012b   Thumb Code     0  __rtentry2.o(.ARM.Collect$$rtentry$$0000000A)
    __rt_entry_postsh_1                      0x0800012b   Thumb Code     0  __rtentry2.o(.ARM.Collect$$rtentry$$00000009)
    __rt_entry_main                          0x0800012f   Thumb Code     0  __rtentry2.o(.ARM.Collect$$rtentry$$0000000D)
    __rt_entry_postli_1                      0x0800012f   Thumb Code     0  __rtentry2.o(.ARM.Collect$$rtentry$$0000000C)
    __rt_exit                                0x08000137   Thumb Code     0  rtexit.o(.ARM.Collect$$rtexit$$00000000)
    __rt_exit_ls                             0x08000139   Thumb Code     0  rtexit2.o(.ARM.Collect$$rtexit$$00000003)
    __rt_exit_prels_1                        0x08000139   Thumb Code     0  rtexit2.o(.ARM.Collect$$rtexit$$00000002)
    __rt_exit_exit                           0x0800013d   Thumb Code     0  rtexit2.o(.ARM.Collect$$rtexit$$00000004)
    Reset_Handler                            0x08000145   Thumb Code     8  startup_stm32f091xc.o(.text)
    NMI_Handler                              0x0800014d   Thumb Code     2  startup_stm32f091xc.o(.text)
    SVC_Handler                              0x08000151   Thumb Code     2  startup_stm32f091xc.o(.text)
    ADC1_COMP_IRQHandler                     0x08000157   Thumb Code     0  startup_stm32f091xc.o(.text)
    CEC_CAN_IRQHandler                       0x08000157   Thumb Code     0  startup_stm32f091xc.o(.text)
    DMA1_Ch1_IRQHandler                      0x08000157   Thumb Code     0  startup_stm32f091xc.o(.text)
    DMA1_Ch2_3_DMA2_Ch1_2_IRQHandler         0x08000157   Thumb Code     0  startup_stm32f091xc.o(.text)
    DMA1_Ch4_7_DMA2_Ch3_5_IRQHandler         0x08000157   Thumb Code     0  startup_stm32f091xc.o(.text)
    FLASH_IRQHandler                         0x08000157   Thumb Code     0  startup_stm32f091xc.o(.text)
    I2C1_IRQHandler                          0x08000157   Thumb Code     0  startup_stm32f091xc.o(.text)
    I2C2_IRQHandler                          0x08000157   Thumb Code     0  startup_stm32f091xc.o(.text)
    PVD_VDDIO2_IRQHandler                    0x08000157   Thumb Code     0  startup_stm32f091xc.o(.text)
    RCC_CRS_IRQHandler                       0x08000157   Thumb Code     0  startup_stm32f091xc.o(.text)
    RTC_IRQHandler                           0x08000157   Thumb Code     0  startup_stm32f091xc.o(.text)
    SPI1_IRQHandler                          0x08000157   Thumb Code     0  startup_stm32f091xc.o(.text)
    SPI2_IRQHandler                          0x08000157   Thumb Code     0  startup_stm32f091xc.o(.text)
    TIM14_IRQHandler                         0x08000157   Thumb Code     0  startup_stm32f091xc.o(.text)
    TIM15_IRQHandler                         0x08000157   Thumb Code     0  startup_stm32f091xc.o(.text)
    TIM16_IRQHandler                         0x08000157   Thumb Code     0  startup_stm32f091xc.o(.text)
    TIM17_IRQHandler                         0x08000157   Thumb Code     0  startup_stm32f091xc.o(.text)
    TIM1_BRK_UP_TRG_COM_IRQHandler           0x08000157   Thumb Code     0  startup_stm32f091xc.o(.text)
    TIM1_CC_IRQHandler                       0x08000157   Thumb Code     0  startup_stm32f091xc.o(.text)
    TIM2_IRQHandler                          0x08000157   Thumb Code     0  startup_stm32f091xc.o(.text)
    TIM3_IRQHandler                          0x08000157   Thumb Code     0  startup_stm32f091xc.o(.text)
    TIM6_DAC_IRQHandler                      0x08000157   Thumb Code     0  startup_stm32f091xc.o(.text)
    TIM7_IRQHandler                          0x08000157   Thumb Code     0  startup_stm32f091xc.o(.text)
    TSC_IRQHandler                           0x08000157   Thumb Code     0  startup_stm32f091xc.o(.text)
    USART2_IRQHandler                        0x08000157   Thumb Code     0  startup_stm32f091xc.o(.text)
    USART3_8_IRQHandler                      0x08000157   Thumb Code     0  startup_stm32f091xc.o(.text)
    WWDG_IRQHandler                          0x08000157   Thumb Code     0  startup_stm32f091xc.o(.text)
    __user_initial_stackheap                 0x08000159   Thumb Code     0  startup_stm32f091xc.o(.text)
    rt_hw_interrupt_disable                  0x0800017d   Thumb Code     8  context_rvds.o(.text)
    rt_hw_interrupt_enable                   0x08000185   Thumb Code     6  context_rvds.o(.text)
    rt_hw_context_switch                     0x0800018b   Thumb Code    28  context_rvds.o(.text)
    rt_hw_context_switch_interrupt           0x0800018b   Thumb Code     0  context_rvds.o(.text)
    PendSV_Handler                           0x080001a7   Thumb Code    84  context_rvds.o(.text)
    rt_hw_context_switch_to                  0x080001fb   Thumb Code    44  context_rvds.o(.text)
    rt_hw_interrupt_thread_switch            0x08000227   Thumb Code     2  context_rvds.o(.text)
    HardFault_Handler                        0x08000229   Thumb Code    12  context_rvds.o(.text)
    _memset_w                                0x08000255   Thumb Code    26  rt_memclr.o(.text)
    _memset                                  0x0800026f   Thumb Code    30  rt_memclr.o(.text)
    __aeabi_memclr                           0x0800028d   Thumb Code     4  rt_memclr.o(.text)
    __rt_memclr                              0x0800028d   Thumb Code     0  rt_memclr.o(.text)
    __aeabi_memclr4                          0x08000291   Thumb Code     0  rt_memclr.o(.text)
    __aeabi_memclr8                          0x08000291   Thumb Code     0  rt_memclr.o(.text)
    __rt_memclr_w                            0x08000291   Thumb Code     4  rt_memclr.o(.text)
    __aeabi_uidiv                            0x08000295   Thumb Code     0  aeabi_sdiv.o(.text)
    __aeabi_uidivmod                         0x08000295   Thumb Code    20  aeabi_sdiv.o(.text)
    __aeabi_idiv                             0x080002a9   Thumb Code     0  aeabi_sdiv.o(.text)
    __aeabi_idivmod                          0x080002a9   Thumb Code   326  aeabi_sdiv.o(.text)
    __use_two_region_memory                  0x080003ef   Thumb Code     2  heapauxi.o(.text)
    __rt_heap_escrow$2region                 0x080003f1   Thumb Code     2  heapauxi.o(.text)
    __rt_heap_expand$2region                 0x080003f3   Thumb Code     2  heapauxi.o(.text)
    __user_setup_stackheap                   0x080003f5   Thumb Code    62  sys_stackheap_outer.o(.text)
    exit                                     0x08000433   Thumb Code    16  exit.o(.text)
    __user_libspace                          0x08000445   Thumb Code     8  libspace.o(.text)
    __user_perproc_libspace                  0x08000445   Thumb Code     0  libspace.o(.text)
    __user_perthread_libspace                0x08000445   Thumb Code     0  libspace.o(.text)
    _sys_exit                                0x0800044d   Thumb Code     8  sys_exit.o(.text)
    __I$use$semihosting                      0x08000459   Thumb Code     0  use_no_semi.o(.text)
    __use_no_semihosting_swi                 0x08000459   Thumb Code     2  use_no_semi.o(.text)
    __decompress                             0x0800045b   Thumb Code     0  __dczerorl2.o(.text)
    __decompress1                            0x0800045b   Thumb Code    86  __dczerorl2.o(.text)
    __semihosting_library_function           0x0800045b   Thumb Code     0  indicate_semi.o(.text)
    main                                     0x080004b1   Thumb Code    10  components.o(i.$Sub$$main)
    EXTI0_1_IRQHandler                       0x080004bb   Thumb Code    24  drv_gpio.o(i.EXTI0_1_IRQHandler)
    EXTI2_3_IRQHandler                       0x080004d3   Thumb Code    24  drv_gpio.o(i.EXTI2_3_IRQHandler)
    EXTI4_15_IRQHandler                      0x080004eb   Thumb Code    92  drv_gpio.o(i.EXTI4_15_IRQHandler)
    HAL_GPIO_DeInit                          0x08000549   Thumb Code   254  stm32f0xx_hal_gpio.o(i.HAL_GPIO_DeInit)
    HAL_GPIO_EXTI_Callback                   0x08000661   Thumb Code    50  drv_gpio.o(i.HAL_GPIO_EXTI_Callback)
    HAL_GPIO_EXTI_IRQHandler                 0x08000699   Thumb Code    26  stm32f0xx_hal_gpio.o(i.HAL_GPIO_EXTI_IRQHandler)
    HAL_GPIO_Init                            0x080006b9   Thumb Code   480  stm32f0xx_hal_gpio.o(i.HAL_GPIO_Init)
    HAL_GPIO_ReadPin                         0x080008b5   Thumb Code    18  stm32f0xx_hal_gpio.o(i.HAL_GPIO_ReadPin)
    HAL_GPIO_WritePin                        0x080008c7   Thumb Code    12  stm32f0xx_hal_gpio.o(i.HAL_GPIO_WritePin)
    HAL_GetTick                              0x080008d3   Thumb Code    20  drv_common.o(i.HAL_GetTick)
    HAL_IncTick                              0x080008e9   Thumb Code    12  stm32f0xx_hal.o(i.HAL_IncTick)
    HAL_Init                                 0x080008f9   Thumb Code    28  stm32f0xx_hal.o(i.HAL_Init)
    HAL_InitTick                             0x08000919   Thumb Code     6  drv_common.o(i.HAL_InitTick)
    HAL_MspInit                              0x08000921   Thumb Code    60  stm32f0xx_hal_msp.o(i.HAL_MspInit)
    HAL_NVIC_DisableIRQ                      0x08000961   Thumb Code    18  stm32f0xx_hal_cortex.o(i.HAL_NVIC_DisableIRQ)
    HAL_NVIC_EnableIRQ                       0x08000979   Thumb Code    18  stm32f0xx_hal_cortex.o(i.HAL_NVIC_EnableIRQ)
    HAL_NVIC_SetPriority                     0x08000991   Thumb Code    18  stm32f0xx_hal_cortex.o(i.HAL_NVIC_SetPriority)
    HAL_RCCEx_PeriphCLKConfig                0x080009a5   Thumb Code   408  stm32f0xx_hal_rcc_ex.o(i.HAL_RCCEx_PeriphCLKConfig)
    HAL_RCC_ClockConfig                      0x08000b49   Thumb Code   444  stm32f0xx_hal_rcc.o(i.HAL_RCC_ClockConfig)
    HAL_RCC_GetHCLKFreq                      0x08000d19   Thumb Code     6  stm32f0xx_hal_rcc.o(i.HAL_RCC_GetHCLKFreq)
    HAL_RCC_GetPCLK1Freq                     0x08000d25   Thumb Code    26  stm32f0xx_hal_rcc.o(i.HAL_RCC_GetPCLK1Freq)
    HAL_RCC_GetSysClockFreq                  0x08000d49   Thumb Code   194  stm32f0xx_hal_rcc.o(i.HAL_RCC_GetSysClockFreq)
    HAL_RCC_OscConfig                        0x08000e39   Thumb Code  1532  stm32f0xx_hal_rcc.o(i.HAL_RCC_OscConfig)
    HAL_SYSTICK_CLKSourceConfig              0x08001439   Thumb Code    32  stm32f0xx_hal_cortex.o(i.HAL_SYSTICK_CLKSourceConfig)
    HAL_SYSTICK_Config                       0x0800145d   Thumb Code    46  stm32f0xx_hal_cortex.o(i.HAL_SYSTICK_Config)
    HAL_UART_Init                            0x08001495   Thumb Code   130  stm32f0xx_hal_uart.o(i.HAL_UART_Init)
    HAL_UART_MspInit                         0x08001519   Thumb Code   116  stm32f0xx_hal_msp.o(i.HAL_UART_MspInit)
    SysTick_Handler                          0x0800160d   Thumb Code    20  drv_common.o(i.SysTick_Handler)
    SystemClock_Config                       0x08001621   Thumb Code   134  board.o(i.SystemClock_Config)
    SystemInit                               0x080016b9   Thumb Code   102  system_stm32f0xx.o(i.SystemInit)
    UART_AdvFeatureConfig                    0x08001731   Thumb Code   240  stm32f0xx_hal_uart.o(i.UART_AdvFeatureConfig)
    UART_CheckIdleState                      0x08001821   Thumb Code   136  stm32f0xx_hal_uart.o(i.UART_CheckIdleState)
    UART_SetConfig                           0x080018b9   Thumb Code   626  stm32f0xx_hal_uart.o(i.UART_SetConfig)
    UART_WaitOnFlagUntilTimeout              0x08001b61   Thumb Code   112  stm32f0xx_hal_uart.o(i.UART_WaitOnFlagUntilTimeout)
    USART1_IRQHandler                        0x08001bd1   Thumb Code    18  drv_usart.o(i.USART1_IRQHandler)
    _Error_Handler                           0x08001be9   Thumb Code     4  drv_common.o(i._Error_Handler)
    __rt_ffs                                 0x08001bed   Thumb Code    86  kservice.o(i.__rt_ffs)
    $Super$$main                             0x08001e79   Thumb Code    56  main.o(i.main)
    main_thread_entry                        0x08001eb1   Thumb Code    14  components.o(i.main_thread_entry)
    rt_application_init                      0x08001f3d   Thumb Code    32  components.o(i.rt_application_init)
    rt_completion_done                       0x08001f69   Thumb Code    74  completion.o(i.rt_completion_done)
    rt_completion_init                       0x08001fb3   Thumb Code    30  completion.o(i.rt_completion_init)
    rt_completion_wait                       0x08001fd1   Thumb Code   126  completion.o(i.rt_completion_wait)
    rt_components_board_init                 0x08002051   Thumb Code    20  components.o(i.rt_components_board_init)
    rt_components_init                       0x0800206d   Thumb Code    20  components.o(i.rt_components_init)
    rt_device_find                           0x08002089   Thumb Code    86  device.o(i.rt_device_find)
    rt_device_pin_register                   0x080020e1   Thumb Code    56  pin.o(i.rt_device_pin_register)
    rt_device_register                       0x08002129   Thumb Code    54  device.o(i.rt_device_register)
    rt_enter_critical                        0x08002161   Thumb Code    28  scheduler.o(i.rt_enter_critical)
    rt_exit_critical                         0x08002181   Thumb Code    64  scheduler.o(i.rt_exit_critical)
    rt_free                                  0x080021c9   Thumb Code   100  mem.o(i.rt_free)
    rt_hw_board_init                         0x08002241   Thumb Code    36  drv_common.o(i.rt_hw_board_init)
    rt_hw_hard_fault_exception               0x0800226d   Thumb Code     4  cpuport.o(i.rt_hw_hard_fault_exception)
    rt_hw_pin_init                           0x08002271   Thumb Code   196  drv_gpio.o(i.rt_hw_pin_init)
    rt_hw_serial_isr                         0x08002341   Thumb Code   204  serial.o(i.rt_hw_serial_isr)
    rt_hw_serial_register                    0x0800240d   Thumb Code    64  serial.o(i.rt_hw_serial_register)
    rt_hw_stack_init                         0x08002465   Thumb Code    58  cpuport.o(i.rt_hw_stack_init)
    rt_hw_systick_init                       0x080024a5   Thumb Code    40  drv_common.o(i.rt_hw_systick_init)
    rt_hw_usart_init                         0x080024cd   Thumb Code   116  drv_usart.o(i.rt_hw_usart_init)
    rt_interrupt_enter                       0x08002551   Thumb Code    26  irq.o(i.rt_interrupt_enter)
    rt_interrupt_leave                       0x08002571   Thumb Code    26  irq.o(i.rt_interrupt_leave)
    rt_malloc                                0x080026a1   Thumb Code   334  mem.o(i.rt_malloc)
    rt_memset                                0x0800280d   Thumb Code    76  kservice.o(i.rt_memset)
    rt_object_allocate                       0x08002859   Thumb Code    80  object.o(i.rt_object_allocate)
    rt_object_delete                         0x080028a9   Thumb Code    36  object.o(i.rt_object_delete)
    rt_object_detach                         0x080028cd   Thumb Code    30  object.o(i.rt_object_detach)
    rt_object_get_information                0x080028ed   Thumb Code    32  object.o(i.rt_object_get_information)
    rt_object_init                           0x08002911   Thumb Code    84  object.o(i.rt_object_init)
    rt_object_is_systemobject                0x08002965   Thumb Code    20  object.o(i.rt_object_is_systemobject)
    rt_pin_mode                              0x08002979   Thumb Code    22  pin.o(i.rt_pin_mode)
    rt_pin_write                             0x08002995   Thumb Code    22  pin.o(i.rt_pin_write)
    rt_schedule                              0x080029b1   Thumb Code   106  scheduler.o(i.rt_schedule)
    rt_schedule_insert_thread                0x08002a35   Thumb Code    74  scheduler.o(i.rt_schedule_insert_thread)
    rt_schedule_remove_thread                0x08002a89   Thumb Code    78  scheduler.o(i.rt_schedule_remove_thread)
    rt_sem_init                              0x08002ae1   Thumb Code    34  ipc.o(i.rt_sem_init)
    rt_sem_release                           0x08002b03   Thumb Code    60  ipc.o(i.rt_sem_release)
    rt_sem_take                              0x08002b3f   Thumb Code   120  ipc.o(i.rt_sem_take)
    rt_show_version                          0x08002f3d   Thumb Code     2  kservice.o(i.rt_show_version)
    rt_strncmp                               0x08002f3f   Thumb Code    42  kservice.o(i.rt_strncmp)
    rt_strncpy                               0x08002f69   Thumb Code    56  kservice.o(i.rt_strncpy)
    rt_system_heap_init                      0x08002fa1   Thumb Code   144  mem.o(i.rt_system_heap_init)
    rt_system_scheduler_init                 0x0800304d   Thumb Code    52  scheduler.o(i.rt_system_scheduler_init)
    rt_system_scheduler_start                0x08003099   Thumb Code    36  scheduler.o(i.rt_system_scheduler_start)
    rt_system_timer_init                     0x080030c9   Thumb Code    24  timer.o(i.rt_system_timer_init)
    rt_system_timer_thread_init              0x080030e5   Thumb Code     2  timer.o(i.rt_system_timer_thread_init)
    rt_thread_create                         0x080030e7   Thumb Code    80  thread.o(i.rt_thread_create)
    rt_thread_exit                           0x08003139   Thumb Code    78  thread.o(i.rt_thread_exit)
    rt_thread_idle_excute                    0x080031bd   Thumb Code   138  idle.o(i.rt_thread_idle_excute)
    rt_thread_idle_init                      0x0800324d   Thumb Code    36  idle.o(i.rt_thread_idle_init)
    rt_thread_init                           0x08003285   Thumb Code    44  thread.o(i.rt_thread_init)
    rt_thread_mdelay                         0x080032b1   Thumb Code    20  thread.o(i.rt_thread_mdelay)
    rt_thread_resume                         0x080032c5   Thumb Code    60  thread.o(i.rt_thread_resume)
    rt_thread_self                           0x08003301   Thumb Code     6  thread.o(i.rt_thread_self)
    rt_thread_sleep                          0x0800330d   Thumb Code    62  thread.o(i.rt_thread_sleep)
    rt_thread_startup                        0x08003351   Thumb Code    48  thread.o(i.rt_thread_startup)
    rt_thread_suspend                        0x08003381   Thumb Code    68  thread.o(i.rt_thread_suspend)
    rt_thread_timeout                        0x080033c5   Thumb Code    32  thread.o(i.rt_thread_timeout)
    rt_thread_yield                          0x080033e5   Thumb Code    92  thread.o(i.rt_thread_yield)
    rt_tick_from_millisecond                 0x08003449   Thumb Code    62  clock.o(i.rt_tick_from_millisecond)
    rt_tick_get                              0x08003489   Thumb Code     6  clock.o(i.rt_tick_get)
    rt_tick_increase                         0x08003495   Thumb Code    44  clock.o(i.rt_tick_increase)
    rt_timer_check                           0x080034c5   Thumb Code   120  timer.o(i.rt_timer_check)
    rt_timer_control                         0x08003545   Thumb Code    60  timer.o(i.rt_timer_control)
    rt_timer_detach                          0x08003581   Thumb Code    32  timer.o(i.rt_timer_detach)
    rt_timer_init                            0x080035a1   Thumb Code    38  timer.o(i.rt_timer_init)
    rt_timer_start                           0x080035c9   Thumb Code   250  timer.o(i.rt_timer_start)
    rt_timer_stop                            0x080036d1   Thumb Code    48  timer.o(i.rt_timer_stop)
    rtthread_startup                         0x08003711   Thumb Code    42  components.o(i.rtthread_startup)
    __lowest_bit_bitmap                      0x08003d26   Data         256  kservice.o(.constdata)
    AHBPrescTable                            0x0800433c   Data          16  system_stm32f0xx.o(.constdata)
    APBPrescTable                            0x0800434c   Data           8  system_stm32f0xx.o(.constdata)
    __rt_init_rti_start                      0x0800435c   Data           4  components.o(.rti_fn.0)
    __rt_init_rti_board_start                0x08004360   Data           4  components.o(.rti_fn.0.end)
    __rt_init_rti_board_end                  0x08004364   Data           4  components.o(.rti_fn.1.end)
    __rt_init_rti_end                        0x08004368   Data           4  components.o(.rti_fn.6.end)
    Region$$Table$$Base                      0x0800436c   Number         0  anon$$obj.o(Region$$Table)
    Region$$Table$$Limit                     0x0800438c   Number         0  anon$$obj.o(Region$$Table)
    rt_interrupt_nest                        0x20000004   Data           1  irq.o(.data)
    rt_current_thread                        0x20000074   Data           4  scheduler.o(.data)
    rt_current_priority                      0x20000078   Data           1  scheduler.o(.data)
    rt_thread_ready_priority_group           0x2000007c   Data           4  scheduler.o(.data)
    rt_thread_defunct                        0x20000080   Data           8  scheduler.o(.data)
    rt_interrupt_from_thread                 0x20000168   Data           4  cpuport.o(.data)
    rt_interrupt_to_thread                   0x2000016c   Data           4  cpuport.o(.data)
    rt_thread_switch_interrupt_flag          0x20000170   Data           4  cpuport.o(.data)
    SystemCoreClock                          0x20000174   Data           4  system_stm32f0xx.o(.data)
    uwTick                                   0x20000178   Data           4  stm32f0xx_hal.o(.data)
    rt_thread_priority_table                 0x20000244   Data          64  scheduler.o(.bss)
    __libspace_start                         0x20000394   Data          96  libspace.o(.bss)
    __temporary_stack_top$libspace           0x200003f4   Data           0  libspace.o(.bss)
    Image$$RW_IRAM1$$ZI$$Limit               0x200009f8   Number         0  anon$$obj.o ABSOLUTE



==============================================================================

Memory Map of the image

  Image Entry point : 0x080000bd

  Load Region LR_IROM1 (Base: 0x08000000, Size: 0x00004508, Max: 0x00040000, ABSOLUTE, COMPRESSED[0x000043d4])

    Execution Region ER_IROM1 (Exec base: 0x08000000, Load base: 0x08000000, Size: 0x0000438c, Max: 0x00040000, ABSOLUTE)

    Exec Addr    Load Addr    Size         Type   Attr      Idx    E Section Name        Object

    0x08000000   0x08000000   0x000000bc   Data   RO         1292    RESET               startup_stm32f091xc.o
    0x080000bc   0x080000bc   0x00000008   Code   RO         3740  * !!!main             c_p.l(__main.o)
    0x080000c4   0x080000c4   0x0000003c   Code   RO         3911    !!!scatter          c_p.l(__scatter.o)
    0x08000100   0x08000100   0x0000001c   Code   RO         3913    !!handler_zi        c_p.l(__scatter_zi.o)
    0x0800011c   0x0800011c   0x00000002   Code   RO         3778    .ARM.Collect$$libinit$$00000000  c_p.l(libinit.o)
    0x0800011e   0x0800011e   0x00000000   Code   RO         3792    .ARM.Collect$$libinit$$00000002  c_p.l(libinit2.o)
    0x0800011e   0x0800011e   0x00000000   Code   RO         3794    .ARM.Collect$$libinit$$00000004  c_p.l(libinit2.o)
    0x0800011e   0x0800011e   0x00000000   Code   RO         3797    .ARM.Collect$$libinit$$0000000A  c_p.l(libinit2.o)
    0x0800011e   0x0800011e   0x00000000   Code   RO         3799    .ARM.Collect$$libinit$$0000000C  c_p.l(libinit2.o)
    0x0800011e   0x0800011e   0x00000000   Code   RO         3801    .ARM.Collect$$libinit$$0000000E  c_p.l(libinit2.o)
    0x0800011e   0x0800011e   0x00000000   Code   RO         3804    .ARM.Collect$$libinit$$00000011  c_p.l(libinit2.o)
    0x0800011e   0x0800011e   0x00000000   Code   RO         3806    .ARM.Collect$$libinit$$00000013  c_p.l(libinit2.o)
    0x0800011e   0x0800011e   0x00000000   Code   RO         3808    .ARM.Collect$$libinit$$00000015  c_p.l(libinit2.o)
    0x0800011e   0x0800011e   0x00000000   Code   RO         3810    .ARM.Collect$$libinit$$00000017  c_p.l(libinit2.o)
    0x0800011e   0x0800011e   0x00000000   Code   RO         3812    .ARM.Collect$$libinit$$00000019  c_p.l(libinit2.o)
    0x0800011e   0x0800011e   0x00000000   Code   RO         3814    .ARM.Collect$$libinit$$0000001B  c_p.l(libinit2.o)
    0x0800011e   0x0800011e   0x00000000   Code   RO         3816    .ARM.Collect$$libinit$$0000001D  c_p.l(libinit2.o)
    0x0800011e   0x0800011e   0x00000000   Code   RO         3818    .ARM.Collect$$libinit$$0000001F  c_p.l(libinit2.o)
    0x0800011e   0x0800011e   0x00000000   Code   RO         3820    .ARM.Collect$$libinit$$00000021  c_p.l(libinit2.o)
    0x0800011e   0x0800011e   0x00000000   Code   RO         3822    .ARM.Collect$$libinit$$00000023  c_p.l(libinit2.o)
    0x0800011e   0x0800011e   0x00000000   Code   RO         3824    .ARM.Collect$$libinit$$00000025  c_p.l(libinit2.o)
    0x0800011e   0x0800011e   0x00000000   Code   RO         3828    .ARM.Collect$$libinit$$0000002C  c_p.l(libinit2.o)
    0x0800011e   0x0800011e   0x00000000   Code   RO         3830    .ARM.Collect$$libinit$$0000002E  c_p.l(libinit2.o)
    0x0800011e   0x0800011e   0x00000000   Code   RO         3832    .ARM.Collect$$libinit$$00000030  c_p.l(libinit2.o)
    0x0800011e   0x0800011e   0x00000000   Code   RO         3834    .ARM.Collect$$libinit$$00000032  c_p.l(libinit2.o)
    0x0800011e   0x0800011e   0x00000002   Code   RO         3835    .ARM.Collect$$libinit$$00000033  c_p.l(libinit2.o)
    0x08000120   0x08000120   0x00000002   Code   RO         3866    .ARM.Collect$$libshutdown$$00000000  c_p.l(libshutdown.o)
    0x08000122   0x08000122   0x00000000   Code   RO         3892    .ARM.Collect$$libshutdown$$00000002  c_p.l(libshutdown2.o)
    0x08000122   0x08000122   0x00000000   Code   RO         3894    .ARM.Collect$$libshutdown$$00000004  c_p.l(libshutdown2.o)
    0x08000122   0x08000122   0x00000000   Code   RO         3897    .ARM.Collect$$libshutdown$$00000007  c_p.l(libshutdown2.o)
    0x08000122   0x08000122   0x00000000   Code   RO         3900    .ARM.Collect$$libshutdown$$0000000A  c_p.l(libshutdown2.o)
    0x08000122   0x08000122   0x00000000   Code   RO         3902    .ARM.Collect$$libshutdown$$0000000C  c_p.l(libshutdown2.o)
    0x08000122   0x08000122   0x00000000   Code   RO         3905    .ARM.Collect$$libshutdown$$0000000F  c_p.l(libshutdown2.o)
    0x08000122   0x08000122   0x00000002   Code   RO         3906    .ARM.Collect$$libshutdown$$00000010  c_p.l(libshutdown2.o)
    0x08000124   0x08000124   0x00000000   Code   RO         3742    .ARM.Collect$$rtentry$$00000000  c_p.l(__rtentry.o)
    0x08000124   0x08000124   0x00000000   Code   RO         3748    .ARM.Collect$$rtentry$$00000002  c_p.l(__rtentry2.o)
    0x08000124   0x08000124   0x00000006   Code   RO         3760    .ARM.Collect$$rtentry$$00000004  c_p.l(__rtentry4.o)
    0x0800012a   0x0800012a   0x00000000   Code   RO         3750    .ARM.Collect$$rtentry$$00000009  c_p.l(__rtentry2.o)
    0x0800012a   0x0800012a   0x00000004   Code   RO         3751    .ARM.Collect$$rtentry$$0000000A  c_p.l(__rtentry2.o)
    0x0800012e   0x0800012e   0x00000000   Code   RO         3753    .ARM.Collect$$rtentry$$0000000C  c_p.l(__rtentry2.o)
    0x0800012e   0x0800012e   0x00000008   Code   RO         3754    .ARM.Collect$$rtentry$$0000000D  c_p.l(__rtentry2.o)
    0x08000136   0x08000136   0x00000002   Code   RO         3783    .ARM.Collect$$rtexit$$00000000  c_p.l(rtexit.o)
    0x08000138   0x08000138   0x00000000   Code   RO         3839    .ARM.Collect$$rtexit$$00000002  c_p.l(rtexit2.o)
    0x08000138   0x08000138   0x00000004   Code   RO         3840    .ARM.Collect$$rtexit$$00000003  c_p.l(rtexit2.o)
    0x0800013c   0x0800013c   0x00000006   Code   RO         3841    .ARM.Collect$$rtexit$$00000004  c_p.l(rtexit2.o)
    0x08000142   0x08000142   0x00000002   PAD
    0x08000144   0x08000144   0x00000038   Code   RO         1293    .text               startup_stm32f091xc.o
    0x0800017c   0x0800017c   0x000000d8   Code   RO         1583    .text               context_rvds.o
    0x08000254   0x08000254   0x00000040   Code   RO         3732    .text               c_p.l(rt_memclr.o)
    0x08000294   0x08000294   0x0000015a   Code   RO         3734    .text               c_p.l(aeabi_sdiv.o)
    0x080003ee   0x080003ee   0x00000006   Code   RO         3738    .text               c_p.l(heapauxi.o)
    0x080003f4   0x080003f4   0x0000003e   Code   RO         3764    .text               c_p.l(sys_stackheap_outer.o)
    0x08000432   0x08000432   0x00000010   Code   RO         3767    .text               c_p.l(exit.o)
    0x08000442   0x08000442   0x00000002   PAD
    0x08000444   0x08000444   0x00000008   Code   RO         3779    .text               c_p.l(libspace.o)
    0x0800044c   0x0800044c   0x0000000c   Code   RO         3836    .text               c_p.l(sys_exit.o)
    0x08000458   0x08000458   0x00000002   Code   RO         3855    .text               c_p.l(use_no_semi.o)
    0x0800045a   0x0800045a   0x00000000   Code   RO         3857    .text               c_p.l(indicate_semi.o)
    0x0800045a   0x0800045a   0x00000056   Code   RO         3909    .text               c_p.l(__dczerorl2.o)
    0x080004b0   0x080004b0   0x0000000a   Code   RO           98    i.$Sub$$main        components.o
    0x080004ba   0x080004ba   0x00000018   Code   RO         1299    i.EXTI0_1_IRQHandler  drv_gpio.o
    0x080004d2   0x080004d2   0x00000018   Code   RO         1300    i.EXTI2_3_IRQHandler  drv_gpio.o
    0x080004ea   0x080004ea   0x0000005c   Code   RO         1301    i.EXTI4_15_IRQHandler  drv_gpio.o
    0x08000546   0x08000546   0x00000002   PAD
    0x08000548   0x08000548   0x00000118   Code   RO         2996    i.HAL_GPIO_DeInit   stm32f0xx_hal_gpio.o
    0x08000660   0x08000660   0x00000038   Code   RO         1302    i.HAL_GPIO_EXTI_Callback  drv_gpio.o
    0x08000698   0x08000698   0x00000020   Code   RO         2998    i.HAL_GPIO_EXTI_IRQHandler  stm32f0xx_hal_gpio.o
    0x080006b8   0x080006b8   0x000001fc   Code   RO         2999    i.HAL_GPIO_Init     stm32f0xx_hal_gpio.o
    0x080008b4   0x080008b4   0x00000012   Code   RO         3001    i.HAL_GPIO_ReadPin  stm32f0xx_hal_gpio.o
    0x080008c6   0x080008c6   0x0000000c   Code   RO         3003    i.HAL_GPIO_WritePin  stm32f0xx_hal_gpio.o
    0x080008d2   0x080008d2   0x00000014   Code   RO         1484    i.HAL_GetTick       drv_common.o
    0x080008e6   0x080008e6   0x00000002   PAD
    0x080008e8   0x080008e8   0x00000010   Code   RO         2750    i.HAL_IncTick       stm32f0xx_hal.o
    0x080008f8   0x080008f8   0x00000020   Code   RO         2751    i.HAL_Init          stm32f0xx_hal.o
    0x08000918   0x08000918   0x00000006   Code   RO         1485    i.HAL_InitTick      drv_common.o
    0x0800091e   0x0800091e   0x00000002   PAD
    0x08000920   0x08000920   0x00000040   Code   RO         1235    i.HAL_MspInit       stm32f0xx_hal_msp.o
    0x08000960   0x08000960   0x00000018   Code   RO         2366    i.HAL_NVIC_DisableIRQ  stm32f0xx_hal_cortex.o
    0x08000978   0x08000978   0x00000018   Code   RO         2367    i.HAL_NVIC_EnableIRQ  stm32f0xx_hal_cortex.o
    0x08000990   0x08000990   0x00000012   Code   RO         2371    i.HAL_NVIC_SetPriority  stm32f0xx_hal_cortex.o
    0x080009a2   0x080009a2   0x00000002   PAD
    0x080009a4   0x080009a4   0x000001a4   Code   RO         2662    i.HAL_RCCEx_PeriphCLKConfig  stm32f0xx_hal_rcc_ex.o
    0x08000b48   0x08000b48   0x000001d0   Code   RO         2560    i.HAL_RCC_ClockConfig  stm32f0xx_hal_rcc.o
    0x08000d18   0x08000d18   0x0000000c   Code   RO         2565    i.HAL_RCC_GetHCLKFreq  stm32f0xx_hal_rcc.o
    0x08000d24   0x08000d24   0x00000024   Code   RO         2567    i.HAL_RCC_GetPCLK1Freq  stm32f0xx_hal_rcc.o
    0x08000d48   0x08000d48   0x000000f0   Code   RO         2568    i.HAL_RCC_GetSysClockFreq  stm32f0xx_hal_rcc.o
    0x08000e38   0x08000e38   0x00000600   Code   RO         2571    i.HAL_RCC_OscConfig  stm32f0xx_hal_rcc.o
    0x08001438   0x08001438   0x00000024   Code   RO         2373    i.HAL_SYSTICK_CLKSourceConfig  stm32f0xx_hal_cortex.o
    0x0800145c   0x0800145c   0x00000038   Code   RO         2375    i.HAL_SYSTICK_Config  stm32f0xx_hal_cortex.o
    0x08001494   0x08001494   0x00000082   Code   RO         3082    i.HAL_UART_Init     stm32f0xx_hal_uart.o
    0x08001516   0x08001516   0x00000002   PAD
    0x08001518   0x08001518   0x0000007c   Code   RO         1237    i.HAL_UART_MspInit  stm32f0xx_hal_msp.o
    0x08001594   0x08001594   0x00000078   Code   RO         2377    i.NVIC_SetPriority  stm32f0xx_hal_cortex.o
    0x0800160c   0x0800160c   0x00000014   Code   RO         1488    i.SysTick_Handler   drv_common.o
    0x08001620   0x08001620   0x00000098   Code   RO         1215    i.SystemClock_Config  board.o
    0x080016b8   0x080016b8   0x00000078   Code   RO         2235    i.SystemInit        system_stm32f0xx.o
    0x08001730   0x08001730   0x000000f0   Code   RO         3095    i.UART_AdvFeatureConfig  stm32f0xx_hal_uart.o
    0x08001820   0x08001820   0x00000098   Code   RO         3096    i.UART_CheckIdleState  stm32f0xx_hal_uart.o
    0x080018b8   0x080018b8   0x000002a8   Code   RO         3111    i.UART_SetConfig    stm32f0xx_hal_uart.o
    0x08001b60   0x08001b60   0x00000070   Code   RO         3113    i.UART_WaitOnFlagUntilTimeout  stm32f0xx_hal_uart.o
    0x08001bd0   0x08001bd0   0x00000018   Code   RO         1386    i.USART1_IRQHandler  drv_usart.o
    0x08001be8   0x08001be8   0x00000004   Code   RO         1489    i._Error_Handler    drv_common.o
    0x08001bec   0x08001bec   0x0000005c   Code   RO          470    i.__rt_ffs          kservice.o
    0x08001c48   0x08001c48   0x00000014   Code   RO          262    i._has_defunct_thread  idle.o
    0x08001c5c   0x08001c5c   0x00000022   Code   RO         1620    i._pin_control      pin.o
    0x08001c7e   0x08001c7e   0x0000002a   Code   RO         1621    i._pin_read         pin.o
    0x08001ca8   0x08001ca8   0x0000002a   Code   RO         1622    i._pin_write        pin.o
    0x08001cd2   0x08001cd2   0x00000002   PAD
    0x08001cd4   0x08001cd4   0x00000088   Code   RO          835    i._rt_thread_init   thread.o
    0x08001d5c   0x08001d5c   0x0000003c   Code   RO          956    i._rt_timer_init    timer.o
    0x08001d98   0x08001d98   0x0000002e   Code   RO          957    i._rt_timer_remove  timer.o
    0x08001dc6   0x08001dc6   0x0000006e   Code   RO         1685    i._serial_int_rx    serial.o
    0x08001e34   0x08001e34   0x0000001e   Code   RO         1303    i.bit2bitno         drv_gpio.o
    0x08001e52   0x08001e52   0x00000002   PAD
    0x08001e54   0x08001e54   0x00000024   Code   RO         1304    i.get_pin           drv_gpio.o
    0x08001e78   0x08001e78   0x00000038   Code   RO         1065    i.main              main.o
    0x08001eb0   0x08001eb0   0x0000000e   Code   RO           99    i.main_thread_entry  components.o
    0x08001ebe   0x08001ebe   0x00000002   PAD
    0x08001ec0   0x08001ec0   0x0000007c   Code   RO          628    i.plug_holes        mem.o
    0x08001f3c   0x08001f3c   0x0000002c   Code   RO          100    i.rt_application_init  components.o
    0x08001f68   0x08001f68   0x0000004a   Code   RO         1738    i.rt_completion_done  completion.o
    0x08001fb2   0x08001fb2   0x0000001e   Code   RO         1739    i.rt_completion_init  completion.o
    0x08001fd0   0x08001fd0   0x0000007e   Code   RO         1740    i.rt_completion_wait  completion.o
    0x0800204e   0x0800204e   0x00000002   PAD
    0x08002050   0x08002050   0x0000001c   Code   RO          101    i.rt_components_board_init  components.o
    0x0800206c   0x0800206c   0x0000001c   Code   RO          102    i.rt_components_init  components.o
    0x08002088   0x08002088   0x00000056   Code   RO          176    i.rt_device_find    device.o
    0x080020de   0x080020de   0x00000002   PAD
    0x080020e0   0x080020e0   0x00000048   Code   RO         1623    i.rt_device_pin_register  pin.o
    0x08002128   0x08002128   0x00000036   Code   RO          181    i.rt_device_register  device.o
    0x0800215e   0x0800215e   0x00000002   PAD
    0x08002160   0x08002160   0x00000020   Code   RO          754    i.rt_enter_critical  scheduler.o
    0x08002180   0x08002180   0x00000048   Code   RO          755    i.rt_exit_critical  scheduler.o
    0x080021c8   0x080021c8   0x00000078   Code   RO          630    i.rt_free           mem.o
    0x08002240   0x08002240   0x0000002c   Code   RO         1490    i.rt_hw_board_init  drv_common.o
    0x0800226c   0x0800226c   0x00000004   Code   RO         1556    i.rt_hw_hard_fault_exception  cpuport.o
    0x08002270   0x08002270   0x000000d0   Code   RO         1305    i.rt_hw_pin_init    drv_gpio.o
    0x08002340   0x08002340   0x000000cc   Code   RO         1686    i.rt_hw_serial_isr  serial.o
    0x0800240c   0x0800240c   0x00000058   Code   RO         1687    i.rt_hw_serial_register  serial.o
    0x08002464   0x08002464   0x00000040   Code   RO         1557    i.rt_hw_stack_init  cpuport.o
    0x080024a4   0x080024a4   0x00000028   Code   RO         1491    i.rt_hw_systick_init  drv_common.o
    0x080024cc   0x080024cc   0x00000084   Code   RO         1387    i.rt_hw_usart_init  drv_usart.o
    0x08002550   0x08002550   0x00000020   Code   RO          443    i.rt_interrupt_enter  irq.o
    0x08002570   0x08002570   0x00000020   Code   RO          445    i.rt_interrupt_leave  irq.o
    0x08002590   0x08002590   0x00000014   Code   RO          314    i.rt_ipc_list_resume  ipc.o
    0x080025a4   0x080025a4   0x00000062   Code   RO          316    i.rt_ipc_list_suspend  ipc.o
    0x08002606   0x08002606   0x00000010   Code   RO          317    i.rt_ipc_object_init  ipc.o
    0x08002616   0x08002616   0x00000006   Code   RO          756    i.rt_list_init      scheduler.o
    0x0800261c   0x0800261c   0x00000006   Code   RO          958    i.rt_list_init      timer.o
    0x08002622   0x08002622   0x0000000e   Code   RO          678    i.rt_list_insert_after  object.o
    0x08002630   0x08002630   0x0000000e   Code   RO          836    i.rt_list_insert_after  thread.o
    0x0800263e   0x0800263e   0x0000000e   Code   RO          959    i.rt_list_insert_after  timer.o
    0x0800264c   0x0800264c   0x0000000e   Code   RO          318    i.rt_list_insert_before  ipc.o
    0x0800265a   0x0800265a   0x00000010   Code   RO          319    i.rt_list_isempty   ipc.o
    0x0800266a   0x0800266a   0x00000010   Code   RO          960    i.rt_list_isempty   timer.o
    0x0800267a   0x0800267a   0x00000012   Code   RO          679    i.rt_list_remove    object.o
    0x0800268c   0x0800268c   0x00000012   Code   RO          837    i.rt_list_remove    thread.o
    0x0800269e   0x0800269e   0x00000002   PAD
    0x080026a0   0x080026a0   0x0000016c   Code   RO          631    i.rt_malloc         mem.o
    0x0800280c   0x0800280c   0x0000004c   Code   RO          479    i.rt_memset         kservice.o
    0x08002858   0x08002858   0x00000050   Code   RO          680    i.rt_object_allocate  object.o
    0x080028a8   0x080028a8   0x00000024   Code   RO          681    i.rt_object_delete  object.o
    0x080028cc   0x080028cc   0x0000001e   Code   RO          682    i.rt_object_detach  object.o
    0x080028ea   0x080028ea   0x00000002   PAD
    0x080028ec   0x080028ec   0x00000024   Code   RO          684    i.rt_object_get_information  object.o
    0x08002910   0x08002910   0x00000054   Code   RO          686    i.rt_object_init    object.o
    0x08002964   0x08002964   0x00000014   Code   RO          687    i.rt_object_is_systemobject  object.o
    0x08002978   0x08002978   0x0000001c   Code   RO         1627    i.rt_pin_mode       pin.o
    0x08002994   0x08002994   0x0000001c   Code   RO         1629    i.rt_pin_write      pin.o
    0x080029b0   0x080029b0   0x00000084   Code   RO          757    i.rt_schedule       scheduler.o
    0x08002a34   0x08002a34   0x00000054   Code   RO          758    i.rt_schedule_insert_thread  scheduler.o
    0x08002a88   0x08002a88   0x00000058   Code   RO          759    i.rt_schedule_remove_thread  scheduler.o
    0x08002ae0   0x08002ae0   0x00000022   Code   RO          331    i.rt_sem_init       ipc.o
    0x08002b02   0x08002b02   0x0000003c   Code   RO          332    i.rt_sem_release    ipc.o
    0x08002b3e   0x08002b3e   0x00000078   Code   RO          333    i.rt_sem_take       ipc.o
    0x08002bb6   0x08002bb6   0x00000074   Code   RO         1688    i.rt_serial_close   serial.o
    0x08002c2a   0x08002c2a   0x00000086   Code   RO         1689    i.rt_serial_control  serial.o
    0x08002cb0   0x08002cb0   0x00000028   Code   RO         1690    i.rt_serial_init    serial.o
    0x08002cd8   0x08002cd8   0x00000164   Code   RO         1691    i.rt_serial_open    serial.o
    0x08002e3c   0x08002e3c   0x0000006a   Code   RO         1692    i.rt_serial_read    serial.o
    0x08002ea6   0x08002ea6   0x00000096   Code   RO         1693    i.rt_serial_write   serial.o
    0x08002f3c   0x08002f3c   0x00000002   Code   RO          481    i.rt_show_version   kservice.o
    0x08002f3e   0x08002f3e   0x0000002a   Code   RO          488    i.rt_strncmp        kservice.o
    0x08002f68   0x08002f68   0x00000038   Code   RO          489    i.rt_strncpy        kservice.o
    0x08002fa0   0x08002fa0   0x000000ac   Code   RO          634    i.rt_system_heap_init  mem.o
    0x0800304c   0x0800304c   0x0000004c   Code   RO          760    i.rt_system_scheduler_init  scheduler.o
    0x08003098   0x08003098   0x00000030   Code   RO          761    i.rt_system_scheduler_start  scheduler.o
    0x080030c8   0x080030c8   0x0000001c   Code   RO          961    i.rt_system_timer_init  timer.o
    0x080030e4   0x080030e4   0x00000002   Code   RO          962    i.rt_system_timer_thread_init  timer.o
    0x080030e6   0x080030e6   0x00000050   Code   RO          839    i.rt_thread_create  thread.o
    0x08003136   0x08003136   0x00000002   PAD
    0x08003138   0x08003138   0x00000058   Code   RO          843    i.rt_thread_exit    thread.o
    0x08003190   0x08003190   0x0000002c   Code   RO          264    i.rt_thread_idle_entry  idle.o
    0x080031bc   0x080031bc   0x00000090   Code   RO          265    i.rt_thread_idle_excute  idle.o
    0x0800324c   0x0800324c   0x00000038   Code   RO          267    i.rt_thread_idle_init  idle.o
    0x08003284   0x08003284   0x0000002c   Code   RO          845    i.rt_thread_init    thread.o
    0x080032b0   0x080032b0   0x00000014   Code   RO          846    i.rt_thread_mdelay  thread.o
    0x080032c4   0x080032c4   0x0000003c   Code   RO          847    i.rt_thread_resume  thread.o
    0x08003300   0x08003300   0x0000000c   Code   RO          848    i.rt_thread_self    thread.o
    0x0800330c   0x0800330c   0x00000044   Code   RO          849    i.rt_thread_sleep   thread.o
    0x08003350   0x08003350   0x00000030   Code   RO          850    i.rt_thread_startup  thread.o
    0x08003380   0x08003380   0x00000044   Code   RO          851    i.rt_thread_suspend  thread.o
    0x080033c4   0x080033c4   0x00000020   Code   RO          852    i.rt_thread_timeout  thread.o
    0x080033e4   0x080033e4   0x00000064   Code   RO          853    i.rt_thread_yield   thread.o
    0x08003448   0x08003448   0x0000003e   Code   RO            2    i.rt_tick_from_millisecond  clock.o
    0x08003486   0x08003486   0x00000002   PAD
    0x08003488   0x08003488   0x0000000c   Code   RO            3    i.rt_tick_get       clock.o
    0x08003494   0x08003494   0x00000030   Code   RO            4    i.rt_tick_increase  clock.o
    0x080034c4   0x080034c4   0x00000080   Code   RO          963    i.rt_timer_check    timer.o
    0x08003544   0x08003544   0x0000003c   Code   RO          964    i.rt_timer_control  timer.o
    0x08003580   0x08003580   0x00000020   Code   RO          967    i.rt_timer_detach   timer.o
    0x080035a0   0x080035a0   0x00000026   Code   RO          968    i.rt_timer_init     timer.o
    0x080035c6   0x080035c6   0x00000002   PAD
    0x080035c8   0x080035c8   0x00000108   Code   RO          971    i.rt_timer_start    timer.o
    0x080036d0   0x080036d0   0x00000030   Code   RO          972    i.rt_timer_stop     timer.o
    0x08003700   0x08003700   0x00000004   Code   RO          103    i.rti_board_end     components.o
    0x08003704   0x08003704   0x00000004   Code   RO          104    i.rti_board_start   components.o
    0x08003708   0x08003708   0x00000004   Code   RO          105    i.rti_end           components.o
    0x0800370c   0x0800370c   0x00000004   Code   RO          106    i.rti_start         components.o
    0x08003710   0x08003710   0x0000002a   Code   RO          107    i.rtthread_startup  components.o
    0x0800373a   0x0800373a   0x000000b0   Code   RO         1388    i.stm32_configure   drv_usart.o
    0x080037ea   0x080037ea   0x00000002   PAD
    0x080037ec   0x080037ec   0x00000060   Code   RO         1389    i.stm32_control     drv_usart.o
    0x0800384c   0x0800384c   0x00000020   Code   RO         1390    i.stm32_getc        drv_usart.o
    0x0800386c   0x0800386c   0x000000c4   Code   RO         1306    i.stm32_pin_attach_irq  drv_gpio.o
    0x08003930   0x08003930   0x00000080   Code   RO         1307    i.stm32_pin_dettach_irq  drv_gpio.o
    0x080039b0   0x080039b0   0x000001b8   Code   RO         1308    i.stm32_pin_irq_enable  drv_gpio.o
    0x08003b68   0x08003b68   0x00000078   Code   RO         1309    i.stm32_pin_mode    drv_gpio.o
    0x08003be0   0x08003be0   0x00000028   Code   RO         1310    i.stm32_pin_read    drv_gpio.o
    0x08003c08   0x08003c08   0x00000026   Code   RO         1311    i.stm32_pin_write   drv_gpio.o
    0x08003c2e   0x08003c2e   0x00000026   Code   RO         1391    i.stm32_putc        drv_usart.o
    0x08003c54   0x08003c54   0x00000002   Code   RO         1392    i.stm32_uart_get_dma_config  drv_usart.o
    0x08003c56   0x08003c56   0x000000d0   Code   RO         1393    i.uart_isr          drv_usart.o
    0x08003d26   0x08003d26   0x00000122   Data   RO          495    .constdata          kservice.o
    0x08003e48   0x08003e48   0x000004d8   Data   RO         1312    .constdata          drv_gpio.o
    0x08004320   0x08004320   0x0000001c   Data   RO         1395    .constdata          drv_usart.o
    0x0800433c   0x0800433c   0x00000018   Data   RO         2236    .constdata          system_stm32f0xx.o
    0x08004354   0x08004354   0x00000006   Data   RO         1396    .conststring        drv_usart.o
    0x0800435a   0x0800435a   0x00000002   PAD
    0x0800435c   0x0800435c   0x00000004   Data   RO          108    .rti_fn.0           components.o
    0x08004360   0x08004360   0x00000004   Data   RO          109    .rti_fn.0.end       components.o
    0x08004364   0x08004364   0x00000004   Data   RO          110    .rti_fn.1.end       components.o
    0x08004368   0x08004368   0x00000004   Data   RO          111    .rti_fn.6.end       components.o
    0x0800436c   0x0800436c   0x00000020   Data   RO         3907    Region$$Table       anon$$obj.o


    Execution Region RW_IRAM1 (Exec base: 0x20000000, Load base: 0x0800438c, Size: 0x000009f8, Max: 0x00008000, ABSOLUTE, COMPRESSED[0x00000048])

    Exec Addr    Load Addr    Size         Type   Attr      Idx    E Section Name        Object

    0x20000000   COMPRESSED   0x00000004   Data   RW            6    .data               clock.o
    0x20000004   COMPRESSED   0x00000001   Data   RW          446    .data               irq.o
    0x20000005   COMPRESSED   0x00000003   PAD
    0x20000008   COMPRESSED   0x00000018   Data   RW          636    .data               mem.o
    0x20000020   COMPRESSED   0x00000050   Data   RW          689    .data               object.o
    0x20000070   COMPRESSED   0x00000018   Data   RW          763    .data               scheduler.o
    0x20000088   COMPRESSED   0x0000000c   Data   RW          973    .data               timer.o
    0x20000094   COMPRESSED   0x000000c4   Data   RW         1313    .data               drv_gpio.o
    0x20000158   COMPRESSED   0x00000010   Data   RW         1397    .data               drv_usart.o
    0x20000168   COMPRESSED   0x0000000c   Data   RW         1558    .data               cpuport.o
    0x20000174   COMPRESSED   0x00000004   Data   RW         2237    .data               system_stm32f0xx.o
    0x20000178   COMPRESSED   0x00000004   Data   RW         2757    .data               stm32f0xx_hal.o
    0x2000017c        -       0x000000a8   Zero   RW          269    .bss                idle.o
    0x20000224        -       0x00000020   Zero   RW          635    .bss                mem.o
    0x20000244        -       0x00000040   Zero   RW          762    .bss                scheduler.o
    0x20000284        -       0x000000cc   Zero   RW         1394    .bss                drv_usart.o
    0x20000350        -       0x00000044   Zero   RW         1630    .bss                pin.o
    0x20000394        -       0x00000060   Zero   RW         3780    .bss                c_p.l(libspace.o)
    0x200003f4   COMPRESSED   0x00000004   PAD
    0x200003f8        -       0x00000200   Zero   RW         1291    HEAP                startup_stm32f091xc.o
    0x200005f8        -       0x00000400   Zero   RW         1290    STACK               startup_stm32f091xc.o


==============================================================================

Image component sizes


      Code (inc. data)   RO Data    RW Data    ZI Data      Debug   Object Name

       152         18          0          0          0        597   board.o
       122         10          0          4          0      15168   clock.o
       230          0          0          0          0       5435   completion.o
       182         28         16          0          0       5440   components.o
       216         32          0          0          0        780   context_rvds.o
        68          6          0         12          0       2890   cpuport.o
       140          0          0          0          0       1962   device.o
       134          8          0          0          0       2756   drv_common.o
      1432         66       1240        196          0       9350   drv_gpio.o
       708         26         34         16        204      12839   drv_usart.o
       264         36          0          0        168       5470   idle.o
       378          0          0          0          0       7629   ipc.o
        64         12          0          1          0       1494   irq.o
       268          6        290          0          0       5909   kservice.o
        56          0          0          0          0     495739   main.o
       780         90          0         24         32       3728   mem.o
       318          4          0         80          0       7988   object.o
       246         28          0          0         68       4766   pin.o
       538         94          0         24         64       8158   scheduler.o
      1304         24          0          0          0       8983   serial.o
        56         26        188          0       1536        716   startup_stm32f091xc.o
        48          8          0          4          0       1954   stm32f0xx_hal.o
       278         36          0          0          0      10173   stm32f0xx_hal_cortex.o
       850         60          0          0          0       4220   stm32f0xx_hal_gpio.o
       188         12          0          0          0       1493   stm32f0xx_hal_msp.o
      2288         98          0          0          0       5077   stm32f0xx_hal_rcc.o
       420         12          0          0          0       1536   stm32f0xx_hal_rcc_ex.o
      1314         70          0          0          0       4373   stm32f0xx_hal_uart.o
       120         18         24          4          0       1347   system_stm32f0xx.o
       788         40          0          0          0      11416   thread.o
       742         26          0         12          0      10720   timer.o

    ----------------------------------------------------------------------
     14726        894       1826        380       2072     660106   Object Totals
         0          0         32          0          0          0   (incl. Generated)
        34          0          2          3          0          0   (incl. Padding)

    ----------------------------------------------------------------------

      Code (inc. data)   RO Data    RW Data    ZI Data      Debug   Library Member Name

        86          0          0          0          0          0   __dczerorl2.o
         8          0          0          0          0         68   __main.o
         0          0          0          0          0          0   __rtentry.o
        12          0          0          0          0          0   __rtentry2.o
         6          0          0          0          0          0   __rtentry4.o
        60          8          0          0          0          0   __scatter.o
        28          0          0          0          0          0   __scatter_zi.o
       346          0          0          0          0         92   aeabi_sdiv.o
        16          0          0          0          0         68   exit.o
         6          0          0          0          0        136   heapauxi.o
         0          0          0          0          0          0   indicate_semi.o
         2          0          0          0          0          0   libinit.o
         2          0          0          0          0          0   libinit2.o
         2          0          0          0          0          0   libshutdown.o
         2          0          0          0          0          0   libshutdown2.o
         8          4          0          0         96         68   libspace.o
        64          0          0          0          0        108   rt_memclr.o
         2          0          0          0          0          0   rtexit.o
        10          0          0          0          0          0   rtexit2.o
        12          4          0          0          0         60   sys_exit.o
        62          0          0          0          0         80   sys_stackheap_outer.o
         2          0          0          0          0         68   use_no_semi.o

    ----------------------------------------------------------------------
       740         16          0          0        100        748   Library Totals
         4          0          0          0          4          0   (incl. Padding)

    ----------------------------------------------------------------------

      Code (inc. data)   RO Data    RW Data    ZI Data      Debug   Library Name

       736         16          0          0         96        748   c_p.l

    ----------------------------------------------------------------------
       740         16          0          0        100        748   Library Totals

    ----------------------------------------------------------------------

==============================================================================


      Code (inc. data)   RO Data    RW Data    ZI Data      Debug   

     15466        910       1826        380       2172     653930   Grand Totals
     15466        910       1826         72       2172     653930   ELF Image Totals (compressed)
     15466        910       1826         72          0          0   ROM Totals

==============================================================================

    Total RO  Size (Code + RO Data)                17292 (  16.89kB)
    Total RW  Size (RW Data + ZI Data)              2552 (   2.49kB)
    Total ROM Size (Code + RO Data + RW Data)      17364 (  16.96kB)

==============================================================================

