<!doctype html public "-//w3c//dtd html 4.0 transitional//en">
<html><head>
<title>Static Call Graph - [.\build\keil\Obj\rt-thread.axf]</title></head>
<body><HR>
<H1>Static Call Graph for image .\build\keil\Obj\rt-thread.axf</H1><HR>
<BR><P>#&#060CALLGRAPH&#062# ARM Linker, 5060750: Last Updated: Tue Jul 09 11:17:03 2019
<BR><P>
<H3>Maximum Stack Usage =        632 bytes + Unknown(Functions without stacksize, Cycles, Untraceable Function Pointers)</H3><H3>
Call chain for Maximum Stack Depth:</H3>
finsh_thread_entry &rArr; finsh_run_line &rArr; finsh_parser_run &rArr; proc_variable_decl &rArr; proc_assign_expr &rArr;  proc_assign_expr (Cycle)
<P>
<H3>
Functions with no stack information
</H3><UL>
 <LI><a href="#[f5]">__user_initial_stackheap</a>
</UL>
</UL>
<P>
<H3>
Mutually Recursive functions
</H3> <LI><a href="#[4]">NMI_Handler</a>&nbsp;&nbsp;&nbsp;&rArr;&nbsp;&nbsp;&nbsp;<a href="#[4]">NMI_Handler</a><BR>
 <LI><a href="#[6]">MemManage_Handler</a>&nbsp;&nbsp;&nbsp;&rArr;&nbsp;&nbsp;&nbsp;<a href="#[6]">MemManage_Handler</a><BR>
 <LI><a href="#[7]">BusFault_Handler</a>&nbsp;&nbsp;&nbsp;&rArr;&nbsp;&nbsp;&nbsp;<a href="#[7]">BusFault_Handler</a><BR>
 <LI><a href="#[8]">UsageFault_Handler</a>&nbsp;&nbsp;&nbsp;&rArr;&nbsp;&nbsp;&nbsp;<a href="#[8]">UsageFault_Handler</a><BR>
 <LI><a href="#[9]">SVC_Handler</a>&nbsp;&nbsp;&nbsp;&rArr;&nbsp;&nbsp;&nbsp;<a href="#[9]">SVC_Handler</a><BR>
 <LI><a href="#[a]">DebugMon_Handler</a>&nbsp;&nbsp;&nbsp;&rArr;&nbsp;&nbsp;&nbsp;<a href="#[a]">DebugMon_Handler</a><BR>
 <LI><a href="#[1f]">ADC_IRQHandler</a>&nbsp;&nbsp;&nbsp;&rArr;&nbsp;&nbsp;&nbsp;<a href="#[1f]">ADC_IRQHandler</a><BR>
 <LI><a href="#[117]">rt_assert_handler</a>&nbsp;&nbsp;&nbsp;&rArr;&nbsp;&nbsp;&nbsp;<a href="#[12d]">rt_kprintf</a><BR>
 <LI><a href="#[13e]">_rt_scheduler_stack_check</a>&nbsp;&nbsp;&nbsp;&rArr;&nbsp;&nbsp;&nbsp;<a href="#[c2]">list_thread</a><BR>
 <LI><a href="#[1b5]">proc_expr</a>&nbsp;&nbsp;&nbsp;&rArr;&nbsp;&nbsp;&nbsp;<a href="#[1af]">proc_assign_expr</a><BR>
 <LI><a href="#[1b7]">proc_param_list</a>&nbsp;&nbsp;&nbsp;&rArr;&nbsp;&nbsp;&nbsp;<a href="#[1af]">proc_assign_expr</a><BR>
 <LI><a href="#[1b3]">proc_unary_expr</a>&nbsp;&nbsp;&nbsp;&rArr;&nbsp;&nbsp;&nbsp;<a href="#[1b1]">proc_cast_expr</a><BR>
 <LI><a href="#[1b1]">proc_cast_expr</a>&nbsp;&nbsp;&nbsp;&rArr;&nbsp;&nbsp;&nbsp;<a href="#[1b1]">proc_cast_expr</a><BR>
 <LI><a href="#[1af]">proc_assign_expr</a>&nbsp;&nbsp;&nbsp;&rArr;&nbsp;&nbsp;&nbsp;<a href="#[1af]">proc_assign_expr</a><BR>
 <LI><a href="#[156]">finsh_type_check</a>&nbsp;&nbsp;&nbsp;&rArr;&nbsp;&nbsp;&nbsp;<a href="#[156]">finsh_type_check</a><BR>
 <LI><a href="#[153]">finsh_compile</a>&nbsp;&nbsp;&nbsp;&rArr;&nbsp;&nbsp;&nbsp;<a href="#[153]">finsh_compile</a><BR>
</UL>
<P>
<H3>
Function Pointers
</H3><UL>
 <LI><a href="#[1f]">ADC_IRQHandler</a> from startup_stm32f429xx.o(.text) referenced from startup_stm32f429xx.o(RESET)
 <LI><a href="#[7]">BusFault_Handler</a> from startup_stm32f429xx.o(.text) referenced from startup_stm32f429xx.o(RESET)
 <LI><a href="#[21]">CAN1_RX0_IRQHandler</a> from startup_stm32f429xx.o(.text) referenced from startup_stm32f429xx.o(RESET)
 <LI><a href="#[22]">CAN1_RX1_IRQHandler</a> from startup_stm32f429xx.o(.text) referenced from startup_stm32f429xx.o(RESET)
 <LI><a href="#[23]">CAN1_SCE_IRQHandler</a> from startup_stm32f429xx.o(.text) referenced from startup_stm32f429xx.o(RESET)
 <LI><a href="#[20]">CAN1_TX_IRQHandler</a> from startup_stm32f429xx.o(.text) referenced from startup_stm32f429xx.o(RESET)
 <LI><a href="#[4d]">CAN2_RX0_IRQHandler</a> from startup_stm32f429xx.o(.text) referenced from startup_stm32f429xx.o(RESET)
 <LI><a href="#[4e]">CAN2_RX1_IRQHandler</a> from startup_stm32f429xx.o(.text) referenced from startup_stm32f429xx.o(RESET)
 <LI><a href="#[4f]">CAN2_SCE_IRQHandler</a> from startup_stm32f429xx.o(.text) referenced from startup_stm32f429xx.o(RESET)
 <LI><a href="#[4c]">CAN2_TX_IRQHandler</a> from startup_stm32f429xx.o(.text) referenced from startup_stm32f429xx.o(RESET)
 <LI><a href="#[5b]">DCMI_IRQHandler</a> from startup_stm32f429xx.o(.text) referenced from startup_stm32f429xx.o(RESET)
 <LI><a href="#[18]">DMA1_Stream0_IRQHandler</a> from startup_stm32f429xx.o(.text) referenced from startup_stm32f429xx.o(RESET)
 <LI><a href="#[19]">DMA1_Stream1_IRQHandler</a> from startup_stm32f429xx.o(.text) referenced from startup_stm32f429xx.o(RESET)
 <LI><a href="#[1a]">DMA1_Stream2_IRQHandler</a> from startup_stm32f429xx.o(.text) referenced from startup_stm32f429xx.o(RESET)
 <LI><a href="#[1b]">DMA1_Stream3_IRQHandler</a> from startup_stm32f429xx.o(.text) referenced from startup_stm32f429xx.o(RESET)
 <LI><a href="#[1c]">DMA1_Stream4_IRQHandler</a> from startup_stm32f429xx.o(.text) referenced from startup_stm32f429xx.o(RESET)
 <LI><a href="#[1d]">DMA1_Stream5_IRQHandler</a> from startup_stm32f429xx.o(.text) referenced from startup_stm32f429xx.o(RESET)
 <LI><a href="#[1e]">DMA1_Stream6_IRQHandler</a> from startup_stm32f429xx.o(.text) referenced from startup_stm32f429xx.o(RESET)
 <LI><a href="#[3c]">DMA1_Stream7_IRQHandler</a> from startup_stm32f429xx.o(.text) referenced from startup_stm32f429xx.o(RESET)
 <LI><a href="#[66]">DMA2D_IRQHandler</a> from startup_stm32f429xx.o(.text) referenced from startup_stm32f429xx.o(RESET)
 <LI><a href="#[45]">DMA2_Stream0_IRQHandler</a> from startup_stm32f429xx.o(.text) referenced from startup_stm32f429xx.o(RESET)
 <LI><a href="#[46]">DMA2_Stream1_IRQHandler</a> from startup_stm32f429xx.o(.text) referenced from startup_stm32f429xx.o(RESET)
 <LI><a href="#[47]">DMA2_Stream2_IRQHandler</a> from startup_stm32f429xx.o(.text) referenced from startup_stm32f429xx.o(RESET)
 <LI><a href="#[48]">DMA2_Stream3_IRQHandler</a> from startup_stm32f429xx.o(.text) referenced from startup_stm32f429xx.o(RESET)
 <LI><a href="#[49]">DMA2_Stream4_IRQHandler</a> from startup_stm32f429xx.o(.text) referenced from startup_stm32f429xx.o(RESET)
 <LI><a href="#[51]">DMA2_Stream5_IRQHandler</a> from startup_stm32f429xx.o(.text) referenced from startup_stm32f429xx.o(RESET)
 <LI><a href="#[52]">DMA2_Stream6_IRQHandler</a> from startup_stm32f429xx.o(.text) referenced from startup_stm32f429xx.o(RESET)
 <LI><a href="#[53]">DMA2_Stream7_IRQHandler</a> from startup_stm32f429xx.o(.text) referenced from startup_stm32f429xx.o(RESET)
 <LI><a href="#[a]">DebugMon_Handler</a> from startup_stm32f429xx.o(.text) referenced from startup_stm32f429xx.o(RESET)
 <LI><a href="#[4a]">ETH_IRQHandler</a> from startup_stm32f429xx.o(.text) referenced from startup_stm32f429xx.o(RESET)
 <LI><a href="#[4b]">ETH_WKUP_IRQHandler</a> from startup_stm32f429xx.o(.text) referenced from startup_stm32f429xx.o(RESET)
 <LI><a href="#[13]">EXTI0_IRQHandler</a> from drv_gpio.o(i.EXTI0_IRQHandler) referenced from startup_stm32f429xx.o(RESET)
 <LI><a href="#[35]">EXTI15_10_IRQHandler</a> from drv_gpio.o(i.EXTI15_10_IRQHandler) referenced from startup_stm32f429xx.o(RESET)
 <LI><a href="#[14]">EXTI1_IRQHandler</a> from drv_gpio.o(i.EXTI1_IRQHandler) referenced from startup_stm32f429xx.o(RESET)
 <LI><a href="#[15]">EXTI2_IRQHandler</a> from drv_gpio.o(i.EXTI2_IRQHandler) referenced from startup_stm32f429xx.o(RESET)
 <LI><a href="#[16]">EXTI3_IRQHandler</a> from drv_gpio.o(i.EXTI3_IRQHandler) referenced from startup_stm32f429xx.o(RESET)
 <LI><a href="#[17]">EXTI4_IRQHandler</a> from drv_gpio.o(i.EXTI4_IRQHandler) referenced from startup_stm32f429xx.o(RESET)
 <LI><a href="#[24]">EXTI9_5_IRQHandler</a> from drv_gpio.o(i.EXTI9_5_IRQHandler) referenced from startup_stm32f429xx.o(RESET)
 <LI><a href="#[11]">FLASH_IRQHandler</a> from startup_stm32f429xx.o(.text) referenced from startup_stm32f429xx.o(RESET)
 <LI><a href="#[3d]">FMC_IRQHandler</a> from startup_stm32f429xx.o(.text) referenced from startup_stm32f429xx.o(RESET)
 <LI><a href="#[5d]">FPU_IRQHandler</a> from startup_stm32f429xx.o(.text) referenced from startup_stm32f429xx.o(RESET)
 <LI><a href="#[5c]">HASH_RNG_IRQHandler</a> from startup_stm32f429xx.o(.text) referenced from startup_stm32f429xx.o(RESET)
 <LI><a href="#[5]">HardFault_Handler</a> from context_rvds.o(.text) referenced from startup_stm32f429xx.o(RESET)
 <LI><a href="#[2d]">I2C1_ER_IRQHandler</a> from startup_stm32f429xx.o(.text) referenced from startup_stm32f429xx.o(RESET)
 <LI><a href="#[2c]">I2C1_EV_IRQHandler</a> from startup_stm32f429xx.o(.text) referenced from startup_stm32f429xx.o(RESET)
 <LI><a href="#[2f]">I2C2_ER_IRQHandler</a> from startup_stm32f429xx.o(.text) referenced from startup_stm32f429xx.o(RESET)
 <LI><a href="#[2e]">I2C2_EV_IRQHandler</a> from startup_stm32f429xx.o(.text) referenced from startup_stm32f429xx.o(RESET)
 <LI><a href="#[56]">I2C3_ER_IRQHandler</a> from startup_stm32f429xx.o(.text) referenced from startup_stm32f429xx.o(RESET)
 <LI><a href="#[55]">I2C3_EV_IRQHandler</a> from startup_stm32f429xx.o(.text) referenced from startup_stm32f429xx.o(RESET)
 <LI><a href="#[65]">LTDC_ER_IRQHandler</a> from startup_stm32f429xx.o(.text) referenced from startup_stm32f429xx.o(RESET)
 <LI><a href="#[64]">LTDC_IRQHandler</a> from startup_stm32f429xx.o(.text) referenced from startup_stm32f429xx.o(RESET)
 <LI><a href="#[6]">MemManage_Handler</a> from startup_stm32f429xx.o(.text) referenced from startup_stm32f429xx.o(RESET)
 <LI><a href="#[4]">NMI_Handler</a> from startup_stm32f429xx.o(.text) referenced from startup_stm32f429xx.o(RESET)
 <LI><a href="#[87]">OP_add_byte</a> from finsh_ops.o(i.OP_add_byte) referenced from finsh_ops.o(.constdata)
 <LI><a href="#[89]">OP_add_dword</a> from finsh_ops.o(i.OP_add_dword) referenced from finsh_ops.o(.constdata)
 <LI><a href="#[88]">OP_add_word</a> from finsh_ops.o(i.OP_add_word) referenced from finsh_ops.o(.constdata)
 <LI><a href="#[96]">OP_and_byte</a> from finsh_ops.o(i.OP_and_byte) referenced from finsh_ops.o(.constdata)
 <LI><a href="#[98]">OP_and_dword</a> from finsh_ops.o(i.OP_and_dword) referenced from finsh_ops.o(.constdata)
 <LI><a href="#[97]">OP_and_word</a> from finsh_ops.o(i.OP_and_word) referenced from finsh_ops.o(.constdata)
 <LI><a href="#[9f]">OP_bw_byte</a> from finsh_ops.o(i.OP_bw_byte) referenced from finsh_ops.o(.constdata)
 <LI><a href="#[a1]">OP_bw_dword</a> from finsh_ops.o(i.OP_bw_dword) referenced from finsh_ops.o(.constdata)
 <LI><a href="#[a0]">OP_bw_word</a> from finsh_ops.o(i.OP_bw_word) referenced from finsh_ops.o(.constdata)
 <LI><a href="#[b2]">OP_call</a> from finsh_ops.o(i.OP_call) referenced from finsh_ops.o(.constdata)
 <LI><a href="#[8d]">OP_div_byte</a> from finsh_ops.o(i.OP_div_byte) referenced from finsh_ops.o(.constdata)
 <LI><a href="#[8f]">OP_div_dword</a> from finsh_ops.o(i.OP_div_dword) referenced from finsh_ops.o(.constdata)
 <LI><a href="#[8e]">OP_div_word</a> from finsh_ops.o(i.OP_div_word) referenced from finsh_ops.o(.constdata)
 <LI><a href="#[a8]">OP_ld_byte</a> from finsh_ops.o(i.OP_ld_byte) referenced from finsh_ops.o(.constdata)
 <LI><a href="#[aa]">OP_ld_dword</a> from finsh_ops.o(i.OP_ld_dword) referenced from finsh_ops.o(.constdata)
 <LI><a href="#[ab]">OP_ld_value_byte</a> from finsh_ops.o(i.OP_ld_value_byte) referenced from finsh_ops.o(.constdata)
 <LI><a href="#[b3]">OP_ld_value_byte_stack</a> from finsh_ops.o(i.OP_ld_value_byte_stack) referenced from finsh_ops.o(.constdata)
 <LI><a href="#[ad]">OP_ld_value_dword</a> from finsh_ops.o(i.OP_ld_value_dword) referenced from finsh_ops.o(.constdata)
 <LI><a href="#[b5]">OP_ld_value_dword_stack</a> from finsh_ops.o(i.OP_ld_value_dword_stack) referenced from finsh_ops.o(.constdata)
 <LI><a href="#[ac]">OP_ld_value_word</a> from finsh_ops.o(i.OP_ld_value_word) referenced from finsh_ops.o(.constdata)
 <LI><a href="#[b4]">OP_ld_value_word_stack</a> from finsh_ops.o(i.OP_ld_value_word_stack) referenced from finsh_ops.o(.constdata)
 <LI><a href="#[a9]">OP_ld_word</a> from finsh_ops.o(i.OP_ld_word) referenced from finsh_ops.o(.constdata)
 <LI><a href="#[90]">OP_mod_byte</a> from finsh_ops.o(i.OP_mod_byte) referenced from finsh_ops.o(.constdata)
 <LI><a href="#[92]">OP_mod_dword</a> from finsh_ops.o(i.OP_mod_dword) referenced from finsh_ops.o(.constdata)
 <LI><a href="#[91]">OP_mod_word</a> from finsh_ops.o(i.OP_mod_word) referenced from finsh_ops.o(.constdata)
 <LI><a href="#[93]">OP_mul_byte</a> from finsh_ops.o(i.OP_mul_byte) referenced from finsh_ops.o(.constdata)
 <LI><a href="#[95]">OP_mul_dword</a> from finsh_ops.o(i.OP_mul_dword) referenced from finsh_ops.o(.constdata)
 <LI><a href="#[94]">OP_mul_word</a> from finsh_ops.o(i.OP_mul_word) referenced from finsh_ops.o(.constdata)
 <LI><a href="#[86]">OP_no_op</a> from finsh_ops.o(i.OP_no_op) referenced from finsh_ops.o(.constdata)
 <LI><a href="#[99]">OP_or_byte</a> from finsh_ops.o(i.OP_or_byte) referenced from finsh_ops.o(.constdata)
 <LI><a href="#[9b]">OP_or_dword</a> from finsh_ops.o(i.OP_or_dword) referenced from finsh_ops.o(.constdata)
 <LI><a href="#[9a]">OP_or_word</a> from finsh_ops.o(i.OP_or_word) referenced from finsh_ops.o(.constdata)
 <LI><a href="#[b1]">OP_pop</a> from finsh_ops.o(i.OP_pop) referenced from finsh_ops.o(.constdata)
 <LI><a href="#[a2]">OP_shl_byte</a> from finsh_ops.o(i.OP_shl_byte) referenced from finsh_ops.o(.constdata)
 <LI><a href="#[a4]">OP_shl_dword</a> from finsh_ops.o(i.OP_shl_dword) referenced from finsh_ops.o(.constdata)
 <LI><a href="#[a3]">OP_shl_word</a> from finsh_ops.o(i.OP_shl_word) referenced from finsh_ops.o(.constdata)
 <LI><a href="#[a5]">OP_shr_byte</a> from finsh_ops.o(i.OP_shr_byte) referenced from finsh_ops.o(.constdata)
 <LI><a href="#[a7]">OP_shr_dword</a> from finsh_ops.o(i.OP_shr_dword) referenced from finsh_ops.o(.constdata)
 <LI><a href="#[a6]">OP_shr_word</a> from finsh_ops.o(i.OP_shr_word) referenced from finsh_ops.o(.constdata)
 <LI><a href="#[ae]">OP_st_byte</a> from finsh_ops.o(i.OP_st_byte) referenced from finsh_ops.o(.constdata)
 <LI><a href="#[b0]">OP_st_dword</a> from finsh_ops.o(i.OP_st_dword) referenced from finsh_ops.o(.constdata)
 <LI><a href="#[af]">OP_st_word</a> from finsh_ops.o(i.OP_st_word) referenced from finsh_ops.o(.constdata)
 <LI><a href="#[8a]">OP_sub_byte</a> from finsh_ops.o(i.OP_sub_byte) referenced from finsh_ops.o(.constdata)
 <LI><a href="#[8c]">OP_sub_dword</a> from finsh_ops.o(i.OP_sub_dword) referenced from finsh_ops.o(.constdata)
 <LI><a href="#[8b]">OP_sub_word</a> from finsh_ops.o(i.OP_sub_word) referenced from finsh_ops.o(.constdata)
 <LI><a href="#[9c]">OP_xor_byte</a> from finsh_ops.o(i.OP_xor_byte) referenced from finsh_ops.o(.constdata)
 <LI><a href="#[9e]">OP_xor_dword</a> from finsh_ops.o(i.OP_xor_dword) referenced from finsh_ops.o(.constdata)
 <LI><a href="#[9d]">OP_xor_word</a> from finsh_ops.o(i.OP_xor_word) referenced from finsh_ops.o(.constdata)
 <LI><a href="#[50]">OTG_FS_IRQHandler</a> from startup_stm32f429xx.o(.text) referenced from startup_stm32f429xx.o(RESET)
 <LI><a href="#[37]">OTG_FS_WKUP_IRQHandler</a> from startup_stm32f429xx.o(.text) referenced from startup_stm32f429xx.o(RESET)
 <LI><a href="#[58]">OTG_HS_EP1_IN_IRQHandler</a> from startup_stm32f429xx.o(.text) referenced from startup_stm32f429xx.o(RESET)
 <LI><a href="#[57]">OTG_HS_EP1_OUT_IRQHandler</a> from startup_stm32f429xx.o(.text) referenced from startup_stm32f429xx.o(RESET)
 <LI><a href="#[5a]">OTG_HS_IRQHandler</a> from startup_stm32f429xx.o(.text) referenced from startup_stm32f429xx.o(RESET)
 <LI><a href="#[59]">OTG_HS_WKUP_IRQHandler</a> from startup_stm32f429xx.o(.text) referenced from startup_stm32f429xx.o(RESET)
 <LI><a href="#[e]">PVD_IRQHandler</a> from startup_stm32f429xx.o(.text) referenced from startup_stm32f429xx.o(RESET)
 <LI><a href="#[b]">PendSV_Handler</a> from context_rvds.o(.text) referenced from startup_stm32f429xx.o(RESET)
 <LI><a href="#[12]">RCC_IRQHandler</a> from startup_stm32f429xx.o(.text) referenced from startup_stm32f429xx.o(RESET)
 <LI><a href="#[36]">RTC_Alarm_IRQHandler</a> from startup_stm32f429xx.o(.text) referenced from startup_stm32f429xx.o(RESET)
 <LI><a href="#[10]">RTC_WKUP_IRQHandler</a> from startup_stm32f429xx.o(.text) referenced from startup_stm32f429xx.o(RESET)
 <LI><a href="#[3]">Reset_Handler</a> from startup_stm32f429xx.o(.text) referenced from startup_stm32f429xx.o(RESET)
 <LI><a href="#[63]">SAI1_IRQHandler</a> from startup_stm32f429xx.o(.text) referenced from startup_stm32f429xx.o(RESET)
 <LI><a href="#[3e]">SDIO_IRQHandler</a> from startup_stm32f429xx.o(.text) referenced from startup_stm32f429xx.o(RESET)
 <LI><a href="#[30]">SPI1_IRQHandler</a> from startup_stm32f429xx.o(.text) referenced from startup_stm32f429xx.o(RESET)
 <LI><a href="#[31]">SPI2_IRQHandler</a> from startup_stm32f429xx.o(.text) referenced from startup_stm32f429xx.o(RESET)
 <LI><a href="#[40]">SPI3_IRQHandler</a> from startup_stm32f429xx.o(.text) referenced from startup_stm32f429xx.o(RESET)
 <LI><a href="#[60]">SPI4_IRQHandler</a> from startup_stm32f429xx.o(.text) referenced from startup_stm32f429xx.o(RESET)
 <LI><a href="#[61]">SPI5_IRQHandler</a> from startup_stm32f429xx.o(.text) referenced from startup_stm32f429xx.o(RESET)
 <LI><a href="#[62]">SPI6_IRQHandler</a> from startup_stm32f429xx.o(.text) referenced from startup_stm32f429xx.o(RESET)
 <LI><a href="#[9]">SVC_Handler</a> from startup_stm32f429xx.o(.text) referenced from startup_stm32f429xx.o(RESET)
 <LI><a href="#[c]">SysTick_Handler</a> from drv_common.o(i.SysTick_Handler) referenced from startup_stm32f429xx.o(RESET)
 <LI><a href="#[67]">SystemInit</a> from system_stm32f4xx.o(i.SystemInit) referenced from startup_stm32f429xx.o(.text)
 <LI><a href="#[f]">TAMP_STAMP_IRQHandler</a> from startup_stm32f429xx.o(.text) referenced from startup_stm32f429xx.o(RESET)
 <LI><a href="#[25]">TIM1_BRK_TIM9_IRQHandler</a> from startup_stm32f429xx.o(.text) referenced from startup_stm32f429xx.o(RESET)
 <LI><a href="#[28]">TIM1_CC_IRQHandler</a> from startup_stm32f429xx.o(.text) referenced from startup_stm32f429xx.o(RESET)
 <LI><a href="#[27]">TIM1_TRG_COM_TIM11_IRQHandler</a> from startup_stm32f429xx.o(.text) referenced from startup_stm32f429xx.o(RESET)
 <LI><a href="#[26]">TIM1_UP_TIM10_IRQHandler</a> from startup_stm32f429xx.o(.text) referenced from startup_stm32f429xx.o(RESET)
 <LI><a href="#[29]">TIM2_IRQHandler</a> from startup_stm32f429xx.o(.text) referenced from startup_stm32f429xx.o(RESET)
 <LI><a href="#[2a]">TIM3_IRQHandler</a> from startup_stm32f429xx.o(.text) referenced from startup_stm32f429xx.o(RESET)
 <LI><a href="#[2b]">TIM4_IRQHandler</a> from startup_stm32f429xx.o(.text) referenced from startup_stm32f429xx.o(RESET)
 <LI><a href="#[3f]">TIM5_IRQHandler</a> from startup_stm32f429xx.o(.text) referenced from startup_stm32f429xx.o(RESET)
 <LI><a href="#[43]">TIM6_DAC_IRQHandler</a> from startup_stm32f429xx.o(.text) referenced from startup_stm32f429xx.o(RESET)
 <LI><a href="#[44]">TIM7_IRQHandler</a> from startup_stm32f429xx.o(.text) referenced from startup_stm32f429xx.o(RESET)
 <LI><a href="#[38]">TIM8_BRK_TIM12_IRQHandler</a> from startup_stm32f429xx.o(.text) referenced from startup_stm32f429xx.o(RESET)
 <LI><a href="#[3b]">TIM8_CC_IRQHandler</a> from startup_stm32f429xx.o(.text) referenced from startup_stm32f429xx.o(RESET)
 <LI><a href="#[3a]">TIM8_TRG_COM_TIM14_IRQHandler</a> from startup_stm32f429xx.o(.text) referenced from startup_stm32f429xx.o(RESET)
 <LI><a href="#[39]">TIM8_UP_TIM13_IRQHandler</a> from startup_stm32f429xx.o(.text) referenced from startup_stm32f429xx.o(RESET)
 <LI><a href="#[41]">UART4_IRQHandler</a> from startup_stm32f429xx.o(.text) referenced from startup_stm32f429xx.o(RESET)
 <LI><a href="#[42]">UART5_IRQHandler</a> from startup_stm32f429xx.o(.text) referenced from startup_stm32f429xx.o(RESET)
 <LI><a href="#[5e]">UART7_IRQHandler</a> from startup_stm32f429xx.o(.text) referenced from startup_stm32f429xx.o(RESET)
 <LI><a href="#[5f]">UART8_IRQHandler</a> from startup_stm32f429xx.o(.text) referenced from startup_stm32f429xx.o(RESET)
 <LI><a href="#[6c]">UART_DMAError</a> from stm32f4xx_hal_uart.o(i.UART_DMAError) referenced from stm32f4xx_hal_uart.o(i.HAL_UART_Receive_DMA)
 <LI><a href="#[6a]">UART_DMAReceiveCplt</a> from stm32f4xx_hal_uart.o(i.UART_DMAReceiveCplt) referenced from stm32f4xx_hal_uart.o(i.HAL_UART_Receive_DMA)
 <LI><a href="#[6b]">UART_DMARxHalfCplt</a> from stm32f4xx_hal_uart.o(i.UART_DMARxHalfCplt) referenced from stm32f4xx_hal_uart.o(i.HAL_UART_Receive_DMA)
 <LI><a href="#[32]">USART1_IRQHandler</a> from drv_usart.o(i.USART1_IRQHandler) referenced from startup_stm32f429xx.o(RESET)
 <LI><a href="#[33]">USART2_IRQHandler</a> from startup_stm32f429xx.o(.text) referenced from startup_stm32f429xx.o(RESET)
 <LI><a href="#[34]">USART3_IRQHandler</a> from startup_stm32f429xx.o(.text) referenced from startup_stm32f429xx.o(RESET)
 <LI><a href="#[54]">USART6_IRQHandler</a> from startup_stm32f429xx.o(.text) referenced from startup_stm32f429xx.o(RESET)
 <LI><a href="#[8]">UsageFault_Handler</a> from startup_stm32f429xx.o(.text) referenced from startup_stm32f429xx.o(RESET)
 <LI><a href="#[d]">WWDG_IRQHandler</a> from startup_stm32f429xx.o(.text) referenced from startup_stm32f429xx.o(RESET)
 <LI><a href="#[d3]">__main</a> from __main.o(!!!main) referenced from startup_stm32f429xx.o(.text)
 <LI><a href="#[69]">_get_lc_ctype</a> from lc_ctype_c.o(locale$$code) referenced from rt_ctype_table.o(.text)
 <LI><a href="#[74]">_pin_control</a> from pin.o(i._pin_control) referenced from pin.o(i.rt_device_pin_register)
 <LI><a href="#[72]">_pin_read</a> from pin.o(i._pin_read) referenced from pin.o(i.rt_device_pin_register)
 <LI><a href="#[73]">_pin_write</a> from pin.o(i._pin_write) referenced from pin.o(i.rt_device_pin_register)
 <LI><a href="#[d2]">cmd_free</a> from msh_cmd.o(i.cmd_free) referenced from msh_cmd.o(FSymTab)
 <LI><a href="#[d0]">cmd_ps</a> from msh_cmd.o(i.cmd_ps) referenced from msh_cmd.o(FSymTab)
 <LI><a href="#[d1]">cmd_time</a> from msh_cmd.o(i.cmd_time) referenced from msh_cmd.o(FSymTab)
 <LI><a href="#[6f]">finsh_rx_ind</a> from shell.o(i.finsh_rx_ind) referenced from shell.o(i.finsh_set_device)
 <LI><a href="#[b9]">finsh_system_init</a> from shell.o(i.finsh_system_init) referenced from shell.o(.rti_fn.6)
 <LI><a href="#[70]">finsh_thread_entry</a> from shell.o(i.finsh_thread_entry) referenced from shell.o(i.finsh_system_init)
 <LI><a href="#[c0]">hello</a> from cmd.o(i.hello) referenced from cmd.o(FSymTab)
 <LI><a href="#[cc]">list</a> from cmd.o(i.list) referenced from cmd.o(FSymTab)
 <LI><a href="#[cb]">list_device</a> from cmd.o(i.list_device) referenced 2 times from cmd.o(FSymTab)
 <LI><a href="#[c4]">list_event</a> from cmd.o(i.list_event) referenced 2 times from cmd.o(FSymTab)
 <LI><a href="#[c6]">list_mailbox</a> from cmd.o(i.list_mailbox) referenced 2 times from cmd.o(FSymTab)
 <LI><a href="#[bb]">list_mem</a> from mem.o(i.list_mem) referenced from mem.o(FSymTab)
 <LI><a href="#[c8]">list_memheap</a> from cmd.o(i.list_memheap) referenced 2 times from cmd.o(FSymTab)
 <LI><a href="#[c9]">list_mempool</a> from cmd.o(i.list_mempool) referenced 2 times from cmd.o(FSymTab)
 <LI><a href="#[c7]">list_msgqueue</a> from cmd.o(i.list_msgqueue) referenced 2 times from cmd.o(FSymTab)
 <LI><a href="#[c5]">list_mutex</a> from cmd.o(i.list_mutex) referenced 2 times from cmd.o(FSymTab)
 <LI><a href="#[c3]">list_sem</a> from cmd.o(i.list_sem) referenced 2 times from cmd.o(FSymTab)
 <LI><a href="#[c2]">list_thread</a> from cmd.o(i.list_thread) referenced 2 times from cmd.o(FSymTab)
 <LI><a href="#[ca]">list_timer</a> from cmd.o(i.list_timer) referenced 2 times from cmd.o(FSymTab)
 <LI><a href="#[71]">main_thread_entry</a> from components.o(i.main_thread_entry) referenced from components.o(i.rt_application_init)
 <LI><a href="#[ce]">msh_enter</a> from msh.o(i.msh_enter) referenced from msh.o(FSymTab)
 <LI><a href="#[cd]">msh_exit</a> from msh.o(i.msh_exit) referenced from msh.o(FSymTab)
 <LI><a href="#[cf]">msh_help</a> from msh.o(i.msh_help) referenced from msh.o(FSymTab)
 <LI><a href="#[bc]">reboot</a> from drv_common.o(i.reboot) referenced from drv_common.o(FSymTab)
 <LI><a href="#[bd]">rt_pin_mode</a> from pin.o(i.rt_pin_mode) referenced from pin.o(FSymTab)
 <LI><a href="#[bf]">rt_pin_read</a> from pin.o(i.rt_pin_read) referenced from pin.o(FSymTab)
 <LI><a href="#[be]">rt_pin_write</a> from pin.o(i.rt_pin_write) referenced from pin.o(FSymTab)
 <LI><a href="#[77]">rt_serial_close</a> from serial.o(i.rt_serial_close) referenced from serial.o(i.rt_hw_serial_register)
 <LI><a href="#[7a]">rt_serial_control</a> from serial.o(i.rt_serial_control) referenced from serial.o(i.rt_hw_serial_register)
 <LI><a href="#[75]">rt_serial_init</a> from serial.o(i.rt_serial_init) referenced from serial.o(i.rt_hw_serial_register)
 <LI><a href="#[76]">rt_serial_open</a> from serial.o(i.rt_serial_open) referenced from serial.o(i.rt_hw_serial_register)
 <LI><a href="#[78]">rt_serial_read</a> from serial.o(i.rt_serial_read) referenced from serial.o(i.rt_hw_serial_register)
 <LI><a href="#[79]">rt_serial_write</a> from serial.o(i.rt_serial_write) referenced from serial.o(i.rt_hw_serial_register)
 <LI><a href="#[6d]">rt_thread_exit</a> from thread.o(i.rt_thread_exit) referenced from thread.o(i._rt_thread_init)
 <LI><a href="#[7b]">rt_thread_idle_entry</a> from idle.o(i.rt_thread_idle_entry) referenced from idle.o(i.rt_thread_idle_init)
 <LI><a href="#[6e]">rt_thread_timeout</a> from thread.o(i.rt_thread_timeout) referenced from thread.o(i._rt_thread_init)
 <LI><a href="#[b8]">rti_board_end</a> from components.o(i.rti_board_end) referenced from components.o(.rti_fn.1.end)
 <LI><a href="#[b7]">rti_board_start</a> from components.o(i.rti_board_start) referenced from components.o(.rti_fn.0.end)
 <LI><a href="#[ba]">rti_end</a> from components.o(i.rti_end) referenced from components.o(.rti_fn.6.end)
 <LI><a href="#[b6]">rti_start</a> from components.o(i.rti_start) referenced from components.o(.rti_fn.0)
 <LI><a href="#[82]">stm32_configure</a> from drv_usart.o(i.stm32_configure) referenced from drv_usart.o(.constdata)
 <LI><a href="#[83]">stm32_control</a> from drv_usart.o(i.stm32_control) referenced from drv_usart.o(.constdata)
 <LI><a href="#[85]">stm32_getc</a> from drv_usart.o(i.stm32_getc) referenced from drv_usart.o(.constdata)
 <LI><a href="#[7f]">stm32_pin_attach_irq</a> from drv_gpio.o(i.stm32_pin_attach_irq) referenced from drv_gpio.o(.constdata)
 <LI><a href="#[80]">stm32_pin_dettach_irq</a> from drv_gpio.o(i.stm32_pin_dettach_irq) referenced from drv_gpio.o(.constdata)
 <LI><a href="#[81]">stm32_pin_irq_enable</a> from drv_gpio.o(i.stm32_pin_irq_enable) referenced from drv_gpio.o(.constdata)
 <LI><a href="#[7c]">stm32_pin_mode</a> from drv_gpio.o(i.stm32_pin_mode) referenced from drv_gpio.o(.constdata)
 <LI><a href="#[7e]">stm32_pin_read</a> from drv_gpio.o(i.stm32_pin_read) referenced from drv_gpio.o(.constdata)
 <LI><a href="#[7d]">stm32_pin_write</a> from drv_gpio.o(i.stm32_pin_write) referenced from drv_gpio.o(.constdata)
 <LI><a href="#[84]">stm32_putc</a> from drv_usart.o(i.stm32_putc) referenced from drv_usart.o(.constdata)
 <LI><a href="#[c1]">version</a> from cmd.o(i.version) referenced 2 times from cmd.o(FSymTab)
</UL>
<P>
<H3>
Global Symbols
</H3>
<P><STRONG><a name="[d3]"></a>__main</STRONG> (Thumb, 8 bytes, Stack size 0 bytes, __main.o(!!!main))
<BR><BR>[Calls]<UL><LI><a href="#[d4]">&gt;&gt;</a>&nbsp;&nbsp;&nbsp;__scatterload
<LI><a href="#[d5]">&gt;&gt;</a>&nbsp;&nbsp;&nbsp;__rt_entry
</UL>

<P><STRONG><a name="[d4]"></a>__scatterload</STRONG> (Thumb, 0 bytes, Stack size unknown bytes, __scatter.o(!!!scatter))
<BR><BR>[Called By]<UL><LI><a href="#[d3]">&gt;&gt;</a>&nbsp;&nbsp;&nbsp;__main
</UL>

<P><STRONG><a name="[d6]"></a>__scatterload_rt2</STRONG> (Thumb, 44 bytes, Stack size unknown bytes, __scatter.o(!!!scatter), UNUSED)
<BR><BR>[Calls]<UL><LI><a href="#[d5]">&gt;&gt;</a>&nbsp;&nbsp;&nbsp;__rt_entry
</UL>

<P><STRONG><a name="[21b]"></a>__scatterload_rt2_thumb_only</STRONG> (Thumb, 0 bytes, Stack size unknown bytes, __scatter.o(!!!scatter), UNUSED)

<P><STRONG><a name="[21c]"></a>__scatterload_null</STRONG> (Thumb, 0 bytes, Stack size unknown bytes, __scatter.o(!!!scatter), UNUSED)

<P><STRONG><a name="[21d]"></a>__decompress</STRONG> (Thumb, 90 bytes, Stack size unknown bytes, __dczerorl2.o(!!dczerorl2), UNUSED)

<P><STRONG><a name="[21e]"></a>__decompress1</STRONG> (Thumb, 0 bytes, Stack size unknown bytes, __dczerorl2.o(!!dczerorl2), UNUSED)

<P><STRONG><a name="[21f]"></a>__scatterload_zeroinit</STRONG> (Thumb, 28 bytes, Stack size unknown bytes, __scatter_zi.o(!!handler_zi), UNUSED)

<P><STRONG><a name="[df]"></a>__rt_lib_init</STRONG> (Thumb, 0 bytes, Stack size unknown bytes, libinit.o(.ARM.Collect$$libinit$$00000000))
<BR><BR>[Called By]<UL><LI><a href="#[de]">&gt;&gt;</a>&nbsp;&nbsp;&nbsp;__rt_entry_li
</UL>

<P><STRONG><a name="[d7]"></a>__rt_lib_init_fp_1</STRONG> (Thumb, 0 bytes, Stack size unknown bytes, libinit2.o(.ARM.Collect$$libinit$$00000001))
<BR><BR>[Calls]<UL><LI><a href="#[d8]">&gt;&gt;</a>&nbsp;&nbsp;&nbsp;_fp_init
</UL>

<P><STRONG><a name="[220]"></a>__rt_lib_init_heap_1</STRONG> (Thumb, 0 bytes, Stack size unknown bytes, libinit2.o(.ARM.Collect$$libinit$$0000000A))

<P><STRONG><a name="[d9]"></a>__rt_lib_init_lc_common</STRONG> (Thumb, 0 bytes, Stack size unknown bytes, libinit2.o(.ARM.Collect$$libinit$$0000000F))
<BR><BR>[Calls]<UL><LI><a href="#[da]">&gt;&gt;</a>&nbsp;&nbsp;&nbsp;__rt_locale
</UL>

<P><STRONG><a name="[221]"></a>__rt_lib_init_preinit_1</STRONG> (Thumb, 0 bytes, Stack size unknown bytes, libinit2.o(.ARM.Collect$$libinit$$00000004))

<P><STRONG><a name="[222]"></a>__rt_lib_init_rand_1</STRONG> (Thumb, 0 bytes, Stack size unknown bytes, libinit2.o(.ARM.Collect$$libinit$$0000000E))

<P><STRONG><a name="[223]"></a>__rt_lib_init_user_alloc_1</STRONG> (Thumb, 0 bytes, Stack size unknown bytes, libinit2.o(.ARM.Collect$$libinit$$0000000C))

<P><STRONG><a name="[224]"></a>__rt_lib_init_lc_collate_1</STRONG> (Thumb, 0 bytes, Stack size unknown bytes, libinit2.o(.ARM.Collect$$libinit$$00000011))

<P><STRONG><a name="[db]"></a>__rt_lib_init_lc_ctype_2</STRONG> (Thumb, 0 bytes, Stack size unknown bytes, libinit2.o(.ARM.Collect$$libinit$$00000012))
<BR><BR>[Stack]<UL><LI>Max Depth = 8 + Unknown Stack Size
<LI>Call Chain = __rt_lib_init_lc_ctype_2 &rArr; _get_lc_ctype
</UL>
<BR>[Calls]<UL><LI><a href="#[69]">&gt;&gt;</a>&nbsp;&nbsp;&nbsp;_get_lc_ctype
</UL>

<P><STRONG><a name="[225]"></a>__rt_lib_init_alloca_1</STRONG> (Thumb, 0 bytes, Stack size unknown bytes, libinit2.o(.ARM.Collect$$libinit$$0000002E))

<P><STRONG><a name="[226]"></a>__rt_lib_init_argv_1</STRONG> (Thumb, 0 bytes, Stack size unknown bytes, libinit2.o(.ARM.Collect$$libinit$$0000002C))

<P><STRONG><a name="[227]"></a>__rt_lib_init_atexit_1</STRONG> (Thumb, 0 bytes, Stack size unknown bytes, libinit2.o(.ARM.Collect$$libinit$$0000001B))

<P><STRONG><a name="[228]"></a>__rt_lib_init_clock_1</STRONG> (Thumb, 0 bytes, Stack size unknown bytes, libinit2.o(.ARM.Collect$$libinit$$00000021))

<P><STRONG><a name="[229]"></a>__rt_lib_init_cpp_1</STRONG> (Thumb, 0 bytes, Stack size unknown bytes, libinit2.o(.ARM.Collect$$libinit$$00000032))

<P><STRONG><a name="[22a]"></a>__rt_lib_init_exceptions_1</STRONG> (Thumb, 0 bytes, Stack size unknown bytes, libinit2.o(.ARM.Collect$$libinit$$00000030))

<P><STRONG><a name="[22b]"></a>__rt_lib_init_fp_trap_1</STRONG> (Thumb, 0 bytes, Stack size unknown bytes, libinit2.o(.ARM.Collect$$libinit$$0000001F))

<P><STRONG><a name="[22c]"></a>__rt_lib_init_getenv_1</STRONG> (Thumb, 0 bytes, Stack size unknown bytes, libinit2.o(.ARM.Collect$$libinit$$00000023))

<P><STRONG><a name="[22d]"></a>__rt_lib_init_lc_ctype_1</STRONG> (Thumb, 0 bytes, Stack size unknown bytes, libinit2.o(.ARM.Collect$$libinit$$00000013))

<P><STRONG><a name="[22e]"></a>__rt_lib_init_lc_monetary_1</STRONG> (Thumb, 0 bytes, Stack size unknown bytes, libinit2.o(.ARM.Collect$$libinit$$00000015))

<P><STRONG><a name="[22f]"></a>__rt_lib_init_lc_numeric_1</STRONG> (Thumb, 0 bytes, Stack size unknown bytes, libinit2.o(.ARM.Collect$$libinit$$00000017))

<P><STRONG><a name="[230]"></a>__rt_lib_init_lc_time_1</STRONG> (Thumb, 0 bytes, Stack size unknown bytes, libinit2.o(.ARM.Collect$$libinit$$00000019))

<P><STRONG><a name="[231]"></a>__rt_lib_init_return</STRONG> (Thumb, 0 bytes, Stack size unknown bytes, libinit2.o(.ARM.Collect$$libinit$$00000033))

<P><STRONG><a name="[232]"></a>__rt_lib_init_signal_1</STRONG> (Thumb, 0 bytes, Stack size unknown bytes, libinit2.o(.ARM.Collect$$libinit$$0000001D))

<P><STRONG><a name="[233]"></a>__rt_lib_init_stdio_1</STRONG> (Thumb, 0 bytes, Stack size unknown bytes, libinit2.o(.ARM.Collect$$libinit$$00000025))

<P><STRONG><a name="[e4]"></a>__rt_lib_shutdown</STRONG> (Thumb, 0 bytes, Stack size unknown bytes, libshutdown.o(.ARM.Collect$$libshutdown$$00000000))
<BR><BR>[Called By]<UL><LI><a href="#[e3]">&gt;&gt;</a>&nbsp;&nbsp;&nbsp;__rt_exit_ls
</UL>

<P><STRONG><a name="[234]"></a>__rt_lib_shutdown_cpp_1</STRONG> (Thumb, 0 bytes, Stack size unknown bytes, libshutdown2.o(.ARM.Collect$$libshutdown$$00000002))

<P><STRONG><a name="[235]"></a>__rt_lib_shutdown_fp_trap_1</STRONG> (Thumb, 0 bytes, Stack size unknown bytes, libshutdown2.o(.ARM.Collect$$libshutdown$$00000007))

<P><STRONG><a name="[236]"></a>__rt_lib_shutdown_heap_1</STRONG> (Thumb, 0 bytes, Stack size unknown bytes, libshutdown2.o(.ARM.Collect$$libshutdown$$0000000F))

<P><STRONG><a name="[237]"></a>__rt_lib_shutdown_return</STRONG> (Thumb, 0 bytes, Stack size unknown bytes, libshutdown2.o(.ARM.Collect$$libshutdown$$00000010))

<P><STRONG><a name="[238]"></a>__rt_lib_shutdown_signal_1</STRONG> (Thumb, 0 bytes, Stack size unknown bytes, libshutdown2.o(.ARM.Collect$$libshutdown$$0000000A))

<P><STRONG><a name="[239]"></a>__rt_lib_shutdown_stdio_1</STRONG> (Thumb, 0 bytes, Stack size unknown bytes, libshutdown2.o(.ARM.Collect$$libshutdown$$00000004))

<P><STRONG><a name="[23a]"></a>__rt_lib_shutdown_user_alloc_1</STRONG> (Thumb, 0 bytes, Stack size unknown bytes, libshutdown2.o(.ARM.Collect$$libshutdown$$0000000C))

<P><STRONG><a name="[d5]"></a>__rt_entry</STRONG> (Thumb, 0 bytes, Stack size unknown bytes, __rtentry.o(.ARM.Collect$$rtentry$$00000000))
<BR><BR>[Called By]<UL><LI><a href="#[d6]">&gt;&gt;</a>&nbsp;&nbsp;&nbsp;__scatterload_rt2
<LI><a href="#[d3]">&gt;&gt;</a>&nbsp;&nbsp;&nbsp;__main
</UL>

<P><STRONG><a name="[23b]"></a>__rt_entry_presh_1</STRONG> (Thumb, 0 bytes, Stack size unknown bytes, __rtentry2.o(.ARM.Collect$$rtentry$$00000002))

<P><STRONG><a name="[dc]"></a>__rt_entry_sh</STRONG> (Thumb, 0 bytes, Stack size unknown bytes, __rtentry4.o(.ARM.Collect$$rtentry$$00000004))
<BR><BR>[Stack]<UL><LI>Max Depth = 8 + Unknown Stack Size
<LI>Call Chain = __rt_entry_sh &rArr; __user_setup_stackheap
</UL>
<BR>[Calls]<UL><LI><a href="#[dd]">&gt;&gt;</a>&nbsp;&nbsp;&nbsp;__user_setup_stackheap
</UL>

<P><STRONG><a name="[de]"></a>__rt_entry_li</STRONG> (Thumb, 0 bytes, Stack size unknown bytes, __rtentry2.o(.ARM.Collect$$rtentry$$0000000A))
<BR><BR>[Calls]<UL><LI><a href="#[df]">&gt;&gt;</a>&nbsp;&nbsp;&nbsp;__rt_lib_init
</UL>

<P><STRONG><a name="[23c]"></a>__rt_entry_postsh_1</STRONG> (Thumb, 0 bytes, Stack size unknown bytes, __rtentry2.o(.ARM.Collect$$rtentry$$00000009))

<P><STRONG><a name="[e0]"></a>__rt_entry_main</STRONG> (Thumb, 0 bytes, Stack size unknown bytes, __rtentry2.o(.ARM.Collect$$rtentry$$0000000D))
<BR><BR>[Stack]<UL><LI>Max Depth = 436 + Unknown Stack Size
<LI>Call Chain = __rt_entry_main &rArr; main &rArr; rtthread_startup &rArr; rt_thread_idle_init &rArr; rt_thread_init &rArr; _rt_thread_init &rArr; rt_timer_init &rArr; rt_object_init &rArr; rt_exit_critical &rArr; rt_schedule &rArr; _rt_scheduler_stack_check &rArr;  list_thread (Cycle)
</UL>
<BR>[Calls]<UL><LI><a href="#[e1]">&gt;&gt;</a>&nbsp;&nbsp;&nbsp;main
<LI><a href="#[e2]">&gt;&gt;</a>&nbsp;&nbsp;&nbsp;exit
</UL>

<P><STRONG><a name="[23d]"></a>__rt_entry_postli_1</STRONG> (Thumb, 0 bytes, Stack size unknown bytes, __rtentry2.o(.ARM.Collect$$rtentry$$0000000C))

<P><STRONG><a name="[f6]"></a>__rt_exit</STRONG> (Thumb, 0 bytes, Stack size unknown bytes, rtexit.o(.ARM.Collect$$rtexit$$00000000))
<BR><BR>[Called By]<UL><LI><a href="#[e2]">&gt;&gt;</a>&nbsp;&nbsp;&nbsp;exit
</UL>

<P><STRONG><a name="[e3]"></a>__rt_exit_ls</STRONG> (Thumb, 0 bytes, Stack size unknown bytes, rtexit2.o(.ARM.Collect$$rtexit$$00000003))
<BR><BR>[Calls]<UL><LI><a href="#[e4]">&gt;&gt;</a>&nbsp;&nbsp;&nbsp;__rt_lib_shutdown
</UL>

<P><STRONG><a name="[23e]"></a>__rt_exit_prels_1</STRONG> (Thumb, 0 bytes, Stack size unknown bytes, rtexit2.o(.ARM.Collect$$rtexit$$00000002))

<P><STRONG><a name="[e5]"></a>__rt_exit_exit</STRONG> (Thumb, 0 bytes, Stack size unknown bytes, rtexit2.o(.ARM.Collect$$rtexit$$00000004))
<BR><BR>[Calls]<UL><LI><a href="#[e6]">&gt;&gt;</a>&nbsp;&nbsp;&nbsp;_sys_exit
</UL>

<P><STRONG><a name="[3]"></a>Reset_Handler</STRONG> (Thumb, 8 bytes, Stack size 0 bytes, startup_stm32f429xx.o(.text))
<BR>[Address Reference Count : 1]<UL><LI> startup_stm32f429xx.o(RESET)
</UL>
<P><STRONG><a name="[4]"></a>NMI_Handler</STRONG> (Thumb, 2 bytes, Stack size 0 bytes, startup_stm32f429xx.o(.text))
<BR><BR>[Calls]<UL><LI><a href="#[4]">&gt;&gt;</a>&nbsp;&nbsp;&nbsp;NMI_Handler
</UL>
<BR>[Called By]<UL><LI><a href="#[4]">&gt;&gt;</a>&nbsp;&nbsp;&nbsp;NMI_Handler
</UL>
<BR>[Address Reference Count : 1]<UL><LI> startup_stm32f429xx.o(RESET)
</UL>
<P><STRONG><a name="[6]"></a>MemManage_Handler</STRONG> (Thumb, 2 bytes, Stack size 0 bytes, startup_stm32f429xx.o(.text))
<BR><BR>[Calls]<UL><LI><a href="#[6]">&gt;&gt;</a>&nbsp;&nbsp;&nbsp;MemManage_Handler
</UL>
<BR>[Called By]<UL><LI><a href="#[6]">&gt;&gt;</a>&nbsp;&nbsp;&nbsp;MemManage_Handler
</UL>
<BR>[Address Reference Count : 1]<UL><LI> startup_stm32f429xx.o(RESET)
</UL>
<P><STRONG><a name="[7]"></a>BusFault_Handler</STRONG> (Thumb, 2 bytes, Stack size 0 bytes, startup_stm32f429xx.o(.text))
<BR><BR>[Calls]<UL><LI><a href="#[7]">&gt;&gt;</a>&nbsp;&nbsp;&nbsp;BusFault_Handler
</UL>
<BR>[Called By]<UL><LI><a href="#[7]">&gt;&gt;</a>&nbsp;&nbsp;&nbsp;BusFault_Handler
</UL>
<BR>[Address Reference Count : 1]<UL><LI> startup_stm32f429xx.o(RESET)
</UL>
<P><STRONG><a name="[8]"></a>UsageFault_Handler</STRONG> (Thumb, 2 bytes, Stack size 0 bytes, startup_stm32f429xx.o(.text))
<BR><BR>[Calls]<UL><LI><a href="#[8]">&gt;&gt;</a>&nbsp;&nbsp;&nbsp;UsageFault_Handler
</UL>
<BR>[Called By]<UL><LI><a href="#[8]">&gt;&gt;</a>&nbsp;&nbsp;&nbsp;UsageFault_Handler
</UL>
<BR>[Address Reference Count : 1]<UL><LI> startup_stm32f429xx.o(RESET)
</UL>
<P><STRONG><a name="[9]"></a>SVC_Handler</STRONG> (Thumb, 2 bytes, Stack size 0 bytes, startup_stm32f429xx.o(.text))
<BR><BR>[Calls]<UL><LI><a href="#[9]">&gt;&gt;</a>&nbsp;&nbsp;&nbsp;SVC_Handler
</UL>
<BR>[Called By]<UL><LI><a href="#[9]">&gt;&gt;</a>&nbsp;&nbsp;&nbsp;SVC_Handler
</UL>
<BR>[Address Reference Count : 1]<UL><LI> startup_stm32f429xx.o(RESET)
</UL>
<P><STRONG><a name="[a]"></a>DebugMon_Handler</STRONG> (Thumb, 2 bytes, Stack size 0 bytes, startup_stm32f429xx.o(.text))
<BR><BR>[Calls]<UL><LI><a href="#[a]">&gt;&gt;</a>&nbsp;&nbsp;&nbsp;DebugMon_Handler
</UL>
<BR>[Called By]<UL><LI><a href="#[a]">&gt;&gt;</a>&nbsp;&nbsp;&nbsp;DebugMon_Handler
</UL>
<BR>[Address Reference Count : 1]<UL><LI> startup_stm32f429xx.o(RESET)
</UL>
<P><STRONG><a name="[1f]"></a>ADC_IRQHandler</STRONG> (Thumb, 0 bytes, Stack size 0 bytes, startup_stm32f429xx.o(.text))
<BR><BR>[Calls]<UL><LI><a href="#[1f]">&gt;&gt;</a>&nbsp;&nbsp;&nbsp;ADC_IRQHandler
</UL>
<BR>[Called By]<UL><LI><a href="#[1f]">&gt;&gt;</a>&nbsp;&nbsp;&nbsp;ADC_IRQHandler
</UL>
<BR>[Address Reference Count : 1]<UL><LI> startup_stm32f429xx.o(RESET)
</UL>
<P><STRONG><a name="[21]"></a>CAN1_RX0_IRQHandler</STRONG> (Thumb, 0 bytes, Stack size 0 bytes, startup_stm32f429xx.o(.text))
<BR>[Address Reference Count : 1]<UL><LI> startup_stm32f429xx.o(RESET)
</UL>
<P><STRONG><a name="[22]"></a>CAN1_RX1_IRQHandler</STRONG> (Thumb, 0 bytes, Stack size 0 bytes, startup_stm32f429xx.o(.text))
<BR>[Address Reference Count : 1]<UL><LI> startup_stm32f429xx.o(RESET)
</UL>
<P><STRONG><a name="[23]"></a>CAN1_SCE_IRQHandler</STRONG> (Thumb, 0 bytes, Stack size 0 bytes, startup_stm32f429xx.o(.text))
<BR>[Address Reference Count : 1]<UL><LI> startup_stm32f429xx.o(RESET)
</UL>
<P><STRONG><a name="[20]"></a>CAN1_TX_IRQHandler</STRONG> (Thumb, 0 bytes, Stack size 0 bytes, startup_stm32f429xx.o(.text))
<BR>[Address Reference Count : 1]<UL><LI> startup_stm32f429xx.o(RESET)
</UL>
<P><STRONG><a name="[4d]"></a>CAN2_RX0_IRQHandler</STRONG> (Thumb, 0 bytes, Stack size 0 bytes, startup_stm32f429xx.o(.text))
<BR>[Address Reference Count : 1]<UL><LI> startup_stm32f429xx.o(RESET)
</UL>
<P><STRONG><a name="[4e]"></a>CAN2_RX1_IRQHandler</STRONG> (Thumb, 0 bytes, Stack size 0 bytes, startup_stm32f429xx.o(.text))
<BR>[Address Reference Count : 1]<UL><LI> startup_stm32f429xx.o(RESET)
</UL>
<P><STRONG><a name="[4f]"></a>CAN2_SCE_IRQHandler</STRONG> (Thumb, 0 bytes, Stack size 0 bytes, startup_stm32f429xx.o(.text))
<BR>[Address Reference Count : 1]<UL><LI> startup_stm32f429xx.o(RESET)
</UL>
<P><STRONG><a name="[4c]"></a>CAN2_TX_IRQHandler</STRONG> (Thumb, 0 bytes, Stack size 0 bytes, startup_stm32f429xx.o(.text))
<BR>[Address Reference Count : 1]<UL><LI> startup_stm32f429xx.o(RESET)
</UL>
<P><STRONG><a name="[5b]"></a>DCMI_IRQHandler</STRONG> (Thumb, 0 bytes, Stack size 0 bytes, startup_stm32f429xx.o(.text))
<BR>[Address Reference Count : 1]<UL><LI> startup_stm32f429xx.o(RESET)
</UL>
<P><STRONG><a name="[18]"></a>DMA1_Stream0_IRQHandler</STRONG> (Thumb, 0 bytes, Stack size 0 bytes, startup_stm32f429xx.o(.text))
<BR>[Address Reference Count : 1]<UL><LI> startup_stm32f429xx.o(RESET)
</UL>
<P><STRONG><a name="[19]"></a>DMA1_Stream1_IRQHandler</STRONG> (Thumb, 0 bytes, Stack size 0 bytes, startup_stm32f429xx.o(.text))
<BR>[Address Reference Count : 1]<UL><LI> startup_stm32f429xx.o(RESET)
</UL>
<P><STRONG><a name="[1a]"></a>DMA1_Stream2_IRQHandler</STRONG> (Thumb, 0 bytes, Stack size 0 bytes, startup_stm32f429xx.o(.text))
<BR>[Address Reference Count : 1]<UL><LI> startup_stm32f429xx.o(RESET)
</UL>
<P><STRONG><a name="[1b]"></a>DMA1_Stream3_IRQHandler</STRONG> (Thumb, 0 bytes, Stack size 0 bytes, startup_stm32f429xx.o(.text))
<BR>[Address Reference Count : 1]<UL><LI> startup_stm32f429xx.o(RESET)
</UL>
<P><STRONG><a name="[1c]"></a>DMA1_Stream4_IRQHandler</STRONG> (Thumb, 0 bytes, Stack size 0 bytes, startup_stm32f429xx.o(.text))
<BR>[Address Reference Count : 1]<UL><LI> startup_stm32f429xx.o(RESET)
</UL>
<P><STRONG><a name="[1d]"></a>DMA1_Stream5_IRQHandler</STRONG> (Thumb, 0 bytes, Stack size 0 bytes, startup_stm32f429xx.o(.text))
<BR>[Address Reference Count : 1]<UL><LI> startup_stm32f429xx.o(RESET)
</UL>
<P><STRONG><a name="[1e]"></a>DMA1_Stream6_IRQHandler</STRONG> (Thumb, 0 bytes, Stack size 0 bytes, startup_stm32f429xx.o(.text))
<BR>[Address Reference Count : 1]<UL><LI> startup_stm32f429xx.o(RESET)
</UL>
<P><STRONG><a name="[3c]"></a>DMA1_Stream7_IRQHandler</STRONG> (Thumb, 0 bytes, Stack size 0 bytes, startup_stm32f429xx.o(.text))
<BR>[Address Reference Count : 1]<UL><LI> startup_stm32f429xx.o(RESET)
</UL>
<P><STRONG><a name="[66]"></a>DMA2D_IRQHandler</STRONG> (Thumb, 0 bytes, Stack size 0 bytes, startup_stm32f429xx.o(.text))
<BR>[Address Reference Count : 1]<UL><LI> startup_stm32f429xx.o(RESET)
</UL>
<P><STRONG><a name="[45]"></a>DMA2_Stream0_IRQHandler</STRONG> (Thumb, 0 bytes, Stack size 0 bytes, startup_stm32f429xx.o(.text))
<BR>[Address Reference Count : 1]<UL><LI> startup_stm32f429xx.o(RESET)
</UL>
<P><STRONG><a name="[46]"></a>DMA2_Stream1_IRQHandler</STRONG> (Thumb, 0 bytes, Stack size 0 bytes, startup_stm32f429xx.o(.text))
<BR>[Address Reference Count : 1]<UL><LI> startup_stm32f429xx.o(RESET)
</UL>
<P><STRONG><a name="[47]"></a>DMA2_Stream2_IRQHandler</STRONG> (Thumb, 0 bytes, Stack size 0 bytes, startup_stm32f429xx.o(.text))
<BR>[Address Reference Count : 1]<UL><LI> startup_stm32f429xx.o(RESET)
</UL>
<P><STRONG><a name="[48]"></a>DMA2_Stream3_IRQHandler</STRONG> (Thumb, 0 bytes, Stack size 0 bytes, startup_stm32f429xx.o(.text))
<BR>[Address Reference Count : 1]<UL><LI> startup_stm32f429xx.o(RESET)
</UL>
<P><STRONG><a name="[49]"></a>DMA2_Stream4_IRQHandler</STRONG> (Thumb, 0 bytes, Stack size 0 bytes, startup_stm32f429xx.o(.text))
<BR>[Address Reference Count : 1]<UL><LI> startup_stm32f429xx.o(RESET)
</UL>
<P><STRONG><a name="[51]"></a>DMA2_Stream5_IRQHandler</STRONG> (Thumb, 0 bytes, Stack size 0 bytes, startup_stm32f429xx.o(.text))
<BR>[Address Reference Count : 1]<UL><LI> startup_stm32f429xx.o(RESET)
</UL>
<P><STRONG><a name="[52]"></a>DMA2_Stream6_IRQHandler</STRONG> (Thumb, 0 bytes, Stack size 0 bytes, startup_stm32f429xx.o(.text))
<BR>[Address Reference Count : 1]<UL><LI> startup_stm32f429xx.o(RESET)
</UL>
<P><STRONG><a name="[53]"></a>DMA2_Stream7_IRQHandler</STRONG> (Thumb, 0 bytes, Stack size 0 bytes, startup_stm32f429xx.o(.text))
<BR>[Address Reference Count : 1]<UL><LI> startup_stm32f429xx.o(RESET)
</UL>
<P><STRONG><a name="[4a]"></a>ETH_IRQHandler</STRONG> (Thumb, 0 bytes, Stack size 0 bytes, startup_stm32f429xx.o(.text))
<BR>[Address Reference Count : 1]<UL><LI> startup_stm32f429xx.o(RESET)
</UL>
<P><STRONG><a name="[4b]"></a>ETH_WKUP_IRQHandler</STRONG> (Thumb, 0 bytes, Stack size 0 bytes, startup_stm32f429xx.o(.text))
<BR>[Address Reference Count : 1]<UL><LI> startup_stm32f429xx.o(RESET)
</UL>
<P><STRONG><a name="[11]"></a>FLASH_IRQHandler</STRONG> (Thumb, 0 bytes, Stack size 0 bytes, startup_stm32f429xx.o(.text))
<BR>[Address Reference Count : 1]<UL><LI> startup_stm32f429xx.o(RESET)
</UL>
<P><STRONG><a name="[3d]"></a>FMC_IRQHandler</STRONG> (Thumb, 0 bytes, Stack size 0 bytes, startup_stm32f429xx.o(.text))
<BR>[Address Reference Count : 1]<UL><LI> startup_stm32f429xx.o(RESET)
</UL>
<P><STRONG><a name="[5d]"></a>FPU_IRQHandler</STRONG> (Thumb, 0 bytes, Stack size 0 bytes, startup_stm32f429xx.o(.text))
<BR>[Address Reference Count : 1]<UL><LI> startup_stm32f429xx.o(RESET)
</UL>
<P><STRONG><a name="[5c]"></a>HASH_RNG_IRQHandler</STRONG> (Thumb, 0 bytes, Stack size 0 bytes, startup_stm32f429xx.o(.text))
<BR>[Address Reference Count : 1]<UL><LI> startup_stm32f429xx.o(RESET)
</UL>
<P><STRONG><a name="[2d]"></a>I2C1_ER_IRQHandler</STRONG> (Thumb, 0 bytes, Stack size 0 bytes, startup_stm32f429xx.o(.text))
<BR>[Address Reference Count : 1]<UL><LI> startup_stm32f429xx.o(RESET)
</UL>
<P><STRONG><a name="[2c]"></a>I2C1_EV_IRQHandler</STRONG> (Thumb, 0 bytes, Stack size 0 bytes, startup_stm32f429xx.o(.text))
<BR>[Address Reference Count : 1]<UL><LI> startup_stm32f429xx.o(RESET)
</UL>
<P><STRONG><a name="[2f]"></a>I2C2_ER_IRQHandler</STRONG> (Thumb, 0 bytes, Stack size 0 bytes, startup_stm32f429xx.o(.text))
<BR>[Address Reference Count : 1]<UL><LI> startup_stm32f429xx.o(RESET)
</UL>
<P><STRONG><a name="[2e]"></a>I2C2_EV_IRQHandler</STRONG> (Thumb, 0 bytes, Stack size 0 bytes, startup_stm32f429xx.o(.text))
<BR>[Address Reference Count : 1]<UL><LI> startup_stm32f429xx.o(RESET)
</UL>
<P><STRONG><a name="[56]"></a>I2C3_ER_IRQHandler</STRONG> (Thumb, 0 bytes, Stack size 0 bytes, startup_stm32f429xx.o(.text))
<BR>[Address Reference Count : 1]<UL><LI> startup_stm32f429xx.o(RESET)
</UL>
<P><STRONG><a name="[55]"></a>I2C3_EV_IRQHandler</STRONG> (Thumb, 0 bytes, Stack size 0 bytes, startup_stm32f429xx.o(.text))
<BR>[Address Reference Count : 1]<UL><LI> startup_stm32f429xx.o(RESET)
</UL>
<P><STRONG><a name="[65]"></a>LTDC_ER_IRQHandler</STRONG> (Thumb, 0 bytes, Stack size 0 bytes, startup_stm32f429xx.o(.text))
<BR>[Address Reference Count : 1]<UL><LI> startup_stm32f429xx.o(RESET)
</UL>
<P><STRONG><a name="[64]"></a>LTDC_IRQHandler</STRONG> (Thumb, 0 bytes, Stack size 0 bytes, startup_stm32f429xx.o(.text))
<BR>[Address Reference Count : 1]<UL><LI> startup_stm32f429xx.o(RESET)
</UL>
<P><STRONG><a name="[50]"></a>OTG_FS_IRQHandler</STRONG> (Thumb, 0 bytes, Stack size 0 bytes, startup_stm32f429xx.o(.text))
<BR>[Address Reference Count : 1]<UL><LI> startup_stm32f429xx.o(RESET)
</UL>
<P><STRONG><a name="[37]"></a>OTG_FS_WKUP_IRQHandler</STRONG> (Thumb, 0 bytes, Stack size 0 bytes, startup_stm32f429xx.o(.text))
<BR>[Address Reference Count : 1]<UL><LI> startup_stm32f429xx.o(RESET)
</UL>
<P><STRONG><a name="[58]"></a>OTG_HS_EP1_IN_IRQHandler</STRONG> (Thumb, 0 bytes, Stack size 0 bytes, startup_stm32f429xx.o(.text))
<BR>[Address Reference Count : 1]<UL><LI> startup_stm32f429xx.o(RESET)
</UL>
<P><STRONG><a name="[57]"></a>OTG_HS_EP1_OUT_IRQHandler</STRONG> (Thumb, 0 bytes, Stack size 0 bytes, startup_stm32f429xx.o(.text))
<BR>[Address Reference Count : 1]<UL><LI> startup_stm32f429xx.o(RESET)
</UL>
<P><STRONG><a name="[5a]"></a>OTG_HS_IRQHandler</STRONG> (Thumb, 0 bytes, Stack size 0 bytes, startup_stm32f429xx.o(.text))
<BR>[Address Reference Count : 1]<UL><LI> startup_stm32f429xx.o(RESET)
</UL>
<P><STRONG><a name="[59]"></a>OTG_HS_WKUP_IRQHandler</STRONG> (Thumb, 0 bytes, Stack size 0 bytes, startup_stm32f429xx.o(.text))
<BR>[Address Reference Count : 1]<UL><LI> startup_stm32f429xx.o(RESET)
</UL>
<P><STRONG><a name="[e]"></a>PVD_IRQHandler</STRONG> (Thumb, 0 bytes, Stack size 0 bytes, startup_stm32f429xx.o(.text))
<BR>[Address Reference Count : 1]<UL><LI> startup_stm32f429xx.o(RESET)
</UL>
<P><STRONG><a name="[12]"></a>RCC_IRQHandler</STRONG> (Thumb, 0 bytes, Stack size 0 bytes, startup_stm32f429xx.o(.text))
<BR>[Address Reference Count : 1]<UL><LI> startup_stm32f429xx.o(RESET)
</UL>
<P><STRONG><a name="[36]"></a>RTC_Alarm_IRQHandler</STRONG> (Thumb, 0 bytes, Stack size 0 bytes, startup_stm32f429xx.o(.text))
<BR>[Address Reference Count : 1]<UL><LI> startup_stm32f429xx.o(RESET)
</UL>
<P><STRONG><a name="[10]"></a>RTC_WKUP_IRQHandler</STRONG> (Thumb, 0 bytes, Stack size 0 bytes, startup_stm32f429xx.o(.text))
<BR>[Address Reference Count : 1]<UL><LI> startup_stm32f429xx.o(RESET)
</UL>
<P><STRONG><a name="[63]"></a>SAI1_IRQHandler</STRONG> (Thumb, 0 bytes, Stack size 0 bytes, startup_stm32f429xx.o(.text))
<BR>[Address Reference Count : 1]<UL><LI> startup_stm32f429xx.o(RESET)
</UL>
<P><STRONG><a name="[3e]"></a>SDIO_IRQHandler</STRONG> (Thumb, 0 bytes, Stack size 0 bytes, startup_stm32f429xx.o(.text))
<BR>[Address Reference Count : 1]<UL><LI> startup_stm32f429xx.o(RESET)
</UL>
<P><STRONG><a name="[30]"></a>SPI1_IRQHandler</STRONG> (Thumb, 0 bytes, Stack size 0 bytes, startup_stm32f429xx.o(.text))
<BR>[Address Reference Count : 1]<UL><LI> startup_stm32f429xx.o(RESET)
</UL>
<P><STRONG><a name="[31]"></a>SPI2_IRQHandler</STRONG> (Thumb, 0 bytes, Stack size 0 bytes, startup_stm32f429xx.o(.text))
<BR>[Address Reference Count : 1]<UL><LI> startup_stm32f429xx.o(RESET)
</UL>
<P><STRONG><a name="[40]"></a>SPI3_IRQHandler</STRONG> (Thumb, 0 bytes, Stack size 0 bytes, startup_stm32f429xx.o(.text))
<BR>[Address Reference Count : 1]<UL><LI> startup_stm32f429xx.o(RESET)
</UL>
<P><STRONG><a name="[60]"></a>SPI4_IRQHandler</STRONG> (Thumb, 0 bytes, Stack size 0 bytes, startup_stm32f429xx.o(.text))
<BR>[Address Reference Count : 1]<UL><LI> startup_stm32f429xx.o(RESET)
</UL>
<P><STRONG><a name="[61]"></a>SPI5_IRQHandler</STRONG> (Thumb, 0 bytes, Stack size 0 bytes, startup_stm32f429xx.o(.text))
<BR>[Address Reference Count : 1]<UL><LI> startup_stm32f429xx.o(RESET)
</UL>
<P><STRONG><a name="[62]"></a>SPI6_IRQHandler</STRONG> (Thumb, 0 bytes, Stack size 0 bytes, startup_stm32f429xx.o(.text))
<BR>[Address Reference Count : 1]<UL><LI> startup_stm32f429xx.o(RESET)
</UL>
<P><STRONG><a name="[f]"></a>TAMP_STAMP_IRQHandler</STRONG> (Thumb, 0 bytes, Stack size 0 bytes, startup_stm32f429xx.o(.text))
<BR>[Address Reference Count : 1]<UL><LI> startup_stm32f429xx.o(RESET)
</UL>
<P><STRONG><a name="[25]"></a>TIM1_BRK_TIM9_IRQHandler</STRONG> (Thumb, 0 bytes, Stack size 0 bytes, startup_stm32f429xx.o(.text))
<BR>[Address Reference Count : 1]<UL><LI> startup_stm32f429xx.o(RESET)
</UL>
<P><STRONG><a name="[28]"></a>TIM1_CC_IRQHandler</STRONG> (Thumb, 0 bytes, Stack size 0 bytes, startup_stm32f429xx.o(.text))
<BR>[Address Reference Count : 1]<UL><LI> startup_stm32f429xx.o(RESET)
</UL>
<P><STRONG><a name="[27]"></a>TIM1_TRG_COM_TIM11_IRQHandler</STRONG> (Thumb, 0 bytes, Stack size 0 bytes, startup_stm32f429xx.o(.text))
<BR>[Address Reference Count : 1]<UL><LI> startup_stm32f429xx.o(RESET)
</UL>
<P><STRONG><a name="[26]"></a>TIM1_UP_TIM10_IRQHandler</STRONG> (Thumb, 0 bytes, Stack size 0 bytes, startup_stm32f429xx.o(.text))
<BR>[Address Reference Count : 1]<UL><LI> startup_stm32f429xx.o(RESET)
</UL>
<P><STRONG><a name="[29]"></a>TIM2_IRQHandler</STRONG> (Thumb, 0 bytes, Stack size 0 bytes, startup_stm32f429xx.o(.text))
<BR>[Address Reference Count : 1]<UL><LI> startup_stm32f429xx.o(RESET)
</UL>
<P><STRONG><a name="[2a]"></a>TIM3_IRQHandler</STRONG> (Thumb, 0 bytes, Stack size 0 bytes, startup_stm32f429xx.o(.text))
<BR>[Address Reference Count : 1]<UL><LI> startup_stm32f429xx.o(RESET)
</UL>
<P><STRONG><a name="[2b]"></a>TIM4_IRQHandler</STRONG> (Thumb, 0 bytes, Stack size 0 bytes, startup_stm32f429xx.o(.text))
<BR>[Address Reference Count : 1]<UL><LI> startup_stm32f429xx.o(RESET)
</UL>
<P><STRONG><a name="[3f]"></a>TIM5_IRQHandler</STRONG> (Thumb, 0 bytes, Stack size 0 bytes, startup_stm32f429xx.o(.text))
<BR>[Address Reference Count : 1]<UL><LI> startup_stm32f429xx.o(RESET)
</UL>
<P><STRONG><a name="[43]"></a>TIM6_DAC_IRQHandler</STRONG> (Thumb, 0 bytes, Stack size 0 bytes, startup_stm32f429xx.o(.text))
<BR>[Address Reference Count : 1]<UL><LI> startup_stm32f429xx.o(RESET)
</UL>
<P><STRONG><a name="[44]"></a>TIM7_IRQHandler</STRONG> (Thumb, 0 bytes, Stack size 0 bytes, startup_stm32f429xx.o(.text))
<BR>[Address Reference Count : 1]<UL><LI> startup_stm32f429xx.o(RESET)
</UL>
<P><STRONG><a name="[38]"></a>TIM8_BRK_TIM12_IRQHandler</STRONG> (Thumb, 0 bytes, Stack size 0 bytes, startup_stm32f429xx.o(.text))
<BR>[Address Reference Count : 1]<UL><LI> startup_stm32f429xx.o(RESET)
</UL>
<P><STRONG><a name="[3b]"></a>TIM8_CC_IRQHandler</STRONG> (Thumb, 0 bytes, Stack size 0 bytes, startup_stm32f429xx.o(.text))
<BR>[Address Reference Count : 1]<UL><LI> startup_stm32f429xx.o(RESET)
</UL>
<P><STRONG><a name="[3a]"></a>TIM8_TRG_COM_TIM14_IRQHandler</STRONG> (Thumb, 0 bytes, Stack size 0 bytes, startup_stm32f429xx.o(.text))
<BR>[Address Reference Count : 1]<UL><LI> startup_stm32f429xx.o(RESET)
</UL>
<P><STRONG><a name="[39]"></a>TIM8_UP_TIM13_IRQHandler</STRONG> (Thumb, 0 bytes, Stack size 0 bytes, startup_stm32f429xx.o(.text))
<BR>[Address Reference Count : 1]<UL><LI> startup_stm32f429xx.o(RESET)
</UL>
<P><STRONG><a name="[41]"></a>UART4_IRQHandler</STRONG> (Thumb, 0 bytes, Stack size 0 bytes, startup_stm32f429xx.o(.text))
<BR>[Address Reference Count : 1]<UL><LI> startup_stm32f429xx.o(RESET)
</UL>
<P><STRONG><a name="[42]"></a>UART5_IRQHandler</STRONG> (Thumb, 0 bytes, Stack size 0 bytes, startup_stm32f429xx.o(.text))
<BR>[Address Reference Count : 1]<UL><LI> startup_stm32f429xx.o(RESET)
</UL>
<P><STRONG><a name="[5e]"></a>UART7_IRQHandler</STRONG> (Thumb, 0 bytes, Stack size 0 bytes, startup_stm32f429xx.o(.text))
<BR>[Address Reference Count : 1]<UL><LI> startup_stm32f429xx.o(RESET)
</UL>
<P><STRONG><a name="[5f]"></a>UART8_IRQHandler</STRONG> (Thumb, 0 bytes, Stack size 0 bytes, startup_stm32f429xx.o(.text))
<BR>[Address Reference Count : 1]<UL><LI> startup_stm32f429xx.o(RESET)
</UL>
<P><STRONG><a name="[33]"></a>USART2_IRQHandler</STRONG> (Thumb, 0 bytes, Stack size 0 bytes, startup_stm32f429xx.o(.text))
<BR>[Address Reference Count : 1]<UL><LI> startup_stm32f429xx.o(RESET)
</UL>
<P><STRONG><a name="[34]"></a>USART3_IRQHandler</STRONG> (Thumb, 0 bytes, Stack size 0 bytes, startup_stm32f429xx.o(.text))
<BR>[Address Reference Count : 1]<UL><LI> startup_stm32f429xx.o(RESET)
</UL>
<P><STRONG><a name="[54]"></a>USART6_IRQHandler</STRONG> (Thumb, 0 bytes, Stack size 0 bytes, startup_stm32f429xx.o(.text))
<BR>[Address Reference Count : 1]<UL><LI> startup_stm32f429xx.o(RESET)
</UL>
<P><STRONG><a name="[d]"></a>WWDG_IRQHandler</STRONG> (Thumb, 0 bytes, Stack size 0 bytes, startup_stm32f429xx.o(.text))
<BR>[Address Reference Count : 1]<UL><LI> startup_stm32f429xx.o(RESET)
</UL>
<P><STRONG><a name="[f5]"></a>__user_initial_stackheap</STRONG> (Thumb, 0 bytes, Stack size unknown bytes, startup_stm32f429xx.o(.text))
<BR><BR>[Called By]<UL><LI><a href="#[dd]">&gt;&gt;</a>&nbsp;&nbsp;&nbsp;__user_setup_stackheap
</UL>

<P><STRONG><a name="[120]"></a>rt_hw_interrupt_disable</STRONG> (Thumb, 8 bytes, Stack size 0 bytes, context_rvds.o(.text))
<BR><BR>[Called By]<UL><LI><a href="#[fa]">&gt;&gt;</a>&nbsp;&nbsp;&nbsp;rt_interrupt_leave
<LI><a href="#[f8]">&gt;&gt;</a>&nbsp;&nbsp;&nbsp;rt_interrupt_enter
<LI><a href="#[1c6]">&gt;&gt;</a>&nbsp;&nbsp;&nbsp;rt_timer_start
<LI><a href="#[1c3]">&gt;&gt;</a>&nbsp;&nbsp;&nbsp;rt_thread_suspend
<LI><a href="#[1bf]">&gt;&gt;</a>&nbsp;&nbsp;&nbsp;rt_thread_resume
<LI><a href="#[1c0]">&gt;&gt;</a>&nbsp;&nbsp;&nbsp;rt_schedule
<LI><a href="#[1e6]">&gt;&gt;</a>&nbsp;&nbsp;&nbsp;rt_object_allocate
<LI><a href="#[160]">&gt;&gt;</a>&nbsp;&nbsp;&nbsp;rt_sem_take
<LI><a href="#[181]">&gt;&gt;</a>&nbsp;&nbsp;&nbsp;rt_sem_release
<LI><a href="#[1e8]">&gt;&gt;</a>&nbsp;&nbsp;&nbsp;rt_object_delete
<LI><a href="#[1fa]">&gt;&gt;</a>&nbsp;&nbsp;&nbsp;rt_thread_idle_excute
<LI><a href="#[1d2]">&gt;&gt;</a>&nbsp;&nbsp;&nbsp;rt_object_init
<LI><a href="#[1ea]">&gt;&gt;</a>&nbsp;&nbsp;&nbsp;rt_object_detach
<LI><a href="#[1bc]">&gt;&gt;</a>&nbsp;&nbsp;&nbsp;rt_malloc
<LI><a href="#[1d5]">&gt;&gt;</a>&nbsp;&nbsp;&nbsp;rt_free
<LI><a href="#[1a9]">&gt;&gt;</a>&nbsp;&nbsp;&nbsp;rt_exit_critical
<LI><a href="#[1a8]">&gt;&gt;</a>&nbsp;&nbsp;&nbsp;rt_enter_critical
<LI><a href="#[f7]">&gt;&gt;</a>&nbsp;&nbsp;&nbsp;rtthread_startup
<LI><a href="#[203]">&gt;&gt;</a>&nbsp;&nbsp;&nbsp;rt_timer_check
<LI><a href="#[202]">&gt;&gt;</a>&nbsp;&nbsp;&nbsp;rt_thread_yield
<LI><a href="#[201]">&gt;&gt;</a>&nbsp;&nbsp;&nbsp;rt_timer_stop
<LI><a href="#[1f8]">&gt;&gt;</a>&nbsp;&nbsp;&nbsp;rt_timer_detach
<LI><a href="#[1ff]">&gt;&gt;</a>&nbsp;&nbsp;&nbsp;rt_thread_sleep
<LI><a href="#[6d]">&gt;&gt;</a>&nbsp;&nbsp;&nbsp;rt_thread_exit
<LI><a href="#[1f0]">&gt;&gt;</a>&nbsp;&nbsp;&nbsp;rt_schedule_remove_thread
<LI><a href="#[1ef]">&gt;&gt;</a>&nbsp;&nbsp;&nbsp;rt_schedule_insert_thread
<LI><a href="#[13e]">&gt;&gt;</a>&nbsp;&nbsp;&nbsp;_rt_scheduler_stack_check
<LI><a href="#[1d8]">&gt;&gt;</a>&nbsp;&nbsp;&nbsp;rt_system_heap_init
<LI><a href="#[122]">&gt;&gt;</a>&nbsp;&nbsp;&nbsp;rt_hw_serial_isr
<LI><a href="#[11f]">&gt;&gt;</a>&nbsp;&nbsp;&nbsp;HAL_UART_RxCpltCallback
<LI><a href="#[12a]">&gt;&gt;</a>&nbsp;&nbsp;&nbsp;uart_isr
<LI><a href="#[81]">&gt;&gt;</a>&nbsp;&nbsp;&nbsp;stm32_pin_irq_enable
<LI><a href="#[80]">&gt;&gt;</a>&nbsp;&nbsp;&nbsp;stm32_pin_dettach_irq
<LI><a href="#[7f]">&gt;&gt;</a>&nbsp;&nbsp;&nbsp;stm32_pin_attach_irq
<LI><a href="#[14b]">&gt;&gt;</a>&nbsp;&nbsp;&nbsp;rt_data_queue_push
<LI><a href="#[1cb]">&gt;&gt;</a>&nbsp;&nbsp;&nbsp;rt_data_queue_pop
<LI><a href="#[1ca]">&gt;&gt;</a>&nbsp;&nbsp;&nbsp;rt_data_queue_peak
<LI><a href="#[14f]">&gt;&gt;</a>&nbsp;&nbsp;&nbsp;rt_completion_wait
<LI><a href="#[1c1]">&gt;&gt;</a>&nbsp;&nbsp;&nbsp;rt_completion_init
<LI><a href="#[1bd]">&gt;&gt;</a>&nbsp;&nbsp;&nbsp;rt_completion_done
<LI><a href="#[14d]">&gt;&gt;</a>&nbsp;&nbsp;&nbsp;_serial_int_rx
<LI><a href="#[14a]">&gt;&gt;</a>&nbsp;&nbsp;&nbsp;_serial_dma_tx
<LI><a href="#[145]">&gt;&gt;</a>&nbsp;&nbsp;&nbsp;_serial_dma_rx
</UL>

<P><STRONG><a name="[121]"></a>rt_hw_interrupt_enable</STRONG> (Thumb, 6 bytes, Stack size 0 bytes, context_rvds.o(.text))
<BR><BR>[Called By]<UL><LI><a href="#[fa]">&gt;&gt;</a>&nbsp;&nbsp;&nbsp;rt_interrupt_leave
<LI><a href="#[f8]">&gt;&gt;</a>&nbsp;&nbsp;&nbsp;rt_interrupt_enter
<LI><a href="#[1c6]">&gt;&gt;</a>&nbsp;&nbsp;&nbsp;rt_timer_start
<LI><a href="#[1c3]">&gt;&gt;</a>&nbsp;&nbsp;&nbsp;rt_thread_suspend
<LI><a href="#[1bf]">&gt;&gt;</a>&nbsp;&nbsp;&nbsp;rt_thread_resume
<LI><a href="#[1c0]">&gt;&gt;</a>&nbsp;&nbsp;&nbsp;rt_schedule
<LI><a href="#[1e6]">&gt;&gt;</a>&nbsp;&nbsp;&nbsp;rt_object_allocate
<LI><a href="#[160]">&gt;&gt;</a>&nbsp;&nbsp;&nbsp;rt_sem_take
<LI><a href="#[181]">&gt;&gt;</a>&nbsp;&nbsp;&nbsp;rt_sem_release
<LI><a href="#[1e8]">&gt;&gt;</a>&nbsp;&nbsp;&nbsp;rt_object_delete
<LI><a href="#[1fa]">&gt;&gt;</a>&nbsp;&nbsp;&nbsp;rt_thread_idle_excute
<LI><a href="#[1d2]">&gt;&gt;</a>&nbsp;&nbsp;&nbsp;rt_object_init
<LI><a href="#[1ea]">&gt;&gt;</a>&nbsp;&nbsp;&nbsp;rt_object_detach
<LI><a href="#[1bc]">&gt;&gt;</a>&nbsp;&nbsp;&nbsp;rt_malloc
<LI><a href="#[1d5]">&gt;&gt;</a>&nbsp;&nbsp;&nbsp;rt_free
<LI><a href="#[1a9]">&gt;&gt;</a>&nbsp;&nbsp;&nbsp;rt_exit_critical
<LI><a href="#[1a8]">&gt;&gt;</a>&nbsp;&nbsp;&nbsp;rt_enter_critical
<LI><a href="#[203]">&gt;&gt;</a>&nbsp;&nbsp;&nbsp;rt_timer_check
<LI><a href="#[202]">&gt;&gt;</a>&nbsp;&nbsp;&nbsp;rt_thread_yield
<LI><a href="#[201]">&gt;&gt;</a>&nbsp;&nbsp;&nbsp;rt_timer_stop
<LI><a href="#[1f8]">&gt;&gt;</a>&nbsp;&nbsp;&nbsp;rt_timer_detach
<LI><a href="#[1ff]">&gt;&gt;</a>&nbsp;&nbsp;&nbsp;rt_thread_sleep
<LI><a href="#[6d]">&gt;&gt;</a>&nbsp;&nbsp;&nbsp;rt_thread_exit
<LI><a href="#[1f0]">&gt;&gt;</a>&nbsp;&nbsp;&nbsp;rt_schedule_remove_thread
<LI><a href="#[1ef]">&gt;&gt;</a>&nbsp;&nbsp;&nbsp;rt_schedule_insert_thread
<LI><a href="#[1d8]">&gt;&gt;</a>&nbsp;&nbsp;&nbsp;rt_system_heap_init
<LI><a href="#[122]">&gt;&gt;</a>&nbsp;&nbsp;&nbsp;rt_hw_serial_isr
<LI><a href="#[11f]">&gt;&gt;</a>&nbsp;&nbsp;&nbsp;HAL_UART_RxCpltCallback
<LI><a href="#[12a]">&gt;&gt;</a>&nbsp;&nbsp;&nbsp;uart_isr
<LI><a href="#[81]">&gt;&gt;</a>&nbsp;&nbsp;&nbsp;stm32_pin_irq_enable
<LI><a href="#[80]">&gt;&gt;</a>&nbsp;&nbsp;&nbsp;stm32_pin_dettach_irq
<LI><a href="#[7f]">&gt;&gt;</a>&nbsp;&nbsp;&nbsp;stm32_pin_attach_irq
<LI><a href="#[14b]">&gt;&gt;</a>&nbsp;&nbsp;&nbsp;rt_data_queue_push
<LI><a href="#[1cb]">&gt;&gt;</a>&nbsp;&nbsp;&nbsp;rt_data_queue_pop
<LI><a href="#[1ca]">&gt;&gt;</a>&nbsp;&nbsp;&nbsp;rt_data_queue_peak
<LI><a href="#[14f]">&gt;&gt;</a>&nbsp;&nbsp;&nbsp;rt_completion_wait
<LI><a href="#[1c1]">&gt;&gt;</a>&nbsp;&nbsp;&nbsp;rt_completion_init
<LI><a href="#[1bd]">&gt;&gt;</a>&nbsp;&nbsp;&nbsp;rt_completion_done
<LI><a href="#[14d]">&gt;&gt;</a>&nbsp;&nbsp;&nbsp;_serial_int_rx
<LI><a href="#[14a]">&gt;&gt;</a>&nbsp;&nbsp;&nbsp;_serial_dma_tx
<LI><a href="#[145]">&gt;&gt;</a>&nbsp;&nbsp;&nbsp;_serial_dma_rx
</UL>

<P><STRONG><a name="[1ed]"></a>rt_hw_context_switch</STRONG> (Thumb, 32 bytes, Stack size 0 bytes, context_rvds.o(.text))
<BR><BR>[Called By]<UL><LI><a href="#[1c0]">&gt;&gt;</a>&nbsp;&nbsp;&nbsp;rt_schedule
</UL>

<P><STRONG><a name="[1ee]"></a>rt_hw_context_switch_interrupt</STRONG> (Thumb, 0 bytes, Stack size 0 bytes, context_rvds.o(.text))
<BR><BR>[Called By]<UL><LI><a href="#[1c0]">&gt;&gt;</a>&nbsp;&nbsp;&nbsp;rt_schedule
</UL>

<P><STRONG><a name="[b]"></a>PendSV_Handler</STRONG> (Thumb, 108 bytes, Stack size 0 bytes, context_rvds.o(.text))
<BR>[Address Reference Count : 1]<UL><LI> startup_stm32f429xx.o(RESET)
</UL>
<P><STRONG><a name="[1f6]"></a>rt_hw_context_switch_to</STRONG> (Thumb, 70 bytes, Stack size 0 bytes, context_rvds.o(.text))
<BR><BR>[Called By]<UL><LI><a href="#[1f5]">&gt;&gt;</a>&nbsp;&nbsp;&nbsp;rt_system_scheduler_start
</UL>

<P><STRONG><a name="[23f]"></a>rt_hw_interrupt_thread_switch</STRONG> (Thumb, 2 bytes, Stack size 0 bytes, context_rvds.o(.text), UNUSED)

<P><STRONG><a name="[5]"></a>HardFault_Handler</STRONG> (Thumb, 56 bytes, Stack size 0 bytes, context_rvds.o(.text))
<BR><BR>[Stack]<UL><LI>Max Depth = 340<LI>Call Chain = HardFault_Handler &rArr; rt_hw_hard_fault_exception &rArr; list_thread &rArr; _list_thread &rArr; object_name_maxlen &rArr; rt_exit_critical &rArr; rt_schedule &rArr; _rt_scheduler_stack_check &rArr;  list_thread (Cycle)
</UL>
<BR>[Calls]<UL><LI><a href="#[e7]">&gt;&gt;</a>&nbsp;&nbsp;&nbsp;rt_hw_hard_fault_exception
</UL>
<BR>[Address Reference Count : 1]<UL><LI> startup_stm32f429xx.o(RESET)
</UL>
<P><STRONG><a name="[113]"></a>__aeabi_uldivmod</STRONG> (Thumb, 0 bytes, Stack size 48 bytes, lludivv7m.o(.text))
<BR><BR>[Stack]<UL><LI>Max Depth = 48<LI>Call Chain = __aeabi_uldivmod
</UL>
<BR>[Called By]<UL><LI><a href="#[10f]">&gt;&gt;</a>&nbsp;&nbsp;&nbsp;HAL_RCC_GetSysClockFreq
</UL>

<P><STRONG><a name="[240]"></a>_ll_udiv</STRONG> (Thumb, 238 bytes, Stack size 48 bytes, lludivv7m.o(.text), UNUSED)

<P><STRONG><a name="[e8]"></a>atoi</STRONG> (Thumb, 26 bytes, Stack size 16 bytes, atoi.o(.text))
<BR><BR>[Stack]<UL><LI>Max Depth = 88<LI>Call Chain = atoi &rArr; strtol &rArr; _strtoul
</UL>
<BR>[Calls]<UL><LI><a href="#[ea]">&gt;&gt;</a>&nbsp;&nbsp;&nbsp;strtol
<LI><a href="#[e9]">&gt;&gt;</a>&nbsp;&nbsp;&nbsp;__aeabi_errno_addr
</UL>
<BR>[Called By]<UL><LI><a href="#[215]">&gt;&gt;</a>&nbsp;&nbsp;&nbsp;token_proc_char
</UL>

<P><STRONG><a name="[20a]"></a>memcmp</STRONG> (Thumb, 88 bytes, Stack size 8 bytes, memcmp.o(.text))
<BR><BR>[Stack]<UL><LI>Max Depth = 8<LI>Call Chain = memcmp
</UL>
<BR>[Called By]<UL><LI><a href="#[195]">&gt;&gt;</a>&nbsp;&nbsp;&nbsp;shell_push_history
</UL>

<P><STRONG><a name="[15d]"></a>strcpy</STRONG> (Thumb, 72 bytes, Stack size 12 bytes, strcpy.o(.text))
<BR><BR>[Stack]<UL><LI>Max Depth = 12<LI>Call Chain = strcpy
</UL>
<BR>[Called By]<UL><LI><a href="#[15b]">&gt;&gt;</a>&nbsp;&nbsp;&nbsp;finsh_get_prompt
</UL>

<P><STRONG><a name="[176]"></a>strlen</STRONG> (Thumb, 62 bytes, Stack size 8 bytes, strlen.o(.text))
<BR><BR>[Stack]<UL><LI>Max Depth = 8<LI>Call Chain = strlen
</UL>
<BR>[Called By]<UL><LI><a href="#[170]">&gt;&gt;</a>&nbsp;&nbsp;&nbsp;finsh_sysvar_lookup
<LI><a href="#[171]">&gt;&gt;</a>&nbsp;&nbsp;&nbsp;finsh_syscall_lookup
<LI><a href="#[175]">&gt;&gt;</a>&nbsp;&nbsp;&nbsp;finsh_node_new_string
<LI><a href="#[1a5]">&gt;&gt;</a>&nbsp;&nbsp;&nbsp;msh_auto_complete
<LI><a href="#[19d]">&gt;&gt;</a>&nbsp;&nbsp;&nbsp;list_prefix
<LI><a href="#[70]">&gt;&gt;</a>&nbsp;&nbsp;&nbsp;finsh_thread_entry
<LI><a href="#[217]">&gt;&gt;</a>&nbsp;&nbsp;&nbsp;token_proc_number
<LI><a href="#[212]">&gt;&gt;</a>&nbsp;&nbsp;&nbsp;token_next_char
</UL>

<P><STRONG><a name="[189]"></a>strncmp</STRONG> (Thumb, 150 bytes, Stack size 16 bytes, strncmp.o(.text))
<BR><BR>[Stack]<UL><LI>Max Depth = 16<LI>Call Chain = strncmp
</UL>
<BR>[Called By]<UL><LI><a href="#[16f]">&gt;&gt;</a>&nbsp;&nbsp;&nbsp;finsh_var_lookup
<LI><a href="#[170]">&gt;&gt;</a>&nbsp;&nbsp;&nbsp;finsh_sysvar_lookup
<LI><a href="#[171]">&gt;&gt;</a>&nbsp;&nbsp;&nbsp;finsh_syscall_lookup
<LI><a href="#[cf]">&gt;&gt;</a>&nbsp;&nbsp;&nbsp;msh_help
<LI><a href="#[13c]">&gt;&gt;</a>&nbsp;&nbsp;&nbsp;msh_get_cmd
<LI><a href="#[cc]">&gt;&gt;</a>&nbsp;&nbsp;&nbsp;list
<LI><a href="#[1a5]">&gt;&gt;</a>&nbsp;&nbsp;&nbsp;msh_auto_complete
<LI><a href="#[198]">&gt;&gt;</a>&nbsp;&nbsp;&nbsp;finsh_var_insert
</UL>

<P><STRONG><a name="[15e]"></a>strcat</STRONG> (Thumb, 24 bytes, Stack size 0 bytes, strcat.o(.text))
<BR><BR>[Called By]<UL><LI><a href="#[15b]">&gt;&gt;</a>&nbsp;&nbsp;&nbsp;finsh_get_prompt
</UL>

<P><STRONG><a name="[191]"></a>__aeabi_memcpy</STRONG> (Thumb, 0 bytes, Stack size 0 bytes, rt_memcpy_v6.o(.text))
<BR><BR>[Called By]<UL><LI><a href="#[70]">&gt;&gt;</a>&nbsp;&nbsp;&nbsp;finsh_thread_entry
<LI><a href="#[195]">&gt;&gt;</a>&nbsp;&nbsp;&nbsp;shell_push_history
</UL>

<P><STRONG><a name="[eb]"></a>__rt_memcpy</STRONG> (Thumb, 138 bytes, Stack size 0 bytes, rt_memcpy_v6.o(.text), UNUSED)
<BR><BR>[Calls]<UL><LI><a href="#[ec]">&gt;&gt;</a>&nbsp;&nbsp;&nbsp;__aeabi_memcpy4
</UL>

<P><STRONG><a name="[241]"></a>_memcpy_lastbytes</STRONG> (Thumb, 0 bytes, Stack size unknown bytes, rt_memcpy_v6.o(.text), UNUSED)

<P><STRONG><a name="[ec]"></a>__aeabi_memcpy4</STRONG> (Thumb, 0 bytes, Stack size 8 bytes, rt_memcpy_w.o(.text))
<BR><BR>[Stack]<UL><LI>Max Depth = 8<LI>Call Chain = __aeabi_memcpy4
</UL>
<BR>[Called By]<UL><LI><a href="#[12b]">&gt;&gt;</a>&nbsp;&nbsp;&nbsp;_list_device
<LI><a href="#[eb]">&gt;&gt;</a>&nbsp;&nbsp;&nbsp;__rt_memcpy
</UL>

<P><STRONG><a name="[242]"></a>__aeabi_memcpy8</STRONG> (Thumb, 0 bytes, Stack size 8 bytes, rt_memcpy_w.o(.text), UNUSED)

<P><STRONG><a name="[243]"></a>__rt_memcpy_w</STRONG> (Thumb, 100 bytes, Stack size 8 bytes, rt_memcpy_w.o(.text), UNUSED)

<P><STRONG><a name="[244]"></a>_memcpy_lastbytes_aligned</STRONG> (Thumb, 0 bytes, Stack size unknown bytes, rt_memcpy_w.o(.text), UNUSED)

<P><STRONG><a name="[f0]"></a>__aeabi_memclr</STRONG> (Thumb, 0 bytes, Stack size 0 bytes, rt_memclr.o(.text))
<BR><BR>[Called By]<UL><LI><a href="#[155]">&gt;&gt;</a>&nbsp;&nbsp;&nbsp;finsh_compiler_run
<LI><a href="#[195]">&gt;&gt;</a>&nbsp;&nbsp;&nbsp;shell_push_history
<LI><a href="#[ef]">&gt;&gt;</a>&nbsp;&nbsp;&nbsp;strncpy
</UL>

<P><STRONG><a name="[ed]"></a>__rt_memclr</STRONG> (Thumb, 68 bytes, Stack size 0 bytes, rt_memclr.o(.text), UNUSED)
<BR><BR>[Calls]<UL><LI><a href="#[ee]">&gt;&gt;</a>&nbsp;&nbsp;&nbsp;_memset_w
</UL>

<P><STRONG><a name="[245]"></a>_memset</STRONG> (Thumb, 0 bytes, Stack size unknown bytes, rt_memclr.o(.text), UNUSED)

<P><STRONG><a name="[11b]"></a>__aeabi_memclr4</STRONG> (Thumb, 0 bytes, Stack size 4 bytes, rt_memclr_w.o(.text))
<BR><BR>[Stack]<UL><LI>Max Depth = 4<LI>Call Chain = __aeabi_memclr4
</UL>
<BR>[Called By]<UL><LI><a href="#[16b]">&gt;&gt;</a>&nbsp;&nbsp;&nbsp;finsh_var_init
<LI><a href="#[158]">&gt;&gt;</a>&nbsp;&nbsp;&nbsp;finsh_parser_init
<LI><a href="#[159]">&gt;&gt;</a>&nbsp;&nbsp;&nbsp;finsh_node_init
<LI><a href="#[169]">&gt;&gt;</a>&nbsp;&nbsp;&nbsp;finsh_heap_init
<LI><a href="#[162]">&gt;&gt;</a>&nbsp;&nbsp;&nbsp;finsh_heap_allocate
<LI><a href="#[13b]">&gt;&gt;</a>&nbsp;&nbsp;&nbsp;_msh_exec_cmd
<LI><a href="#[70]">&gt;&gt;</a>&nbsp;&nbsp;&nbsp;finsh_thread_entry
<LI><a href="#[182]">&gt;&gt;</a>&nbsp;&nbsp;&nbsp;finsh_set_device
<LI><a href="#[119]">&gt;&gt;</a>&nbsp;&nbsp;&nbsp;HAL_UART_MspInit
<LI><a href="#[125]">&gt;&gt;</a>&nbsp;&nbsp;&nbsp;SystemClock_Config
<LI><a href="#[178]">&gt;&gt;</a>&nbsp;&nbsp;&nbsp;finsh_token_init
</UL>

<P><STRONG><a name="[246]"></a>__aeabi_memclr8</STRONG> (Thumb, 0 bytes, Stack size 4 bytes, rt_memclr_w.o(.text), UNUSED)

<P><STRONG><a name="[247]"></a>__rt_memclr_w</STRONG> (Thumb, 78 bytes, Stack size 4 bytes, rt_memclr_w.o(.text), UNUSED)

<P><STRONG><a name="[ee]"></a>_memset_w</STRONG> (Thumb, 0 bytes, Stack size unknown bytes, rt_memclr_w.o(.text), UNUSED)
<BR><BR>[Called By]<UL><LI><a href="#[ed]">&gt;&gt;</a>&nbsp;&nbsp;&nbsp;__rt_memclr
</UL>

<P><STRONG><a name="[ef]"></a>strncpy</STRONG> (Thumb, 86 bytes, Stack size 8 bytes, strncpy.o(.text))
<BR><BR>[Stack]<UL><LI>Max Depth = 8<LI>Call Chain = strncpy
</UL>
<BR>[Calls]<UL><LI><a href="#[f0]">&gt;&gt;</a>&nbsp;&nbsp;&nbsp;__aeabi_memclr
</UL>
<BR>[Called By]<UL><LI><a href="#[175]">&gt;&gt;</a>&nbsp;&nbsp;&nbsp;finsh_node_new_string
<LI><a href="#[15b]">&gt;&gt;</a>&nbsp;&nbsp;&nbsp;finsh_get_prompt
<LI><a href="#[198]">&gt;&gt;</a>&nbsp;&nbsp;&nbsp;finsh_var_insert
<LI><a href="#[1b6]">&gt;&gt;</a>&nbsp;&nbsp;&nbsp;proc_identifier
</UL>

<P><STRONG><a name="[188]"></a>strcmp</STRONG> (Thumb, 128 bytes, Stack size 0 bytes, strcmpv7m.o(.text))
<BR><BR>[Called By]<UL><LI><a href="#[170]">&gt;&gt;</a>&nbsp;&nbsp;&nbsp;finsh_sysvar_lookup
<LI><a href="#[171]">&gt;&gt;</a>&nbsp;&nbsp;&nbsp;finsh_syscall_lookup
<LI><a href="#[214]">&gt;&gt;</a>&nbsp;&nbsp;&nbsp;token_match_name
<LI><a href="#[69]">&gt;&gt;</a>&nbsp;&nbsp;&nbsp;_get_lc_ctype
</UL>

<P><STRONG><a name="[248]"></a>__use_two_region_memory</STRONG> (Thumb, 2 bytes, Stack size 0 bytes, heapauxi.o(.text), UNUSED)

<P><STRONG><a name="[249]"></a>__rt_heap_escrow$2region</STRONG> (Thumb, 2 bytes, Stack size 0 bytes, heapauxi.o(.text), UNUSED)

<P><STRONG><a name="[24a]"></a>__rt_heap_expand$2region</STRONG> (Thumb, 2 bytes, Stack size 0 bytes, heapauxi.o(.text), UNUSED)

<P><STRONG><a name="[e9]"></a>__aeabi_errno_addr</STRONG> (Thumb, 8 bytes, Stack size 0 bytes, rt_errno_addr_intlibspace.o(.text))
<BR><BR>[Called By]<UL><LI><a href="#[f2]">&gt;&gt;</a>&nbsp;&nbsp;&nbsp;_strtoul
<LI><a href="#[ea]">&gt;&gt;</a>&nbsp;&nbsp;&nbsp;strtol
<LI><a href="#[e8]">&gt;&gt;</a>&nbsp;&nbsp;&nbsp;atoi
</UL>

<P><STRONG><a name="[24b]"></a>__errno$intlibspace</STRONG> (Thumb, 0 bytes, Stack size 0 bytes, rt_errno_addr_intlibspace.o(.text), UNUSED)

<P><STRONG><a name="[24c]"></a>__rt_errno_addr$intlibspace</STRONG> (Thumb, 0 bytes, Stack size 0 bytes, rt_errno_addr_intlibspace.o(.text), UNUSED)

<P><STRONG><a name="[ea]"></a>strtol</STRONG> (Thumb, 112 bytes, Stack size 32 bytes, strtol.o(.text))
<BR><BR>[Stack]<UL><LI>Max Depth = 72<LI>Call Chain = strtol &rArr; _strtoul
</UL>
<BR>[Calls]<UL><LI><a href="#[f2]">&gt;&gt;</a>&nbsp;&nbsp;&nbsp;_strtoul
<LI><a href="#[f1]">&gt;&gt;</a>&nbsp;&nbsp;&nbsp;__rt_ctype_table
<LI><a href="#[e9]">&gt;&gt;</a>&nbsp;&nbsp;&nbsp;__aeabi_errno_addr
</UL>
<BR>[Called By]<UL><LI><a href="#[e8]">&gt;&gt;</a>&nbsp;&nbsp;&nbsp;atoi
</UL>

<P><STRONG><a name="[24d]"></a>__user_libspace</STRONG> (Thumb, 8 bytes, Stack size 0 bytes, libspace.o(.text), UNUSED)

<P><STRONG><a name="[f4]"></a>__user_perproc_libspace</STRONG> (Thumb, 0 bytes, Stack size 0 bytes, libspace.o(.text))
<BR><BR>[Called By]<UL><LI><a href="#[dd]">&gt;&gt;</a>&nbsp;&nbsp;&nbsp;__user_setup_stackheap
</UL>

<P><STRONG><a name="[24e]"></a>__user_perthread_libspace</STRONG> (Thumb, 0 bytes, Stack size 0 bytes, libspace.o(.text), UNUSED)

<P><STRONG><a name="[f1]"></a>__rt_ctype_table</STRONG> (Thumb, 16 bytes, Stack size 8 bytes, rt_ctype_table.o(.text))
<BR><BR>[Stack]<UL><LI>Max Depth = 8<LI>Call Chain = __rt_ctype_table
</UL>
<BR>[Calls]<UL><LI><a href="#[da]">&gt;&gt;</a>&nbsp;&nbsp;&nbsp;__rt_locale
</UL>
<BR>[Called By]<UL><LI><a href="#[ea]">&gt;&gt;</a>&nbsp;&nbsp;&nbsp;strtol
</UL>

<P><STRONG><a name="[f2]"></a>_strtoul</STRONG> (Thumb, 158 bytes, Stack size 40 bytes, _strtoul.o(.text))
<BR><BR>[Stack]<UL><LI>Max Depth = 40<LI>Call Chain = _strtoul
</UL>
<BR>[Calls]<UL><LI><a href="#[f3]">&gt;&gt;</a>&nbsp;&nbsp;&nbsp;_chval
<LI><a href="#[e9]">&gt;&gt;</a>&nbsp;&nbsp;&nbsp;__aeabi_errno_addr
</UL>
<BR>[Called By]<UL><LI><a href="#[ea]">&gt;&gt;</a>&nbsp;&nbsp;&nbsp;strtol
</UL>

<P><STRONG><a name="[dd]"></a>__user_setup_stackheap</STRONG> (Thumb, 74 bytes, Stack size 8 bytes, sys_stackheap_outer.o(.text))
<BR><BR>[Stack]<UL><LI>Max Depth = 8 + Unknown Stack Size
<LI>Call Chain = __user_setup_stackheap
</UL>
<BR>[Calls]<UL><LI><a href="#[f5]">&gt;&gt;</a>&nbsp;&nbsp;&nbsp;__user_initial_stackheap
<LI><a href="#[f4]">&gt;&gt;</a>&nbsp;&nbsp;&nbsp;__user_perproc_libspace
</UL>
<BR>[Called By]<UL><LI><a href="#[dc]">&gt;&gt;</a>&nbsp;&nbsp;&nbsp;__rt_entry_sh
</UL>

<P><STRONG><a name="[da]"></a>__rt_locale</STRONG> (Thumb, 8 bytes, Stack size 0 bytes, rt_locale_intlibspace.o(.text))
<BR><BR>[Called By]<UL><LI><a href="#[d9]">&gt;&gt;</a>&nbsp;&nbsp;&nbsp;__rt_lib_init_lc_common
<LI><a href="#[f1]">&gt;&gt;</a>&nbsp;&nbsp;&nbsp;__rt_ctype_table
</UL>

<P><STRONG><a name="[f3]"></a>_chval</STRONG> (Thumb, 28 bytes, Stack size 0 bytes, _chval.o(.text))
<BR><BR>[Called By]<UL><LI><a href="#[f2]">&gt;&gt;</a>&nbsp;&nbsp;&nbsp;_strtoul
</UL>

<P><STRONG><a name="[e2]"></a>exit</STRONG> (Thumb, 18 bytes, Stack size 8 bytes, exit.o(.text))
<BR><BR>[Stack]<UL><LI>Max Depth = 8 + Unknown Stack Size
<LI>Call Chain = exit
</UL>
<BR>[Calls]<UL><LI><a href="#[f6]">&gt;&gt;</a>&nbsp;&nbsp;&nbsp;__rt_exit
</UL>
<BR>[Called By]<UL><LI><a href="#[e0]">&gt;&gt;</a>&nbsp;&nbsp;&nbsp;__rt_entry_main
</UL>

<P><STRONG><a name="[e6]"></a>_sys_exit</STRONG> (Thumb, 8 bytes, Stack size 0 bytes, sys_exit.o(.text))
<BR><BR>[Called By]<UL><LI><a href="#[e5]">&gt;&gt;</a>&nbsp;&nbsp;&nbsp;__rt_exit_exit
</UL>

<P><STRONG><a name="[24f]"></a>__I$use$semihosting</STRONG> (Thumb, 0 bytes, Stack size 0 bytes, use_no_semi.o(.text), UNUSED)

<P><STRONG><a name="[250]"></a>__use_no_semihosting_swi</STRONG> (Thumb, 2 bytes, Stack size 0 bytes, use_no_semi.o(.text), UNUSED)

<P><STRONG><a name="[251]"></a>__semihosting_library_function</STRONG> (Thumb, 0 bytes, Stack size 8 bytes, indicate_semi.o(.text), UNUSED)

<P><STRONG><a name="[e1]"></a>main</STRONG> (Thumb, 10 bytes, Stack size 8 bytes, components.o(i.$Sub$$main))
<BR><BR>[Stack]<UL><LI>Max Depth = 436<LI>Call Chain = main &rArr; rtthread_startup &rArr; rt_thread_idle_init &rArr; rt_thread_init &rArr; _rt_thread_init &rArr; rt_timer_init &rArr; rt_object_init &rArr; rt_exit_critical &rArr; rt_schedule &rArr; _rt_scheduler_stack_check &rArr;  list_thread (Cycle)
</UL>
<BR>[Calls]<UL><LI><a href="#[f7]">&gt;&gt;</a>&nbsp;&nbsp;&nbsp;rtthread_startup
</UL>
<BR>[Called By]<UL><LI><a href="#[e0]">&gt;&gt;</a>&nbsp;&nbsp;&nbsp;__rt_entry_main
</UL>

<P><STRONG><a name="[13]"></a>EXTI0_IRQHandler</STRONG> (Thumb, 18 bytes, Stack size 8 bytes, drv_gpio.o(i.EXTI0_IRQHandler))
<BR><BR>[Stack]<UL><LI>Max Depth = 32<LI>Call Chain = EXTI0_IRQHandler &rArr; HAL_GPIO_EXTI_IRQHandler &rArr; HAL_GPIO_EXTI_Callback
</UL>
<BR>[Calls]<UL><LI><a href="#[fa]">&gt;&gt;</a>&nbsp;&nbsp;&nbsp;rt_interrupt_leave
<LI><a href="#[f8]">&gt;&gt;</a>&nbsp;&nbsp;&nbsp;rt_interrupt_enter
<LI><a href="#[f9]">&gt;&gt;</a>&nbsp;&nbsp;&nbsp;HAL_GPIO_EXTI_IRQHandler
</UL>
<BR>[Address Reference Count : 1]<UL><LI> startup_stm32f429xx.o(RESET)
</UL>
<P><STRONG><a name="[35]"></a>EXTI15_10_IRQHandler</STRONG> (Thumb, 60 bytes, Stack size 8 bytes, drv_gpio.o(i.EXTI15_10_IRQHandler))
<BR><BR>[Stack]<UL><LI>Max Depth = 32<LI>Call Chain = EXTI15_10_IRQHandler &rArr; HAL_GPIO_EXTI_IRQHandler &rArr; HAL_GPIO_EXTI_Callback
</UL>
<BR>[Calls]<UL><LI><a href="#[fa]">&gt;&gt;</a>&nbsp;&nbsp;&nbsp;rt_interrupt_leave
<LI><a href="#[f8]">&gt;&gt;</a>&nbsp;&nbsp;&nbsp;rt_interrupt_enter
<LI><a href="#[f9]">&gt;&gt;</a>&nbsp;&nbsp;&nbsp;HAL_GPIO_EXTI_IRQHandler
</UL>
<BR>[Address Reference Count : 1]<UL><LI> startup_stm32f429xx.o(RESET)
</UL>
<P><STRONG><a name="[14]"></a>EXTI1_IRQHandler</STRONG> (Thumb, 18 bytes, Stack size 8 bytes, drv_gpio.o(i.EXTI1_IRQHandler))
<BR><BR>[Stack]<UL><LI>Max Depth = 32<LI>Call Chain = EXTI1_IRQHandler &rArr; HAL_GPIO_EXTI_IRQHandler &rArr; HAL_GPIO_EXTI_Callback
</UL>
<BR>[Calls]<UL><LI><a href="#[fa]">&gt;&gt;</a>&nbsp;&nbsp;&nbsp;rt_interrupt_leave
<LI><a href="#[f8]">&gt;&gt;</a>&nbsp;&nbsp;&nbsp;rt_interrupt_enter
<LI><a href="#[f9]">&gt;&gt;</a>&nbsp;&nbsp;&nbsp;HAL_GPIO_EXTI_IRQHandler
</UL>
<BR>[Address Reference Count : 1]<UL><LI> startup_stm32f429xx.o(RESET)
</UL>
<P><STRONG><a name="[15]"></a>EXTI2_IRQHandler</STRONG> (Thumb, 18 bytes, Stack size 8 bytes, drv_gpio.o(i.EXTI2_IRQHandler))
<BR><BR>[Stack]<UL><LI>Max Depth = 32<LI>Call Chain = EXTI2_IRQHandler &rArr; HAL_GPIO_EXTI_IRQHandler &rArr; HAL_GPIO_EXTI_Callback
</UL>
<BR>[Calls]<UL><LI><a href="#[fa]">&gt;&gt;</a>&nbsp;&nbsp;&nbsp;rt_interrupt_leave
<LI><a href="#[f8]">&gt;&gt;</a>&nbsp;&nbsp;&nbsp;rt_interrupt_enter
<LI><a href="#[f9]">&gt;&gt;</a>&nbsp;&nbsp;&nbsp;HAL_GPIO_EXTI_IRQHandler
</UL>
<BR>[Address Reference Count : 1]<UL><LI> startup_stm32f429xx.o(RESET)
</UL>
<P><STRONG><a name="[16]"></a>EXTI3_IRQHandler</STRONG> (Thumb, 18 bytes, Stack size 8 bytes, drv_gpio.o(i.EXTI3_IRQHandler))
<BR><BR>[Stack]<UL><LI>Max Depth = 32<LI>Call Chain = EXTI3_IRQHandler &rArr; HAL_GPIO_EXTI_IRQHandler &rArr; HAL_GPIO_EXTI_Callback
</UL>
<BR>[Calls]<UL><LI><a href="#[fa]">&gt;&gt;</a>&nbsp;&nbsp;&nbsp;rt_interrupt_leave
<LI><a href="#[f8]">&gt;&gt;</a>&nbsp;&nbsp;&nbsp;rt_interrupt_enter
<LI><a href="#[f9]">&gt;&gt;</a>&nbsp;&nbsp;&nbsp;HAL_GPIO_EXTI_IRQHandler
</UL>
<BR>[Address Reference Count : 1]<UL><LI> startup_stm32f429xx.o(RESET)
</UL>
<P><STRONG><a name="[17]"></a>EXTI4_IRQHandler</STRONG> (Thumb, 18 bytes, Stack size 8 bytes, drv_gpio.o(i.EXTI4_IRQHandler))
<BR><BR>[Stack]<UL><LI>Max Depth = 32<LI>Call Chain = EXTI4_IRQHandler &rArr; HAL_GPIO_EXTI_IRQHandler &rArr; HAL_GPIO_EXTI_Callback
</UL>
<BR>[Calls]<UL><LI><a href="#[fa]">&gt;&gt;</a>&nbsp;&nbsp;&nbsp;rt_interrupt_leave
<LI><a href="#[f8]">&gt;&gt;</a>&nbsp;&nbsp;&nbsp;rt_interrupt_enter
[...]
</UL>
<BR>[Calls]<UL><LI><a href="#[154]">&gt;&gt;</a>&nbsp;&nbsp;&nbsp;finsh_error_set
<LI><a href="#[179]">&gt;&gt;</a>&nbsp;&nbsp;&nbsp;finsh_token_token
<LI><a href="#[1b3]">&gt;&gt;</a>&nbsp;&nbsp;&nbsp;proc_unary_expr
<LI><a href="#[1b2]">&gt;&gt;</a>&nbsp;&nbsp;&nbsp;proc_type
<LI><a href="#[1b1]">&gt;&gt;</a>&nbsp;&nbsp;&nbsp;proc_cast_expr
</UL>
<BR>[Called By]<UL><LI><a href="#[1b3]">&gt;&gt;</a>&nbsp;&nbsp;&nbsp;proc_unary_expr
<LI><a href="#[1ac]">&gt;&gt;</a>&nbsp;&nbsp;&nbsp;proc_multiplicative_expr
<LI><a href="#[1b1]">&gt;&gt;</a>&nbsp;&nbsp;&nbsp;proc_cast_expr
</UL>

<P><STRONG><a name="[1b4]"></a>proc_exclusive_or_expr</STRONG> (Thumb, 76 bytes, Stack size 24 bytes, finsh_parser.o(i.proc_exclusive_or_expr))
<BR><BR>[Stack]<UL><LI>Max Depth = 472<LI>Call Chain = proc_exclusive_or_expr &rArr; proc_and_expr &rArr; proc_shift_expr &rArr; proc_additive_expr &rArr; proc_multiplicative_expr &rArr; proc_cast_expr &rArr;  proc_cast_expr (Cycle)
</UL>
<BR>[Calls]<UL><LI><a href="#[154]">&gt;&gt;</a>&nbsp;&nbsp;&nbsp;finsh_error_set
<LI><a href="#[179]">&gt;&gt;</a>&nbsp;&nbsp;&nbsp;finsh_token_token
<LI><a href="#[1ad]">&gt;&gt;</a>&nbsp;&nbsp;&nbsp;proc_and_expr
<LI><a href="#[1a4]">&gt;&gt;</a>&nbsp;&nbsp;&nbsp;make_sys_node
</UL>
<BR>[Called By]<UL><LI><a href="#[1b0]">&gt;&gt;</a>&nbsp;&nbsp;&nbsp;proc_inclusive_or_expr
</UL>

<P><STRONG><a name="[1b5]"></a>proc_expr</STRONG> (Thumb, 12 bytes, Stack size 8 bytes, finsh_parser.o(i.proc_expr))
<BR><BR>[Stack]<UL><LI>Max Depth = 8 + In Cycle
<LI>Call Chain = proc_expr &rArr;  proc_assign_expr (Cycle)
</UL>
<BR>[Calls]<UL><LI><a href="#[1af]">&gt;&gt;</a>&nbsp;&nbsp;&nbsp;proc_assign_expr
</UL>
<BR>[Called By]<UL><LI><a href="#[1b9]">&gt;&gt;</a>&nbsp;&nbsp;&nbsp;proc_primary_expr
<LI><a href="#[17a]">&gt;&gt;</a>&nbsp;&nbsp;&nbsp;proc_expr_statement
</UL>

<P><STRONG><a name="[17a]"></a>proc_expr_statement</STRONG> (Thumb, 56 bytes, Stack size 16 bytes, finsh_parser.o(i.proc_expr_statement))
<BR><BR>[Stack]<UL><LI>Max Depth = 240<LI>Call Chain = proc_expr_statement &rArr; finsh_token_token &rArr; token_run &rArr; token_proc_number &rArr; token_spec_number
</UL>
<BR>[Calls]<UL><LI><a href="#[154]">&gt;&gt;</a>&nbsp;&nbsp;&nbsp;finsh_error_set
<LI><a href="#[179]">&gt;&gt;</a>&nbsp;&nbsp;&nbsp;finsh_token_token
<LI><a href="#[1b5]">&gt;&gt;</a>&nbsp;&nbsp;&nbsp;proc_expr
</UL>
<BR>[Called By]<UL><LI><a href="#[177]">&gt;&gt;</a>&nbsp;&nbsp;&nbsp;finsh_parser_run
</UL>

<P><STRONG><a name="[1b6]"></a>proc_identifier</STRONG> (Thumb, 44 bytes, Stack size 16 bytes, finsh_parser.o(i.proc_identifier))
<BR><BR>[Stack]<UL><LI>Max Depth = 240<LI>Call Chain = proc_identifier &rArr; finsh_token_token &rArr; token_run &rArr; token_proc_number &rArr; token_spec_number
</UL>
<BR>[Calls]<UL><LI><a href="#[154]">&gt;&gt;</a>&nbsp;&nbsp;&nbsp;finsh_error_set
<LI><a href="#[179]">&gt;&gt;</a>&nbsp;&nbsp;&nbsp;finsh_token_token
<LI><a href="#[ef]">&gt;&gt;</a>&nbsp;&nbsp;&nbsp;strncpy
</UL>
<BR>[Called By]<UL><LI><a href="#[17b]">&gt;&gt;</a>&nbsp;&nbsp;&nbsp;proc_variable_decl
<LI><a href="#[1b9]">&gt;&gt;</a>&nbsp;&nbsp;&nbsp;proc_primary_expr
</UL>

<P><STRONG><a name="[1b0]"></a>proc_inclusive_or_expr</STRONG> (Thumb, 76 bytes, Stack size 24 bytes, finsh_parser.o(i.proc_inclusive_or_expr))
<BR><BR>[Stack]<UL><LI>Max Depth = 496<LI>Call Chain = proc_inclusive_or_expr &rArr; proc_exclusive_or_expr &rArr; proc_and_expr &rArr; proc_shift_expr &rArr; proc_additive_expr &rArr; proc_multiplicative_expr &rArr; proc_cast_expr &rArr;  proc_cast_expr (Cycle)
</UL>
<BR>[Calls]<UL><LI><a href="#[154]">&gt;&gt;</a>&nbsp;&nbsp;&nbsp;finsh_error_set
<LI><a href="#[179]">&gt;&gt;</a>&nbsp;&nbsp;&nbsp;finsh_token_token
<LI><a href="#[1b4]">&gt;&gt;</a>&nbsp;&nbsp;&nbsp;proc_exclusive_or_expr
<LI><a href="#[1a4]">&gt;&gt;</a>&nbsp;&nbsp;&nbsp;make_sys_node
</UL>
<BR>[Called By]<UL><LI><a href="#[1af]">&gt;&gt;</a>&nbsp;&nbsp;&nbsp;proc_assign_expr
</UL>

<P><STRONG><a name="[1ac]"></a>proc_multiplicative_expr</STRONG> (Thumb, 138 bytes, Stack size 24 bytes, finsh_parser.o(i.proc_multiplicative_expr))
<BR><BR>[Stack]<UL><LI>Max Depth = 376<LI>Call Chain = proc_multiplicative_expr &rArr; proc_cast_expr &rArr;  proc_cast_expr (Cycle)
</UL>
<BR>[Calls]<UL><LI><a href="#[154]">&gt;&gt;</a>&nbsp;&nbsp;&nbsp;finsh_error_set
<LI><a href="#[179]">&gt;&gt;</a>&nbsp;&nbsp;&nbsp;finsh_token_token
<LI><a href="#[1b1]">&gt;&gt;</a>&nbsp;&nbsp;&nbsp;proc_cast_expr
<LI><a href="#[1a4]">&gt;&gt;</a>&nbsp;&nbsp;&nbsp;make_sys_node
</UL>
<BR>[Called By]<UL><LI><a href="#[1ab]">&gt;&gt;</a>&nbsp;&nbsp;&nbsp;proc_additive_expr
</UL>

<P><STRONG><a name="[1b7]"></a>proc_param_list</STRONG> (Thumb, 76 bytes, Stack size 24 bytes, finsh_parser.o(i.proc_param_list))
<BR><BR>[Stack]<UL><LI>Max Depth = 248 + In Cycle
<LI>Call Chain = proc_param_list &rArr;  proc_assign_expr (Cycle)
</UL>
<BR>[Calls]<UL><LI><a href="#[154]">&gt;&gt;</a>&nbsp;&nbsp;&nbsp;finsh_error_set
<LI><a href="#[179]">&gt;&gt;</a>&nbsp;&nbsp;&nbsp;finsh_token_token
<LI><a href="#[1af]">&gt;&gt;</a>&nbsp;&nbsp;&nbsp;proc_assign_expr
</UL>
<BR>[Called By]<UL><LI><a href="#[1b8]">&gt;&gt;</a>&nbsp;&nbsp;&nbsp;proc_postfix_expr
</UL>

<P><STRONG><a name="[1b8]"></a>proc_postfix_expr</STRONG> (Thumb, 162 bytes, Stack size 24 bytes, finsh_parser.o(i.proc_postfix_expr))
<BR><BR>[Stack]<UL><LI>Max Depth = 304<LI>Call Chain = proc_postfix_expr &rArr; proc_primary_expr &rArr; proc_identifier &rArr; finsh_token_token &rArr; token_run &rArr; token_proc_number &rArr; token_spec_number
</UL>
<BR>[Calls]<UL><LI><a href="#[154]">&gt;&gt;</a>&nbsp;&nbsp;&nbsp;finsh_error_set
<LI><a href="#[179]">&gt;&gt;</a>&nbsp;&nbsp;&nbsp;finsh_token_token
<LI><a href="#[1b9]">&gt;&gt;</a>&nbsp;&nbsp;&nbsp;proc_primary_expr
<LI><a href="#[1b7]">&gt;&gt;</a>&nbsp;&nbsp;&nbsp;proc_param_list
<LI><a href="#[1a4]">&gt;&gt;</a>&nbsp;&nbsp;&nbsp;make_sys_node
</UL>
<BR>[Called By]<UL><LI><a href="#[1b3]">&gt;&gt;</a>&nbsp;&nbsp;&nbsp;proc_unary_expr
</UL>

<P><STRONG><a name="[1b9]"></a>proc_primary_expr</STRONG> (Thumb, 158 bytes, Stack size 40 bytes, finsh_parser.o(i.proc_primary_expr))
<BR><BR>[Stack]<UL><LI>Max Depth = 280<LI>Call Chain = proc_primary_expr &rArr; proc_identifier &rArr; finsh_token_token &rArr; token_run &rArr; token_proc_number &rArr; token_spec_number
</UL>
<BR>[Calls]<UL><LI><a href="#[175]">&gt;&gt;</a>&nbsp;&nbsp;&nbsp;finsh_node_new_string
<LI><a href="#[174]">&gt;&gt;</a>&nbsp;&nbsp;&nbsp;finsh_node_new_ptr
<LI><a href="#[173]">&gt;&gt;</a>&nbsp;&nbsp;&nbsp;finsh_node_new_long
<LI><a href="#[172]">&gt;&gt;</a>&nbsp;&nbsp;&nbsp;finsh_node_new_int
<LI><a href="#[16e]">&gt;&gt;</a>&nbsp;&nbsp;&nbsp;finsh_node_new_id
<LI><a href="#[16c]">&gt;&gt;</a>&nbsp;&nbsp;&nbsp;finsh_node_new_char
<LI><a href="#[154]">&gt;&gt;</a>&nbsp;&nbsp;&nbsp;finsh_error_set
<LI><a href="#[179]">&gt;&gt;</a>&nbsp;&nbsp;&nbsp;finsh_token_token
<LI><a href="#[1b6]">&gt;&gt;</a>&nbsp;&nbsp;&nbsp;proc_identifier
<LI><a href="#[1b5]">&gt;&gt;</a>&nbsp;&nbsp;&nbsp;proc_expr
</UL>
<BR>[Called By]<UL><LI><a href="#[1b8]">&gt;&gt;</a>&nbsp;&nbsp;&nbsp;proc_postfix_expr
</UL>

<P><STRONG><a name="[1ae]"></a>proc_shift_expr</STRONG> (Thumb, 116 bytes, Stack size 24 bytes, finsh_parser.o(i.proc_shift_expr))
<BR><BR>[Stack]<UL><LI>Max Depth = 424<LI>Call Chain = proc_shift_expr &rArr; proc_additive_expr &rArr; proc_multiplicative_expr &rArr; proc_cast_expr &rArr;  proc_cast_expr (Cycle)
</UL>
<BR>[Calls]<UL><LI><a href="#[154]">&gt;&gt;</a>&nbsp;&nbsp;&nbsp;finsh_error_set
<LI><a href="#[179]">&gt;&gt;</a>&nbsp;&nbsp;&nbsp;finsh_token_token
<LI><a href="#[1ab]">&gt;&gt;</a>&nbsp;&nbsp;&nbsp;proc_additive_expr
<LI><a href="#[1a4]">&gt;&gt;</a>&nbsp;&nbsp;&nbsp;make_sys_node
</UL>
<BR>[Called By]<UL><LI><a href="#[1ad]">&gt;&gt;</a>&nbsp;&nbsp;&nbsp;proc_and_expr
</UL>

<P><STRONG><a name="[1b2]"></a>proc_type</STRONG> (Thumb, 250 bytes, Stack size 16 bytes, finsh_parser.o(i.proc_type))
<BR><BR>[Stack]<UL><LI>Max Depth = 240<LI>Call Chain = proc_type &rArr; finsh_token_token &rArr; token_run &rArr; token_proc_number &rArr; token_spec_number
</UL>
<BR>[Calls]<UL><LI><a href="#[154]">&gt;&gt;</a>&nbsp;&nbsp;&nbsp;finsh_error_set
<LI><a href="#[179]">&gt;&gt;</a>&nbsp;&nbsp;&nbsp;finsh_token_token
</UL>
<BR>[Called By]<UL><LI><a href="#[17b]">&gt;&gt;</a>&nbsp;&nbsp;&nbsp;proc_variable_decl
<LI><a href="#[1b1]">&gt;&gt;</a>&nbsp;&nbsp;&nbsp;proc_cast_expr
</UL>

<P><STRONG><a name="[1b3]"></a>proc_unary_expr</STRONG> (Thumb, 190 bytes, Stack size 24 bytes, finsh_parser.o(i.proc_unary_expr))
<BR><BR>[Stack]<UL><LI>Max Depth = 328 + In Cycle
<LI>Call Chain = proc_unary_expr &rArr;  proc_cast_expr (Cycle)
</UL>
<BR>[Calls]<UL><LI><a href="#[173]">&gt;&gt;</a>&nbsp;&nbsp;&nbsp;finsh_node_new_long
<LI><a href="#[179]">&gt;&gt;</a>&nbsp;&nbsp;&nbsp;finsh_token_token
<LI><a href="#[1b8]">&gt;&gt;</a>&nbsp;&nbsp;&nbsp;proc_postfix_expr
<LI><a href="#[1b1]">&gt;&gt;</a>&nbsp;&nbsp;&nbsp;proc_cast_expr
<LI><a href="#[1a4]">&gt;&gt;</a>&nbsp;&nbsp;&nbsp;make_sys_node
</UL>
<BR>[Called By]<UL><LI><a href="#[1b1]">&gt;&gt;</a>&nbsp;&nbsp;&nbsp;proc_cast_expr
</UL>

<P><STRONG><a name="[17b]"></a>proc_variable_decl</STRONG> (Thumb, 474 bytes, Stack size 56 bytes, finsh_parser.o(i.proc_variable_decl))
<BR><BR>[Stack]<UL><LI>Max Depth = 576<LI>Call Chain = proc_variable_decl &rArr; proc_assign_expr &rArr;  proc_assign_expr (Cycle)
</UL>
<BR>[Calls]<UL><LI><a href="#[16e]">&gt;&gt;</a>&nbsp;&nbsp;&nbsp;finsh_node_new_id
<LI><a href="#[154]">&gt;&gt;</a>&nbsp;&nbsp;&nbsp;finsh_error_set
<LI><a href="#[198]">&gt;&gt;</a>&nbsp;&nbsp;&nbsp;finsh_var_insert
<LI><a href="#[179]">&gt;&gt;</a>&nbsp;&nbsp;&nbsp;finsh_token_token
<LI><a href="#[1b2]">&gt;&gt;</a>&nbsp;&nbsp;&nbsp;proc_type
<LI><a href="#[1b6]">&gt;&gt;</a>&nbsp;&nbsp;&nbsp;proc_identifier
<LI><a href="#[1af]">&gt;&gt;</a>&nbsp;&nbsp;&nbsp;proc_assign_expr
<LI><a href="#[1a4]">&gt;&gt;</a>&nbsp;&nbsp;&nbsp;make_sys_node
</UL>
<BR>[Called By]<UL><LI><a href="#[177]">&gt;&gt;</a>&nbsp;&nbsp;&nbsp;finsh_parser_run
</UL>

<P><STRONG><a name="[214]"></a>token_match_name</STRONG> (Thumb, 48 bytes, Stack size 16 bytes, finsh_token.o(i.token_match_name))
<BR><BR>[Stack]<UL><LI>Max Depth = 16<LI>Call Chain = token_match_name
</UL>
<BR>[Calls]<UL><LI><a href="#[188]">&gt;&gt;</a>&nbsp;&nbsp;&nbsp;strcmp
</UL>
<BR>[Called By]<UL><LI><a href="#[197]">&gt;&gt;</a>&nbsp;&nbsp;&nbsp;token_run
</UL>

<P><STRONG><a name="[212]"></a>token_next_char</STRONG> (Thumb, 62 bytes, Stack size 8 bytes, finsh_token.o(i.token_next_char))
<BR><BR>[Stack]<UL><LI>Max Depth = 16<LI>Call Chain = token_next_char &rArr; strlen
</UL>
<BR>[Calls]<UL><LI><a href="#[176]">&gt;&gt;</a>&nbsp;&nbsp;&nbsp;strlen
</UL>
<BR>[Called By]<UL><LI><a href="#[211]">&gt;&gt;</a>&nbsp;&nbsp;&nbsp;token_get_string
<LI><a href="#[21a]">&gt;&gt;</a>&nbsp;&nbsp;&nbsp;token_trim_space
<LI><a href="#[197]">&gt;&gt;</a>&nbsp;&nbsp;&nbsp;token_run
<LI><a href="#[219]">&gt;&gt;</a>&nbsp;&nbsp;&nbsp;token_proc_string
<LI><a href="#[217]">&gt;&gt;</a>&nbsp;&nbsp;&nbsp;token_proc_number
<LI><a href="#[216]">&gt;&gt;</a>&nbsp;&nbsp;&nbsp;token_proc_escape
<LI><a href="#[215]">&gt;&gt;</a>&nbsp;&nbsp;&nbsp;token_proc_char
</UL>

<P><STRONG><a name="[213]"></a>token_prev_char</STRONG> (Thumb, 22 bytes, Stack size 0 bytes, finsh_token.o(i.token_prev_char))
<BR><BR>[Called By]<UL><LI><a href="#[211]">&gt;&gt;</a>&nbsp;&nbsp;&nbsp;token_get_string
<LI><a href="#[21a]">&gt;&gt;</a>&nbsp;&nbsp;&nbsp;token_trim_space
<LI><a href="#[197]">&gt;&gt;</a>&nbsp;&nbsp;&nbsp;token_run
<LI><a href="#[217]">&gt;&gt;</a>&nbsp;&nbsp;&nbsp;token_proc_number
<LI><a href="#[216]">&gt;&gt;</a>&nbsp;&nbsp;&nbsp;token_proc_escape
<LI><a href="#[215]">&gt;&gt;</a>&nbsp;&nbsp;&nbsp;token_proc_char
</UL>

<P><STRONG><a name="[215]"></a>token_proc_char</STRONG> (Thumb, 162 bytes, Stack size 24 bytes, finsh_token.o(i.token_proc_char))
<BR><BR>[Stack]<UL><LI>Max Depth = 112<LI>Call Chain = token_proc_char &rArr; atoi &rArr; strtol &rArr; _strtoul
</UL>
<BR>[Calls]<UL><LI><a href="#[154]">&gt;&gt;</a>&nbsp;&nbsp;&nbsp;finsh_error_set
<LI><a href="#[213]">&gt;&gt;</a>&nbsp;&nbsp;&nbsp;token_prev_char
<LI><a href="#[212]">&gt;&gt;</a>&nbsp;&nbsp;&nbsp;token_next_char
<LI><a href="#[e8]">&gt;&gt;</a>&nbsp;&nbsp;&nbsp;atoi
</UL>
<BR>[Called By]<UL><LI><a href="#[197]">&gt;&gt;</a>&nbsp;&nbsp;&nbsp;token_run
</UL>

<P><STRONG><a name="[216]"></a>token_proc_escape</STRONG> (Thumb, 214 bytes, Stack size 16 bytes, finsh_token.o(i.token_proc_escape))
<BR><BR>[Stack]<UL><LI>Max Depth = 32<LI>Call Chain = token_proc_escape &rArr; token_next_char &rArr; strlen
</UL>
<BR>[Calls]<UL><LI><a href="#[213]">&gt;&gt;</a>&nbsp;&nbsp;&nbsp;token_prev_char
<LI><a href="#[212]">&gt;&gt;</a>&nbsp;&nbsp;&nbsp;token_next_char
</UL>
<BR>[Called By]<UL><LI><a href="#[219]">&gt;&gt;</a>&nbsp;&nbsp;&nbsp;token_proc_string
</UL>

<P><STRONG><a name="[217]"></a>token_proc_number</STRONG> (Thumb, 288 bytes, Stack size 160 bytes, finsh_token.o(i.token_proc_number))
<BR><BR>[Stack]<UL><LI>Max Depth = 200<LI>Call Chain = token_proc_number &rArr; token_spec_number
</UL>
<BR>[Calls]<UL><LI><a href="#[218]">&gt;&gt;</a>&nbsp;&nbsp;&nbsp;token_spec_number
<LI><a href="#[213]">&gt;&gt;</a>&nbsp;&nbsp;&nbsp;token_prev_char
<LI><a href="#[212]">&gt;&gt;</a>&nbsp;&nbsp;&nbsp;token_next_char
<LI><a href="#[176]">&gt;&gt;</a>&nbsp;&nbsp;&nbsp;strlen
</UL>
<BR>[Called By]<UL><LI><a href="#[197]">&gt;&gt;</a>&nbsp;&nbsp;&nbsp;token_run
</UL>

<P><STRONG><a name="[219]"></a>token_proc_string</STRONG> (Thumb, 80 bytes, Stack size 16 bytes, finsh_token.o(i.token_proc_string))
<BR><BR>[Stack]<UL><LI>Max Depth = 48<LI>Call Chain = token_proc_string &rArr; token_proc_escape &rArr; token_next_char &rArr; strlen
</UL>
<BR>[Calls]<UL><LI><a href="#[154]">&gt;&gt;</a>&nbsp;&nbsp;&nbsp;finsh_error_set
<LI><a href="#[216]">&gt;&gt;</a>&nbsp;&nbsp;&nbsp;token_proc_escape
<LI><a href="#[212]">&gt;&gt;</a>&nbsp;&nbsp;&nbsp;token_next_char
</UL>
<BR>[Called By]<UL><LI><a href="#[197]">&gt;&gt;</a>&nbsp;&nbsp;&nbsp;token_run
</UL>

<P><STRONG><a name="[197]"></a>token_run</STRONG> (Thumb, 414 bytes, Stack size 16 bytes, finsh_token.o(i.token_run))
<BR><BR>[Stack]<UL><LI>Max Depth = 216<LI>Call Chain = token_run &rArr; token_proc_number &rArr; token_spec_number
</UL>
<BR>[Calls]<UL><LI><a href="#[154]">&gt;&gt;</a>&nbsp;&nbsp;&nbsp;finsh_error_set
<LI><a href="#[211]">&gt;&gt;</a>&nbsp;&nbsp;&nbsp;token_get_string
<LI><a href="#[21a]">&gt;&gt;</a>&nbsp;&nbsp;&nbsp;token_trim_space
<LI><a href="#[219]">&gt;&gt;</a>&nbsp;&nbsp;&nbsp;token_proc_string
<LI><a href="#[217]">&gt;&gt;</a>&nbsp;&nbsp;&nbsp;token_proc_number
<LI><a href="#[215]">&gt;&gt;</a>&nbsp;&nbsp;&nbsp;token_proc_char
<LI><a href="#[213]">&gt;&gt;</a>&nbsp;&nbsp;&nbsp;token_prev_char
<LI><a href="#[212]">&gt;&gt;</a>&nbsp;&nbsp;&nbsp;token_next_char
<LI><a href="#[214]">&gt;&gt;</a>&nbsp;&nbsp;&nbsp;token_match_name
</UL>
<BR>[Called By]<UL><LI><a href="#[179]">&gt;&gt;</a>&nbsp;&nbsp;&nbsp;finsh_token_token
</UL>

<P><STRONG><a name="[218]"></a>token_spec_number</STRONG> (Thumb, 152 bytes, Stack size 40 bytes, finsh_token.o(i.token_spec_number))
<BR><BR>[Stack]<UL><LI>Max Depth = 40<LI>Call Chain = token_spec_number
</UL>
<BR>[Called By]<UL><LI><a href="#[217]">&gt;&gt;</a>&nbsp;&nbsp;&nbsp;token_proc_number
</UL>

<P><STRONG><a name="[21a]"></a>token_trim_space</STRONG> (Thumb, 34 bytes, Stack size 16 bytes, finsh_token.o(i.token_trim_space))
<BR><BR>[Stack]<UL><LI>Max Depth = 32<LI>Call Chain = token_trim_space &rArr; token_next_char &rArr; strlen
</UL>
<BR>[Calls]<UL><LI><a href="#[213]">&gt;&gt;</a>&nbsp;&nbsp;&nbsp;token_prev_char
<LI><a href="#[212]">&gt;&gt;</a>&nbsp;&nbsp;&nbsp;token_next_char
</UL>
<BR>[Called By]<UL><LI><a href="#[197]">&gt;&gt;</a>&nbsp;&nbsp;&nbsp;token_run
</UL>

<P><STRONG><a name="[10a]"></a>NVIC_GetPriorityGrouping</STRONG> (Thumb, 10 bytes, Stack size 0 bytes, stm32f4xx_hal_cortex.o(i.NVIC_GetPriorityGrouping))
<BR><BR>[Called By]<UL><LI><a href="#[109]">&gt;&gt;</a>&nbsp;&nbsp;&nbsp;HAL_NVIC_SetPriority
</UL>

<P><STRONG><a name="[10b]"></a>NVIC_SetPriority</STRONG> (Thumb, 32 bytes, Stack size 8 bytes, stm32f4xx_hal_cortex.o(i.NVIC_SetPriority))
<BR><BR>[Stack]<UL><LI>Max Depth = 8<LI>Call Chain = NVIC_SetPriority
</UL>
<BR>[Called By]<UL><LI><a href="#[115]">&gt;&gt;</a>&nbsp;&nbsp;&nbsp;HAL_SYSTICK_Config
<LI><a href="#[109]">&gt;&gt;</a>&nbsp;&nbsp;&nbsp;HAL_NVIC_SetPriority
</UL>

<P><STRONG><a name="[fc]"></a>DMA_CalcBaseAndBitshift</STRONG> (Thumb, 46 bytes, Stack size 0 bytes, stm32f4xx_hal_dma.o(i.DMA_CalcBaseAndBitshift))
<BR><BR>[Called By]<UL><LI><a href="#[fd]">&gt;&gt;</a>&nbsp;&nbsp;&nbsp;HAL_DMA_Init
<LI><a href="#[fb]">&gt;&gt;</a>&nbsp;&nbsp;&nbsp;HAL_DMA_DeInit
</UL>

<P><STRONG><a name="[ff]"></a>DMA_CheckFifoParam</STRONG> (Thumb, 170 bytes, Stack size 0 bytes, stm32f4xx_hal_dma.o(i.DMA_CheckFifoParam))
<BR><BR>[Called By]<UL><LI><a href="#[fd]">&gt;&gt;</a>&nbsp;&nbsp;&nbsp;HAL_DMA_Init
</UL>

<P><STRONG><a name="[101]"></a>DMA_SetConfig</STRONG> (Thumb, 44 bytes, Stack size 12 bytes, stm32f4xx_hal_dma.o(i.DMA_SetConfig))
<BR><BR>[Stack]<UL><LI>Max Depth = 12<LI>Call Chain = DMA_SetConfig
</UL>
<BR>[Called By]<UL><LI><a href="#[100]">&gt;&gt;</a>&nbsp;&nbsp;&nbsp;HAL_DMA_Start_IT
</UL>

<P><STRONG><a name="[6c]"></a>UART_DMAError</STRONG> (Thumb, 80 bytes, Stack size 16 bytes, stm32f4xx_hal_uart.o(i.UART_DMAError))
<BR><BR>[Stack]<UL><LI>Max Depth = 56<LI>Call Chain = UART_DMAError &rArr; HAL_UART_ErrorCallback &rArr; rt_assert_handler &rArr;  rt_kprintf (Cycle)
</UL>
<BR>[Calls]<UL><LI><a href="#[116]">&gt;&gt;</a>&nbsp;&nbsp;&nbsp;HAL_UART_ErrorCallback
<LI><a href="#[127]">&gt;&gt;</a>&nbsp;&nbsp;&nbsp;UART_EndTxTransfer
<LI><a href="#[128]">&gt;&gt;</a>&nbsp;&nbsp;&nbsp;UART_EndRxTransfer
</UL>
<BR>[Address Reference Count : 1]<UL><LI> stm32f4xx_hal_uart.o(i.HAL_UART_Receive_DMA)
</UL>
<P><STRONG><a name="[6a]"></a>UART_DMAReceiveCplt</STRONG> (Thumb, 70 bytes, Stack size 16 bytes, stm32f4xx_hal_uart.o(i.UART_DMAReceiveCplt))
<BR><BR>[Stack]<UL><LI>Max Depth = 348<LI>Call Chain = UART_DMAReceiveCplt &rArr; HAL_UART_RxCpltCallback &rArr; rt_hw_serial_isr &rArr; rt_data_queue_pop &rArr; rt_schedule &rArr; _rt_scheduler_stack_check &rArr;  list_thread (Cycle)
</UL>
<BR>[Calls]<UL><LI><a href="#[11f]">&gt;&gt;</a>&nbsp;&nbsp;&nbsp;HAL_UART_RxCpltCallback
</UL>
<BR>[Address Reference Count : 1]<UL><LI> stm32f4xx_hal_uart.o(i.HAL_UART_Receive_DMA)
</UL>
<P><STRONG><a name="[6b]"></a>UART_DMARxHalfCplt</STRONG> (Thumb, 14 bytes, Stack size 16 bytes, stm32f4xx_hal_uart.o(i.UART_DMARxHalfCplt))
<BR><BR>[Stack]<UL><LI>Max Depth = 16<LI>Call Chain = UART_DMARxHalfCplt
</UL>
<BR>[Calls]<UL><LI><a href="#[129]">&gt;&gt;</a>&nbsp;&nbsp;&nbsp;HAL_UART_RxHalfCpltCallback
</UL>
<BR>[Address Reference Count : 1]<UL><LI> stm32f4xx_hal_uart.o(i.HAL_UART_Receive_DMA)
</UL>
<P><STRONG><a name="[128]"></a>UART_EndRxTransfer</STRONG> (Thumb, 32 bytes, Stack size 0 bytes, stm32f4xx_hal_uart.o(i.UART_EndRxTransfer))
<BR><BR>[Called By]<UL><LI><a href="#[6c]">&gt;&gt;</a>&nbsp;&nbsp;&nbsp;UART_DMAError
</UL>

<P><STRONG><a name="[127]"></a>UART_EndTxTransfer</STRONG> (Thumb, 20 bytes, Stack size 0 bytes, stm32f4xx_hal_uart.o(i.UART_EndTxTransfer))
<BR><BR>[Called By]<UL><LI><a href="#[6c]">&gt;&gt;</a>&nbsp;&nbsp;&nbsp;UART_DMAError
</UL>

<P><STRONG><a name="[11a]"></a>UART_SetConfig</STRONG> (Thumb, 864 bytes, Stack size 24 bytes, stm32f4xx_hal_uart.o(i.UART_SetConfig))
<BR><BR>[Stack]<UL><LI>Max Depth = 28<LI>Call Chain = UART_SetConfig &rArr; HAL_RCC_GetPCLK2Freq
</UL>
<BR>[Calls]<UL><LI><a href="#[112]">&gt;&gt;</a>&nbsp;&nbsp;&nbsp;HAL_RCC_GetPCLK2Freq
<LI><a href="#[110]">&gt;&gt;</a>&nbsp;&nbsp;&nbsp;HAL_RCC_GetPCLK1Freq
</UL>
<BR>[Called By]<UL><LI><a href="#[118]">&gt;&gt;</a>&nbsp;&nbsp;&nbsp;HAL_UART_Init
</UL>
<P>
<H3>
Undefined Global Symbols
</H3><HR></body></html>
