Component: ARM Compiler 5.06 update 6 (build 750) Tool: armlink [4d35ed]

==============================================================================

Section Cross References

    clock.o(i.rt_tick_get) refers to clock.o(.data) for rt_tick
    clock.o(i.rt_tick_increase) refers to thread.o(i.rt_thread_self) for rt_thread_self
    clock.o(i.rt_tick_increase) refers to thread.o(i.rt_thread_yield) for rt_thread_yield
    clock.o(i.rt_tick_increase) refers to timer.o(i.rt_timer_check) for rt_timer_check
    clock.o(i.rt_tick_increase) refers to clock.o(.data) for rt_tick
    clock.o(i.rt_tick_set) refers to context_rvds.o(.text) for rt_hw_interrupt_disable
    clock.o(i.rt_tick_set) refers to clock.o(.data) for rt_tick
    components.o(i.$Sub$$main) refers to components.o(i.rtthread_startup) for rtthread_startup
    components.o(i.main_thread_entry) refers to components.o(i.rt_components_init) for rt_components_init
    components.o(i.main_thread_entry) refers to main.o(i.main) for $Super$$main
    components.o(i.rt_application_init) refers to thread.o(i.rt_thread_create) for rt_thread_create
    components.o(i.rt_application_init) refers to kservice.o(i.rt_assert_handler) for rt_assert_handler
    components.o(i.rt_application_init) refers to thread.o(i.rt_thread_startup) for rt_thread_startup
    components.o(i.rt_application_init) refers to components.o(i.main_thread_entry) for main_thread_entry
    components.o(i.rt_application_init) refers to components.o(.constdata) for __FUNCTION__
    components.o(i.rt_components_board_init) refers to components.o(.rti_fn.0.end) for __rt_init_rti_board_start
    components.o(i.rt_components_board_init) refers to components.o(.rti_fn.1.end) for __rt_init_rti_board_end
    components.o(i.rt_components_init) refers to components.o(.rti_fn.1.end) for __rt_init_rti_board_end
    components.o(i.rt_components_init) refers to components.o(.rti_fn.6.end) for __rt_init_rti_end
    components.o(i.rtthread_startup) refers to context_rvds.o(.text) for rt_hw_interrupt_disable
    components.o(i.rtthread_startup) refers to drv_common.o(i.rt_hw_board_init) for rt_hw_board_init
    components.o(i.rtthread_startup) refers to kservice.o(i.rt_show_version) for rt_show_version
    components.o(i.rtthread_startup) refers to timer.o(i.rt_system_timer_init) for rt_system_timer_init
    components.o(i.rtthread_startup) refers to scheduler.o(i.rt_system_scheduler_init) for rt_system_scheduler_init
    components.o(i.rtthread_startup) refers to components.o(i.rt_application_init) for rt_application_init
    components.o(i.rtthread_startup) refers to timer.o(i.rt_system_timer_thread_init) for rt_system_timer_thread_init
    components.o(i.rtthread_startup) refers to idle.o(i.rt_thread_idle_init) for rt_thread_idle_init
    components.o(i.rtthread_startup) refers to scheduler.o(i.rt_system_scheduler_start) for rt_system_scheduler_start
    components.o(.rti_fn.0) refers to components.o(i.rti_start) for rti_start
    components.o(.rti_fn.0.end) refers to components.o(i.rti_board_start) for rti_board_start
    components.o(.rti_fn.1.end) refers to components.o(i.rti_board_end) for rti_board_end
    components.o(.rti_fn.6.end) refers to components.o(i.rti_end) for rti_end
    device.o(i.rt_device_close) refers to kservice.o(i.rt_assert_handler) for rt_assert_handler
    device.o(i.rt_device_close) refers to object.o(i.rt_object_get_type) for rt_object_get_type
    device.o(i.rt_device_close) refers to device.o(.constdata) for __FUNCTION__
    device.o(i.rt_device_control) refers to kservice.o(i.rt_assert_handler) for rt_assert_handler
    device.o(i.rt_device_control) refers to object.o(i.rt_object_get_type) for rt_object_get_type
    device.o(i.rt_device_control) refers to device.o(.constdata) for __FUNCTION__
    device.o(i.rt_device_create) refers to mem.o(i.rt_malloc) for rt_malloc
    device.o(i.rt_device_create) refers to kservice.o(i.rt_memset) for rt_memset
    device.o(i.rt_device_destroy) refers to kservice.o(i.rt_assert_handler) for rt_assert_handler
    device.o(i.rt_device_destroy) refers to object.o(i.rt_object_get_type) for rt_object_get_type
    device.o(i.rt_device_destroy) refers to object.o(i.rt_object_is_systemobject) for rt_object_is_systemobject
    device.o(i.rt_device_destroy) refers to object.o(i.rt_object_detach) for rt_object_detach
    device.o(i.rt_device_destroy) refers to mem.o(i.rt_free) for rt_free
    device.o(i.rt_device_destroy) refers to device.o(.constdata) for __FUNCTION__
    device.o(i.rt_device_find) refers to thread.o(i.rt_thread_self) for rt_thread_self
    device.o(i.rt_device_find) refers to scheduler.o(i.rt_enter_critical) for rt_enter_critical
    device.o(i.rt_device_find) refers to object.o(i.rt_object_get_information) for rt_object_get_information
    device.o(i.rt_device_find) refers to kservice.o(i.rt_assert_handler) for rt_assert_handler
    device.o(i.rt_device_find) refers to kservice.o(i.rt_strncmp) for rt_strncmp
[...]
    rt_console_get_device                    0x0800869d   Thumb Code     6  kservice.o(i.rt_console_get_device)
    rt_console_set_device                    0x080086a9   Thumb Code    48  kservice.o(i.rt_console_set_device)
    rt_data_queue_init                       0x080086dd   Thumb Code    76  dataqueue.o(i.rt_data_queue_init)
    rt_data_queue_peak                       0x08008741   Thumb Code   102  dataqueue.o(i.rt_data_queue_peak)
    rt_data_queue_pop                        0x080087c1   Thumb Code   342  dataqueue.o(i.rt_data_queue_pop)
    rt_data_queue_push                       0x08008981   Thumb Code   282  dataqueue.o(i.rt_data_queue_push)
    rt_device_close                          0x08008ae1   Thumb Code    92  device.o(i.rt_device_close)
    rt_device_find                           0x08008b8d   Thumb Code    94  device.o(i.rt_device_find)
    rt_device_open                           0x08008c09   Thumb Code   170  device.o(i.rt_device_open)
    rt_device_pin_register                   0x08008d51   Thumb Code    56  pin.o(i.rt_device_pin_register)
    rt_device_read                           0x08008d99   Thumb Code    98  device.o(i.rt_device_read)
    rt_device_register                       0x08008e4d   Thumb Code    52  device.o(i.rt_device_register)
    rt_device_set_rx_indicate                0x08008e81   Thumb Code    48  device.o(i.rt_device_set_rx_indicate)
    rt_device_write                          0x08008f01   Thumb Code    98  device.o(i.rt_device_write)
    rt_enter_critical                        0x08009111   Thumb Code    28  scheduler.o(i.rt_enter_critical)
    rt_exit_critical                         0x08009131   Thumb Code    60  scheduler.o(i.rt_exit_critical)
    rt_free                                  0x08009175   Thumb Code   278  mem.o(i.rt_free)
    rt_hw_board_init                         0x08009381   Thumb Code    42  drv_common.o(i.rt_hw_board_init)
    rt_hw_console_output                     0x080093bd   Thumb Code     2  kservice.o(i.rt_hw_console_output)
    rt_hw_cpu_reset                          0x080093c1   Thumb Code     8  cpuport.o(i.rt_hw_cpu_reset)
    rt_hw_hard_fault_exception               0x080093d1   Thumb Code   220  cpuport.o(i.rt_hw_hard_fault_exception)
    rt_hw_pin_init                           0x080095fd   Thumb Code   346  drv_gpio.o(i.rt_hw_pin_init)
    rt_hw_serial_isr                         0x08009765   Thumb Code   390  serial.o(i.rt_hw_serial_isr)
    rt_hw_serial_register                    0x08009941   Thumb Code    80  serial.o(i.rt_hw_serial_register)
    rt_hw_stack_init                         0x080099c1   Thumb Code    74  cpuport.o(i.rt_hw_stack_init)
    rt_hw_systick_init                       0x08009a11   Thumb Code    38  drv_common.o(i.rt_hw_systick_init)
    rt_hw_usart_init                         0x08009a39   Thumb Code   170  drv_usart.o(i.rt_hw_usart_init)
    rt_interrupt_enter                       0x08009b0d   Thumb Code    46  irq.o(i.rt_interrupt_enter)
    rt_interrupt_get_nest                    0x08009b45   Thumb Code     6  irq.o(i.rt_interrupt_get_nest)
    rt_interrupt_leave                       0x08009b51   Thumb Code    46  irq.o(i.rt_interrupt_leave)
    rt_kprintf                               0x08009c1d   Thumb Code    96  kservice.o(i.rt_kprintf)
    rt_malloc                                0x08009d6d   Thumb Code   522  mem.o(i.rt_malloc)
    rt_memcpy                                0x0800a029   Thumb Code   124  kservice.o(i.rt_memcpy)
    rt_memmove                               0x0800a0a5   Thumb Code    66  kservice.o(i.rt_memmove)
    rt_memset                                0x0800a0e7   Thumb Code    72  kservice.o(i.rt_memset)
    rt_object_allocate                       0x0800a131   Thumb Code   158  object.o(i.rt_object_allocate)
    rt_object_delete                         0x0800a21d   Thumb Code    88  object.o(i.rt_object_delete)
    rt_object_detach                         0x0800a2bd   Thumb Code    62  object.o(i.rt_object_detach)
    rt_object_get_information                0x0800a319   Thumb Code    36  object.o(i.rt_object_get_information)
    rt_object_get_type                       0x0800a341   Thumb Code    26  object.o(i.rt_object_get_type)
    rt_object_init                           0x0800a375   Thumb Code   132  object.o(i.rt_object_init)
    rt_object_is_systemobject                0x0800a429   Thumb Code    34  object.o(i.rt_object_is_systemobject)
    rt_pin_mode                              0x0800a465   Thumb Code    38  pin.o(i.rt_pin_mode)
    rt_pin_read                              0x0800a4ad   Thumb Code    34  pin.o(i.rt_pin_read)
    rt_pin_write                             0x0800a4f1   Thumb Code    38  pin.o(i.rt_pin_write)
    rt_schedule                              0x0800a539   Thumb Code   142  scheduler.o(i.rt_schedule)
    rt_schedule_insert_thread                0x0800a5e5   Thumb Code    90  scheduler.o(i.rt_schedule_insert_thread)
    rt_schedule_remove_thread                0x0800a661   Thumb Code    94  scheduler.o(i.rt_schedule_remove_thread)
    rt_sem_init                              0x0800a6e1   Thumb Code    66  ipc.o(i.rt_sem_init)
    rt_sem_release                           0x0800a74d   Thumb Code   116  ipc.o(i.rt_sem_release)
    rt_sem_take                              0x0800a7dd   Thumb Code   288  ipc.o(i.rt_sem_take)
    rt_set_errno                             0x0800af75   Thumb Code    36  kservice.o(i.rt_set_errno)
    rt_show_version                          0x0800af9d   Thumb Code    38  kservice.o(i.rt_show_version)
    rt_strlen                                0x0800b04d   Thumb Code    18  kservice.o(i.rt_strlen)
    rt_strncmp                               0x0800b05f   Thumb Code    40  kservice.o(i.rt_strncmp)
    rt_strncpy                               0x0800b087   Thumb Code    52  kservice.o(i.rt_strncpy)
    rt_system_heap_init                      0x0800b0bd   Thumb Code   204  mem.o(i.rt_system_heap_init)
    rt_system_scheduler_init                 0x0800b211   Thumb Code    56  scheduler.o(i.rt_system_scheduler_init)
    rt_system_scheduler_start                0x0800b261   Thumb Code    36  scheduler.o(i.rt_system_scheduler_start)
    rt_system_timer_init                     0x0800b291   Thumb Code    24  timer.o(i.rt_system_timer_init)
    rt_system_timer_thread_init              0x0800b2ad   Thumb Code     2  timer.o(i.rt_system_timer_thread_init)
    rt_thread_create                         0x0800b2af   Thumb Code    80  thread.o(i.rt_thread_create)
    rt_thread_exit                           0x0800b301   Thumb Code    76  thread.o(i.rt_thread_exit)
    rt_thread_idle_excute                    0x0800b37d   Thumb Code   174  idle.o(i.rt_thread_idle_excute)
    rt_thread_idle_init                      0x0800b461   Thumb Code    38  idle.o(i.rt_thread_idle_init)
    rt_thread_init                           0x0800b49d   Thumb Code    74  thread.o(i.rt_thread_init)
    rt_thread_mdelay                         0x0800b519   Thumb Code    20  thread.o(i.rt_thread_mdelay)
    rt_thread_resume                         0x0800b52d   Thumb Code   122  thread.o(i.rt_thread_resume)
    rt_thread_self                           0x0800b5c9   Thumb Code     6  thread.o(i.rt_thread_self)
    rt_thread_sleep                          0x0800b5d5   Thumb Code    98  thread.o(i.rt_thread_sleep)
    rt_thread_startup                        0x0800b659   Thumb Code   110  thread.o(i.rt_thread_startup)
    rt_thread_suspend                        0x0800b71d   Thumb Code   130  thread.o(i.rt_thread_suspend)
    rt_thread_timeout                        0x0800b7c1   Thumb Code    92  thread.o(i.rt_thread_timeout)
    rt_thread_yield                          0x0800b875   Thumb Code    92  thread.o(i.rt_thread_yield)
    rt_tick_from_millisecond                 0x0800b8d9   Thumb Code    56  clock.o(i.rt_tick_from_millisecond)
    rt_tick_get                              0x0800b911   Thumb Code     6  clock.o(i.rt_tick_get)
    rt_tick_increase                         0x0800b91d   Thumb Code    42  clock.o(i.rt_tick_increase)
    rt_timer_check                           0x0800b94d   Thumb Code   166  timer.o(i.rt_timer_check)
    rt_timer_control                         0x0800ba01   Thumb Code    98  timer.o(i.rt_timer_control)
    rt_timer_detach                          0x0800bab9   Thumb Code    82  timer.o(i.rt_timer_detach)
    rt_timer_init                            0x0800bb8d   Thumb Code    58  timer.o(i.rt_timer_init)
    rt_timer_start                           0x0800bbe1   Thumb Code   314  timer.o(i.rt_timer_start)
    rt_timer_stop                            0x0800bda1   Thumb Code   102  timer.o(i.rt_timer_stop)
    rt_vsnprintf                             0x0800be61   Thumb Code   808  kservice.o(i.rt_vsnprintf)
    rtthread_startup                         0x0800c1a1   Thumb Code    42  components.o(i.rtthread_startup)
    token_get_string                         0x0800cb45   Thumb Code   120  finsh_token.o(i.token_get_string)
    version                                  0x0800d411   Thumb Code    10  cmd.o(i.version)
    _get_lc_ctype                            0x0800d41d   Thumb Code    44  lc_ctype_c.o(locale$$code)
    _fp_init                                 0x0800d449   Thumb Code    10  fpinit.o(x$fpl$fpinit)
    __fplib_config_fpu_vfp                   0x0800d451   Thumb Code     0  fpinit.o(x$fpl$fpinit)
    __fplib_config_pureend_doubles           0x0800d451   Thumb Code     0  fpinit.o(x$fpl$fpinit)
    __lowest_bit_bitmap                      0x0800d73c   Data         256  kservice.o(.constdata)
    op_table                                 0x0800e6dc   Data         196  finsh_ops.o(.constdata)
    AHBPrescTable                            0x0800e7e0   Data          16  system_stm32f4xx.o(.constdata)
    APBPrescTable                            0x0800e7f0   Data           8  system_stm32f4xx.o(.constdata)
    __fsym_list_mem_name                     0x0800ec26   Data           9  mem.o(.rodata.name)
    __fsym_list_mem_desc                     0x0800ec2f   Data          30  mem.o(.rodata.name)
    __fsym___cmd_reboot_name                 0x0800ec4d   Data          13  drv_common.o(.rodata.name)
    __fsym___cmd_reboot_desc                 0x0800ec5a   Data          14  drv_common.o(.rodata.name)
    __fsym_pinMode_name                      0x0800ec68   Data           8  pin.o(.rodata.name)
    __fsym_pinMode_desc                      0x0800ec70   Data          22  pin.o(.rodata.name)
    __fsym_pinWrite_name                     0x0800ec86   Data           9  pin.o(.rodata.name)
    __fsym_pinWrite_desc                     0x0800ec8f   Data          28  pin.o(.rodata.name)
    __fsym_pinRead_name                      0x0800ecab   Data           8  pin.o(.rodata.name)
    __fsym_pinRead_desc                      0x0800ecb3   Data          30  pin.o(.rodata.name)
    __fsym_hello_name                        0x0800ecd1   Data           6  cmd.o(.rodata.name)
    __fsym_hello_desc                        0x0800ecd7   Data          16  cmd.o(.rodata.name)
    __fsym_version_name                      0x0800ece7   Data           8  cmd.o(.rodata.name)
    __fsym_version_desc                      0x0800ecef   Data          35  cmd.o(.rodata.name)
    __fsym___cmd_version_name                0x0800ed12   Data          14  cmd.o(.rodata.name)
    __fsym___cmd_version_desc                0x0800ed20   Data          35  cmd.o(.rodata.name)
    __fsym_list_thread_name                  0x0800ed43   Data          12  cmd.o(.rodata.name)
    __fsym_list_thread_desc                  0x0800ed4f   Data          12  cmd.o(.rodata.name)
    __fsym___cmd_list_thread_name            0x0800ed5b   Data          18  cmd.o(.rodata.name)
    __fsym___cmd_list_thread_desc            0x0800ed6d   Data          12  cmd.o(.rodata.name)
    __fsym_list_sem_name                     0x0800ed79   Data           9  cmd.o(.rodata.name)
    __fsym_list_sem_desc                     0x0800ed82   Data          25  cmd.o(.rodata.name)
    __fsym___cmd_list_sem_name               0x0800ed9b   Data          15  cmd.o(.rodata.name)
    __fsym___cmd_list_sem_desc               0x0800edaa   Data          25  cmd.o(.rodata.name)
    __fsym_list_event_name                   0x0800edc3   Data          11  cmd.o(.rodata.name)
    __fsym_list_event_desc                   0x0800edce   Data          21  cmd.o(.rodata.name)
    __fsym___cmd_list_event_name             0x0800ede3   Data          17  cmd.o(.rodata.name)
    __fsym___cmd_list_event_desc             0x0800edf4   Data          21  cmd.o(.rodata.name)
    __fsym_list_mutex_name                   0x0800ee09   Data          11  cmd.o(.rodata.name)
    __fsym_list_mutex_desc                   0x0800ee14   Data          21  cmd.o(.rodata.name)
    __fsym___cmd_list_mutex_name             0x0800ee29   Data          17  cmd.o(.rodata.name)
    __fsym___cmd_list_mutex_desc             0x0800ee3a   Data          21  cmd.o(.rodata.name)
    __fsym_list_mailbox_name                 0x0800ee4f   Data          13  cmd.o(.rodata.name)
    __fsym_list_mailbox_desc                 0x0800ee5c   Data          24  cmd.o(.rodata.name)
    __fsym___cmd_list_mailbox_name           0x0800ee74   Data          19  cmd.o(.rodata.name)
    __fsym___cmd_list_mailbox_desc           0x0800ee87   Data          24  cmd.o(.rodata.name)
    __fsym_list_msgqueue_name                0x0800ee9f   Data          14  cmd.o(.rodata.name)
    __fsym_list_msgqueue_desc                0x0800eead   Data          29  cmd.o(.rodata.name)
    __fsym___cmd_list_msgqueue_name          0x0800eeca   Data          20  cmd.o(.rodata.name)
    __fsym___cmd_list_msgqueue_desc          0x0800eede   Data          29  cmd.o(.rodata.name)
    __fsym_list_memheap_name                 0x0800eefb   Data          13  cmd.o(.rodata.name)
    __fsym_list_memheap_desc                 0x0800ef08   Data          27  cmd.o(.rodata.name)
    __fsym___cmd_list_memheap_name           0x0800ef23   Data          19  cmd.o(.rodata.name)
    __fsym___cmd_list_memheap_desc           0x0800ef36   Data          27  cmd.o(.rodata.name)
    __fsym_list_mempool_name                 0x0800ef51   Data          13  cmd.o(.rodata.name)
    __fsym_list_mempool_desc                 0x0800ef5e   Data          27  cmd.o(.rodata.name)
    __fsym___cmd_list_mempool_name           0x0800ef79   Data          19  cmd.o(.rodata.name)
    __fsym___cmd_list_mempool_desc           0x0800ef8c   Data          27  cmd.o(.rodata.name)
    __fsym_list_timer_name                   0x0800efa7   Data          11  cmd.o(.rodata.name)
    __fsym_list_timer_desc                   0x0800efb2   Data          21  cmd.o(.rodata.name)
    __fsym___cmd_list_timer_name             0x0800efc7   Data          17  cmd.o(.rodata.name)
    __fsym___cmd_list_timer_desc             0x0800efd8   Data          21  cmd.o(.rodata.name)
    __fsym_list_device_name                  0x0800efed   Data          12  cmd.o(.rodata.name)
    __fsym_list_device_desc                  0x0800eff9   Data          22  cmd.o(.rodata.name)
    __fsym___cmd_list_device_name            0x0800f00f   Data          18  cmd.o(.rodata.name)
    __fsym___cmd_list_device_desc            0x0800f021   Data          22  cmd.o(.rodata.name)
    __fsym_list_name                         0x0800f037   Data           5  cmd.o(.rodata.name)
    __fsym_list_desc                         0x0800f03c   Data          26  cmd.o(.rodata.name)
    __vsym_dummy_name                        0x0800f056   Data           6  cmd.o(.rodata.name)
    __vsym_dummy_desc                        0x0800f05c   Data          25  cmd.o(.rodata.name)
    __fsym___cmd_exit_name                   0x0800f075   Data          11  msh.o(.rodata.name)
    __fsym___cmd_exit_desc                   0x0800f080   Data          32  msh.o(.rodata.name)
    __fsym_msh_name                          0x0800f0a0   Data           4  msh.o(.rodata.name)
    __fsym_msh_desc                          0x0800f0a4   Data          17  msh.o(.rodata.name)
    __fsym___cmd_help_name                   0x0800f0b5   Data          11  msh.o(.rodata.name)
    __fsym___cmd_help_desc                   0x0800f0c0   Data          22  msh.o(.rodata.name)
    __fsym___cmd_ps_name                     0x0800f0d6   Data           9  msh_cmd.o(.rodata.name)
    __fsym___cmd_ps_desc                     0x0800f0df   Data          28  msh_cmd.o(.rodata.name)
    __fsym___cmd_time_name                   0x0800f0fb   Data          11  msh_cmd.o(.rodata.name)
    __fsym___cmd_time_desc                   0x0800f106   Data          27  msh_cmd.o(.rodata.name)
    __fsym___cmd_free_name                   0x0800f121   Data          11  msh_cmd.o(.rodata.name)
    __fsym___cmd_free_desc                   0x0800f12c   Data          37  msh_cmd.o(.rodata.name)
    __rt_init_rti_start                      0x0800f154   Data           4  components.o(.rti_fn.0)
    __rt_init_rti_board_start                0x0800f158   Data           4  components.o(.rti_fn.0.end)
    __rt_init_rti_board_end                  0x0800f15c   Data           4  components.o(.rti_fn.1.end)
    __rt_init_finsh_system_init              0x0800f160   Data           4  shell.o(.rti_fn.6)
    __rt_init_rti_end                        0x0800f164   Data           4  components.o(.rti_fn.6.end)
    FSymTab$$Base                            0x0800f168   Number         0  mem.o(FSymTab)
    __fsym_list_mem                          0x0800f168   Data          12  mem.o(FSymTab)
    __fsym___cmd_reboot                      0x0800f174   Data          12  drv_common.o(FSymTab)
    __fsym_pinMode                           0x0800f180   Data          12  pin.o(FSymTab)
    __fsym_pinWrite                          0x0800f18c   Data          12  pin.o(FSymTab)
    __fsym_pinRead                           0x0800f198   Data          12  pin.o(FSymTab)
    __fsym_hello                             0x0800f1a4   Data          12  cmd.o(FSymTab)
    __fsym_version                           0x0800f1b0   Data          12  cmd.o(FSymTab)
    __fsym___cmd_version                     0x0800f1bc   Data          12  cmd.o(FSymTab)
    __fsym_list_thread                       0x0800f1c8   Data          12  cmd.o(FSymTab)
    __fsym___cmd_list_thread                 0x0800f1d4   Data          12  cmd.o(FSymTab)
    __fsym_list_sem                          0x0800f1e0   Data          12  cmd.o(FSymTab)
    __fsym___cmd_list_sem                    0x0800f1ec   Data          12  cmd.o(FSymTab)
    __fsym_list_event                        0x0800f1f8   Data          12  cmd.o(FSymTab)
    __fsym___cmd_list_event                  0x0800f204   Data          12  cmd.o(FSymTab)
    __fsym_list_mutex                        0x0800f210   Data          12  cmd.o(FSymTab)
    __fsym___cmd_list_mutex                  0x0800f21c   Data          12  cmd.o(FSymTab)
    __fsym_list_mailbox                      0x0800f228   Data          12  cmd.o(FSymTab)
    __fsym___cmd_list_mailbox                0x0800f234   Data          12  cmd.o(FSymTab)
    __fsym_list_msgqueue                     0x0800f240   Data          12  cmd.o(FSymTab)
    __fsym___cmd_list_msgqueue               0x0800f24c   Data          12  cmd.o(FSymTab)
    __fsym_list_memheap                      0x0800f258   Data          12  cmd.o(FSymTab)
    __fsym___cmd_list_memheap                0x0800f264   Data          12  cmd.o(FSymTab)
    __fsym_list_mempool                      0x0800f270   Data          12  cmd.o(FSymTab)
    __fsym___cmd_list_mempool                0x0800f27c   Data          12  cmd.o(FSymTab)
    __fsym_list_timer                        0x0800f288   Data          12  cmd.o(FSymTab)
    __fsym___cmd_list_timer                  0x0800f294   Data          12  cmd.o(FSymTab)
    __fsym_list_device                       0x0800f2a0   Data          12  cmd.o(FSymTab)
    __fsym___cmd_list_device                 0x0800f2ac   Data          12  cmd.o(FSymTab)
    __fsym_list                              0x0800f2b8   Data          12  cmd.o(FSymTab)
    __fsym___cmd_exit                        0x0800f2c4   Data          12  msh.o(FSymTab)
    __fsym_msh                               0x0800f2d0   Data          12  msh.o(FSymTab)
    __fsym___cmd_help                        0x0800f2dc   Data          12  msh.o(FSymTab)
    __fsym___cmd_ps                          0x0800f2e8   Data          12  msh_cmd.o(FSymTab)
    __fsym___cmd_time                        0x0800f2f4   Data          12  msh_cmd.o(FSymTab)
    __fsym___cmd_free                        0x0800f300   Data          12  msh_cmd.o(FSymTab)
    FSymTab$$Limit                           0x0800f30c   Number         0  msh_cmd.o(FSymTab)
    Region$$Table$$Base                      0x0800f30c   Number         0  anon$$obj.o(Region$$Table)
    Region$$Table$$Limit                     0x0800f32c   Number         0  anon$$obj.o(Region$$Table)
    VSymTab$$Base                            0x0800f32c   Number         0  cmd.o(VSymTab)
    __vsym_dummy                             0x0800f32c   Data          16  cmd.o(VSymTab)
    VSymTab$$Limit                           0x0800f33c   Number         0  cmd.o(VSymTab)
    __ctype                                  0x0800f349   Data           0  lc_ctype_c.o(locale$$data)
    rt_interrupt_nest                        0x2000000c   Data           1  irq.o(.data)
    rt_assert_hook                           0x20000018   Data           4  kservice.o(.data)
    rt_object_trytake_hook                   0x200000e4   Data           4  object.o(.data)
    rt_object_take_hook                      0x200000e8   Data           4  object.o(.data)
    rt_object_put_hook                       0x200000ec   Data           4  object.o(.data)
    rt_current_thread                        0x200000f4   Data           4  scheduler.o(.data)
    rt_current_priority                      0x200000f8   Data           1  scheduler.o(.data)
    rt_thread_ready_priority_group           0x200000fc   Data           4  scheduler.o(.data)
    rt_thread_defunct                        0x20000100   Data           8  scheduler.o(.data)
    rt_interrupt_from_thread                 0x20000200   Data           4  cpuport.o(.data)
    rt_interrupt_to_thread                   0x20000204   Data           4  cpuport.o(.data)
    rt_thread_switch_interrupt_flag          0x20000208   Data           4  cpuport.o(.data)
    shell                                    0x20000210   Data           4  shell.o(.data)
    _syscall_table_begin                     0x20000218   Data           4  symbol.o(.data)
    _syscall_table_end                       0x2000021c   Data           4  symbol.o(.data)
    _sysvar_table_begin                      0x20000220   Data           4  symbol.o(.data)
    _sysvar_table_end                        0x20000224   Data           4  symbol.o(.data)
    finsh_compile_sp                         0x20000230   Data           4  finsh_compiler.o(.data)
    finsh_compile_pc                         0x20000234   Data           4  finsh_compiler.o(.data)
    global_errno                             0x20000238   Data           1  finsh_error.o(.data)
    global_sysvar_list                       0x20000280   Data           4  finsh_var.o(.data)
    finsh_sp                                 0x20000284   Data           4  finsh_vm.o(.data)
    finsh_pc                                 0x20000288   Data           4  finsh_vm.o(.data)
    global_syscall_list                      0x2000028c   Data           4  finsh_vm.o(.data)
    SystemCoreClock                          0x20000290   Data           4  system_stm32f4xx.o(.data)
    uwTick                                   0x20000294   Data           4  stm32f4xx_hal.o(.data)
    uwTickPrio                               0x20000298   Data           4  stm32f4xx_hal.o(.data)
    uwTickFreq                               0x2000029c   Data           1  stm32f4xx_hal.o(.data)
    rt_thread_priority_table                 0x200007d0   Data         256  scheduler.o(.bss)
    finsh_heap                               0x20000a98   Data         128  finsh_heap.o(.bss)
    global_node_table                        0x20000b18   Data         320  finsh_node.o(.bss)
    global_variable                          0x20000c58   Data         192  finsh_var.o(.bss)
    finsh_vm_stack                           0x20000d18   Data         256  finsh_vm.o(.bss)
    text_segment                             0x20000e18   Data         128  finsh_vm.o(.bss)
    __libspace_start                         0x20000e98   Data          96  libspace.o(.bss)
    __temporary_stack_top$libspace           0x20000ef8   Data           0  libspace.o(.bss)
    Image$$RW_IRAM1$$ZI$$Limit               0x200014f8   Number         0  anon$$obj.o ABSOLUTE



==============================================================================

Memory Map of the image

  Image Entry point : 0x080001ad

  Load Region LR_IROM1 (Base: 0x08000000, Size: 0x0000f6ec, Max: 0x00100000, ABSOLUTE, COMPRESSED[0x0000f4f4])

    Execution Region ER_IROM1 (Exec base: 0x08000000, Load base: 0x08000000, Size: 0x0000f44c, Max: 0x00100000, ABSOLUTE)

    Exec Addr    Load Addr    Size         Type   Attr      Idx    E Section Name        Object

    0x08000000   0x08000000   0x000001ac   Data   RO         1863    RESET               startup_stm32f429xx.o
    0x080001ac   0x080001ac   0x00000008   Code   RO         5602  * !!!main             c_w.l(__main.o)
    0x080001b4   0x080001b4   0x00000034   Code   RO         5792    !!!scatter          c_w.l(__scatter.o)
    0x080001e8   0x080001e8   0x0000005a   Code   RO         5790    !!dczerorl2         c_w.l(__dczerorl2.o)
    0x08000242   0x08000242   0x00000002   PAD
    0x08000244   0x08000244   0x0000001c   Code   RO         5794    !!handler_zi        c_w.l(__scatter_zi.o)
    0x08000260   0x08000260   0x00000002   Code   RO         5663    .ARM.Collect$$libinit$$00000000  c_w.l(libinit.o)
    0x08000262   0x08000262   0x00000004   Code   RO         5672    .ARM.Collect$$libinit$$00000001  c_w.l(libinit2.o)
    0x08000266   0x08000266   0x00000000   Code   RO         5675    .ARM.Collect$$libinit$$00000004  c_w.l(libinit2.o)
    0x08000266   0x08000266   0x00000000   Code   RO         5678    .ARM.Collect$$libinit$$0000000A  c_w.l(libinit2.o)
    0x08000266   0x08000266   0x00000000   Code   RO         5680    .ARM.Collect$$libinit$$0000000C  c_w.l(libinit2.o)
    0x08000266   0x08000266   0x00000000   Code   RO         5682    .ARM.Collect$$libinit$$0000000E  c_w.l(libinit2.o)
    0x08000266   0x08000266   0x00000006   Code   RO         5683    .ARM.Collect$$libinit$$0000000F  c_w.l(libinit2.o)
    0x0800026c   0x0800026c   0x00000000   Code   RO         5685    .ARM.Collect$$libinit$$00000011  c_w.l(libinit2.o)
    0x0800026c   0x0800026c   0x0000000c   Code   RO         5686    .ARM.Collect$$libinit$$00000012  c_w.l(libinit2.o)
    0x08000278   0x08000278   0x00000000   Code   RO         5687    .ARM.Collect$$libinit$$00000013  c_w.l(libinit2.o)
    0x08000278   0x08000278   0x00000000   Code   RO         5689    .ARM.Collect$$libinit$$00000015  c_w.l(libinit2.o)
    0x08000278   0x08000278   0x00000000   Code   RO         5691    .ARM.Collect$$libinit$$00000017  c_w.l(libinit2.o)
    0x08000278   0x08000278   0x00000000   Code   RO         5693    .ARM.Collect$$libinit$$00000019  c_w.l(libinit2.o)
    0x08000278   0x08000278   0x00000000   Code   RO         5695    .ARM.Collect$$libinit$$0000001B  c_w.l(libinit2.o)
    0x08000278   0x08000278   0x00000000   Code   RO         5697    .ARM.Collect$$libinit$$0000001D  c_w.l(libinit2.o)
    0x08000278   0x08000278   0x00000000   Code   RO         5699    .ARM.Collect$$libinit$$0000001F  c_w.l(libinit2.o)
    0x08000278   0x08000278   0x00000000   Code   RO         5701    .ARM.Collect$$libinit$$00000021  c_w.l(libinit2.o)
    0x08000278   0x08000278   0x00000000   Code   RO         5703    .ARM.Collect$$libinit$$00000023  c_w.l(libinit2.o)
    0x08000278   0x08000278   0x00000000   Code   RO         5705    .ARM.Collect$$libinit$$00000025  c_w.l(libinit2.o)
    0x08000278   0x08000278   0x00000000   Code   RO         5709    .ARM.Collect$$libinit$$0000002C  c_w.l(libinit2.o)
    0x08000278   0x08000278   0x00000000   Code   RO         5711    .ARM.Collect$$libinit$$0000002E  c_w.l(libinit2.o)
    0x08000278   0x08000278   0x00000000   Code   RO         5713    .ARM.Collect$$libinit$$00000030  c_w.l(libinit2.o)
    0x08000278   0x08000278   0x00000000   Code   RO         5715    .ARM.Collect$$libinit$$00000032  c_w.l(libinit2.o)
    0x08000278   0x08000278   0x00000002   Code   RO         5716    .ARM.Collect$$libinit$$00000033  c_w.l(libinit2.o)
    0x0800027a   0x0800027a   0x00000002   Code   RO         5747    .ARM.Collect$$libshutdown$$00000000  c_w.l(libshutdown.o)
    0x0800027c   0x0800027c   0x00000000   Code   RO         5773    .ARM.Collect$$libshutdown$$00000002  c_w.l(libshutdown2.o)
    0x0800027c   0x0800027c   0x00000000   Code   RO         5775    .ARM.Collect$$libshutdown$$00000004  c_w.l(libshutdown2.o)
    0x0800027c   0x0800027c   0x00000000   Code   RO         5778    .ARM.Collect$$libshutdown$$00000007  c_w.l(libshutdown2.o)
    0x0800027c   0x0800027c   0x00000000   Code   RO         5781    .ARM.Collect$$libshutdown$$0000000A  c_w.l(libshutdown2.o)
    0x0800027c   0x0800027c   0x00000000   Code   RO         5783    .ARM.Collect$$libshutdown$$0000000C  c_w.l(libshutdown2.o)
    0x0800027c   0x0800027c   0x00000000   Code   RO         5786    .ARM.Collect$$libshutdown$$0000000F  c_w.l(libshutdown2.o)
    0x0800027c   0x0800027c   0x00000002   Code   RO         5787    .ARM.Collect$$libshutdown$$00000010  c_w.l(libshutdown2.o)
    0x0800027e   0x0800027e   0x00000000   Code   RO         5604    .ARM.Collect$$rtentry$$00000000  c_w.l(__rtentry.o)
    0x0800027e   0x0800027e   0x00000000   Code   RO         5620    .ARM.Collect$$rtentry$$00000002  c_w.l(__rtentry2.o)
    0x0800027e   0x0800027e   0x00000006   Code   RO         5632    .ARM.Collect$$rtentry$$00000004  c_w.l(__rtentry4.o)
    0x08000284   0x08000284   0x00000000   Code   RO         5622    .ARM.Collect$$rtentry$$00000009  c_w.l(__rtentry2.o)
    0x08000284   0x08000284   0x00000004   Code   RO         5623    .ARM.Collect$$rtentry$$0000000A  c_w.l(__rtentry2.o)
    0x08000288   0x08000288   0x00000000   Code   RO         5625    .ARM.Collect$$rtentry$$0000000C  c_w.l(__rtentry2.o)
    0x08000288   0x08000288   0x00000008   Code   RO         5626    .ARM.Collect$$rtentry$$0000000D  c_w.l(__rtentry2.o)
    0x08000290   0x08000290   0x00000002   Code   RO         5664    .ARM.Collect$$rtexit$$00000000  c_w.l(rtexit.o)
    0x08000292   0x08000292   0x00000000   Code   RO         5720    .ARM.Collect$$rtexit$$00000002  c_w.l(rtexit2.o)
    0x08000292   0x08000292   0x00000004   Code   RO         5721    .ARM.Collect$$rtexit$$00000003  c_w.l(rtexit2.o)
    0x08000296   0x08000296   0x00000006   Code   RO         5722    .ARM.Collect$$rtexit$$00000004  c_w.l(rtexit2.o)
    0x0800029c   0x0800029c   0x00000040   Code   RO         1864    .text               startup_stm32f429xx.o
    0x080002dc   0x080002dc   0x00000134   Code   RO         2258    .text               context_rvds.o
    0x08000410   0x08000410   0x000000ee   Code   RO         5574    .text               c_w.l(lludivv7m.o)
    0x080004fe   0x080004fe   0x0000001a   Code   RO         5576    .text               c_w.l(atoi.o)
    0x08000518   0x08000518   0x00000058   Code   RO         5578    .text               c_w.l(memcmp.o)
    0x08000570   0x08000570   0x00000048   Code   RO         5580    .text               c_w.l(strcpy.o)
    0x080005b8   0x080005b8   0x0000003e   Code   RO         5582    .text               c_w.l(strlen.o)
    0x080005f6   0x080005f6   0x00000096   Code   RO         5584    .text               c_w.l(strncmp.o)
    0x0800068c   0x0800068c   0x00000018   Code   RO         5586    .text               c_w.l(strcat.o)
    0x080006a4   0x080006a4   0x0000008a   Code   RO         5588    .text               c_w.l(rt_memcpy_v6.o)
    0x0800072e   0x0800072e   0x00000064   Code   RO         5590    .text               c_w.l(rt_memcpy_w.o)
    0x08000792   0x08000792   0x00000044   Code   RO         5592    .text               c_w.l(rt_memclr.o)
    0x080007d6   0x080007d6   0x0000004e   Code   RO         5594    .text               c_w.l(rt_memclr_w.o)
    0x08000824   0x08000824   0x00000056   Code   RO         5596    .text               c_w.l(strncpy.o)
    0x0800087a   0x0800087a   0x00000002   PAD
    0x0800087c   0x0800087c   0x00000080   Code   RO         5598    .text               c_w.l(strcmpv7m.o)
    0x080008fc   0x080008fc   0x00000006   Code   RO         5600    .text               c_w.l(heapauxi.o)
    0x08000902   0x08000902   0x00000002   PAD
    0x08000904   0x08000904   0x00000008   Code   RO         5612    .text               c_w.l(rt_errno_addr_intlibspace.o)
    0x0800090c   0x0800090c   0x00000070   Code   RO         5614    .text               c_w.l(strtol.o)
    0x0800097c   0x0800097c   0x00000008   Code   RO         5616    .text               c_w.l(libspace.o)
    0x08000984   0x08000984   0x00000010   Code   RO         5634    .text               c_w.l(rt_ctype_table.o)
    0x08000994   0x08000994   0x0000009e   Code   RO         5638    .text               c_w.l(_strtoul.o)
    0x08000a32   0x08000a32   0x0000004a   Code   RO         5640    .text               c_w.l(sys_stackheap_outer.o)
    0x08000a7c   0x08000a7c   0x00000008   Code   RO         5645    .text               c_w.l(rt_locale_intlibspace.o)
    0x08000a84   0x08000a84   0x0000001c   Code   RO         5647    .text               c_w.l(_chval.o)
    0x08000aa0   0x08000aa0   0x00000012   Code   RO         5652    .text               c_w.l(exit.o)
    0x08000ab2   0x08000ab2   0x00000002   PAD
    0x08000ab4   0x08000ab4   0x0000000c   Code   RO         5717    .text               c_w.l(sys_exit.o)
    0x08000ac0   0x08000ac0   0x00000002   Code   RO         5736    .text               c_w.l(use_no_semi.o)
    0x08000ac2   0x08000ac2   0x00000000   Code   RO         5738    .text               c_w.l(indicate_semi.o)
    0x08000ac2   0x08000ac2   0x0000000a   Code   RO          103    i.$Sub$$main        components.o
    0x08000acc   0x08000acc   0x00000034   Code   RO         4635    i.DMA_CalcBaseAndBitshift  stm32f4xx_hal_dma.o
    0x08000b00   0x08000b00   0x000000aa   Code   RO         4636    i.DMA_CheckFifoParam  stm32f4xx_hal_dma.o
    0x08000baa   0x08000baa   0x0000002c   Code   RO         4637    i.DMA_SetConfig     stm32f4xx_hal_dma.o
    0x08000bd6   0x08000bd6   0x00000012   Code   RO         1871    i.EXTI0_IRQHandler  drv_gpio.o
    0x08000be8   0x08000be8   0x0000003c   Code   RO         1872    i.EXTI15_10_IRQHandler  drv_gpio.o
    0x08000c24   0x08000c24   0x00000012   Code   RO         1873    i.EXTI1_IRQHandler  drv_gpio.o
    0x08000c36   0x08000c36   0x00000012   Code   RO         1874    i.EXTI2_IRQHandler  drv_gpio.o
    0x08000c48   0x08000c48   0x00000012   Code   RO         1875    i.EXTI3_IRQHandler  drv_gpio.o
    0x08000c5a   0x08000c5a   0x00000012   Code   RO         1876    i.EXTI4_IRQHandler  drv_gpio.o
    0x08000c6c   0x08000c6c   0x0000002e   Code   RO         1877    i.EXTI9_5_IRQHandler  drv_gpio.o
    0x08000c9a   0x08000c9a   0x00000062   Code   RO         4640    i.HAL_DMA_DeInit    stm32f4xx_hal_dma.o
    0x08000cfc   0x08000cfc   0x000000ec   Code   RO         4644    i.HAL_DMA_Init      stm32f4xx_hal_dma.o
    0x08000de8   0x08000de8   0x0000009e   Code   RO         4648    i.HAL_DMA_Start_IT  stm32f4xx_hal_dma.o
    0x08000e86   0x08000e86   0x00000002   PAD
    0x08000e88   0x08000e88   0x00000180   Code   RO         5160    i.HAL_GPIO_DeInit   stm32f4xx_hal_gpio.o
    0x08001008   0x08001008   0x0000003c   Code   RO         1878    i.HAL_GPIO_EXTI_Callback  drv_gpio.o
    0x08001044   0x08001044   0x0000001c   Code   RO         5162    i.HAL_GPIO_EXTI_IRQHandler  stm32f4xx_hal_gpio.o
    0x08001060   0x08001060   0x0000021c   Code   RO         5163    i.HAL_GPIO_Init     stm32f4xx_hal_gpio.o
    0x0800127c   0x0800127c   0x00000010   Code   RO         5165    i.HAL_GPIO_ReadPin  stm32f4xx_hal_gpio.o
    0x0800128c   0x0800128c   0x0000000c   Code   RO         5167    i.HAL_GPIO_WritePin  stm32f4xx_hal_gpio.o
    0x08001298   0x08001298   0x00000012   Code   RO         2115    i.HAL_GetTick       drv_common.o
    0x080012aa   0x080012aa   0x00000002   PAD
    0x080012ac   0x080012ac   0x00000018   Code   RO         4259    i.HAL_IncTick       stm32f4xx_hal.o
    0x080012c4   0x080012c4   0x0000003c   Code   RO         4260    i.HAL_Init          stm32f4xx_hal.o
    0x08001300   0x08001300   0x00000006   Code   RO         2116    i.HAL_InitTick      drv_common.o
    0x08001306   0x08001306   0x00000002   PAD
    0x08001308   0x08001308   0x00000048   Code   RO         1719    i.HAL_MspInit       stm32f4xx_hal_msp.o
    0x08001350   0x08001350   0x0000001c   Code   RO         4445    i.HAL_NVIC_DisableIRQ  stm32f4xx_hal_cortex.o
    0x0800136c   0x0800136c   0x0000001a   Code   RO         4446    i.HAL_NVIC_EnableIRQ  stm32f4xx_hal_cortex.o
    0x08001386   0x08001386   0x0000007c   Code   RO         4452    i.HAL_NVIC_SetPriority  stm32f4xx_hal_cortex.o
    0x08001402   0x08001402   0x00000002   PAD
    0x08001404   0x08001404   0x00000028   Code   RO         4453    i.HAL_NVIC_SetPriorityGrouping  stm32f4xx_hal_cortex.o
    0x0800142c   0x0800142c   0x0000008c   Code   RO         4908    i.HAL_PWREx_EnableOverDrive  stm32f4xx_hal_pwr_ex.o
    0x080014b8   0x080014b8   0x000002d8   Code   RO         5082    i.HAL_RCCEx_PeriphCLKConfig  stm32f4xx_hal_rcc_ex.o
    0x08001790   0x08001790   0x00000180   Code   RO         4975    i.HAL_RCC_ClockConfig  stm32f4xx_hal_rcc.o
    0x08001910   0x08001910   0x0000000c   Code   RO         4980    i.HAL_RCC_GetHCLKFreq  stm32f4xx_hal_rcc.o
    0x0800191c   0x0800191c   0x00000020   Code   RO         4982    i.HAL_RCC_GetPCLK1Freq  stm32f4xx_hal_rcc.o
    0x0800193c   0x0800193c   0x00000020   Code   RO         4983    i.HAL_RCC_GetPCLK2Freq  stm32f4xx_hal_rcc.o
    0x0800195c   0x0800195c   0x000000b0   Code   RO         4984    i.HAL_RCC_GetSysClockFreq  stm32f4xx_hal_rcc.o
    0x08001a0c   0x08001a0c   0x00000448   Code   RO         4987    i.HAL_RCC_OscConfig  stm32f4xx_hal_rcc.o
    0x08001e54   0x08001e54   0x00000028   Code   RO         4455    i.HAL_SYSTICK_CLKSourceConfig  stm32f4xx_hal_cortex.o
    0x08001e7c   0x08001e7c   0x00000034   Code   RO         4457    i.HAL_SYSTICK_Config  stm32f4xx_hal_cortex.o
    0x08001eb0   0x08001eb0   0x0000002c   Code   RO         1986    i.HAL_UART_ErrorCallback  drv_usart.o
    0x08001edc   0x08001edc   0x00000072   Code   RO         5251    i.HAL_UART_Init     stm32f4xx_hal_uart.o
    0x08001f4e   0x08001f4e   0x00000002   PAD
    0x08001f50   0x08001f50   0x00000098   Code   RO         1732    i.HAL_UART_MspInit  stm32f4xx_hal_msp.o
    0x08001fe8   0x08001fe8   0x000000c4   Code   RO         5255    i.HAL_UART_Receive_DMA  stm32f4xx_hal_uart.o
    0x080020ac   0x080020ac   0x00000060   Code   RO         1987    i.HAL_UART_RxCpltCallback  drv_usart.o
    0x0800210c   0x0800210c   0x00000002   Code   RO         5258    i.HAL_UART_RxHalfCpltCallback  stm32f4xx_hal_uart.o
    0x0800210e   0x0800210e   0x00000002   PAD
    0x08002110   0x08002110   0x00000010   Code   RO         4459    i.NVIC_GetPriorityGrouping  stm32f4xx_hal_cortex.o
    0x08002120   0x08002120   0x00000028   Code   RO         4460    i.NVIC_SetPriority  stm32f4xx_hal_cortex.o
    0x08002148   0x08002148   0x00000030   Code   RO         3618    i.OP_add_byte       finsh_ops.o
    0x08002178   0x08002178   0x00000030   Code   RO         3619    i.OP_add_dword      finsh_ops.o
    0x080021a8   0x080021a8   0x00000030   Code   RO         3620    i.OP_add_word       finsh_ops.o
    0x080021d8   0x080021d8   0x00000030   Code   RO         3621    i.OP_and_byte       finsh_ops.o
    0x08002208   0x08002208   0x00000030   Code   RO         3622    i.OP_and_dword      finsh_ops.o
    0x08002238   0x08002238   0x00000030   Code   RO         3623    i.OP_and_word       finsh_ops.o
    0x08002268   0x08002268   0x00000018   Code   RO         3624    i.OP_bw_byte        finsh_ops.o
    0x08002280   0x08002280   0x00000018   Code   RO         3625    i.OP_bw_dword       finsh_ops.o
    0x08002298   0x08002298   0x00000018   Code   RO         3626    i.OP_bw_word        finsh_ops.o
    0x080022b0   0x080022b0   0x0000038c   Code   RO         3627    i.OP_call           finsh_ops.o
    0x0800263c   0x0800263c   0x00000030   Code   RO         3628    i.OP_div_byte       finsh_ops.o
    0x0800266c   0x0800266c   0x00000030   Code   RO         3629    i.OP_div_dword      finsh_ops.o
    0x0800269c   0x0800269c   0x00000034   Code   RO         3630    i.OP_div_word       finsh_ops.o
    0x080026d0   0x080026d0   0x0000002c   Code   RO         3631    i.OP_ld_byte        finsh_ops.o
    0x080026fc   0x080026fc   0x00000048   Code   RO         3632    i.OP_ld_dword       finsh_ops.o
    0x08002744   0x08002744   0x0000004c   Code   RO         3633    i.OP_ld_value_byte  finsh_ops.o
    0x08002790   0x08002790   0x00000018   Code   RO         3634    i.OP_ld_value_byte_stack  finsh_ops.o
    0x080027a8   0x080027a8   0x0000004c   Code   RO         3635    i.OP_ld_value_dword  finsh_ops.o
    0x080027f4   0x080027f4   0x00000018   Code   RO         3636    i.OP_ld_value_dword_stack  finsh_ops.o
    0x0800280c   0x0800280c   0x0000004c   Code   RO         3637    i.OP_ld_value_word  finsh_ops.o
    0x08002858   0x08002858   0x00000018   Code   RO         3638    i.OP_ld_value_word_stack  finsh_ops.o
    0x08002870   0x08002870   0x00000038   Code   RO         3639    i.OP_ld_word        finsh_ops.o
    0x080028a8   0x080028a8   0x00000034   Code   RO         3640    i.OP_mod_byte       finsh_ops.o
    0x080028dc   0x080028dc   0x00000034   Code   RO         3641    i.OP_mod_dword      finsh_ops.o
    0x08002910   0x08002910   0x00000034   Code   RO         3642    i.OP_mod_word       finsh_ops.o
    0x08002944   0x08002944   0x00000030   Code   RO         3643    i.OP_mul_byte       finsh_ops.o
    0x08002974   0x08002974   0x00000030   Code   RO         3644    i.OP_mul_dword      finsh_ops.o
    0x080029a4   0x080029a4   0x00000034   Code   RO         3645    i.OP_mul_word       finsh_ops.o
    0x080029d8   0x080029d8   0x00000002   Code   RO         3646    i.OP_no_op          finsh_ops.o
    0x080029da   0x080029da   0x00000002   PAD
    0x080029dc   0x080029dc   0x00000030   Code   RO         3647    i.OP_or_byte        finsh_ops.o
    0x08002a0c   0x08002a0c   0x00000030   Code   RO         3648    i.OP_or_dword       finsh_ops.o
    0x08002a3c   0x08002a3c   0x00000030   Code   RO         3649    i.OP_or_word        finsh_ops.o
    0x08002a6c   0x08002a6c   0x00000010   Code   RO         3650    i.OP_pop            finsh_ops.o
    0x08002a7c   0x08002a7c   0x00000030   Code   RO         3651    i.OP_shl_byte       finsh_ops.o
    0x08002aac   0x08002aac   0x00000030   Code   RO         3652    i.OP_shl_dword      finsh_ops.o
    0x08002adc   0x08002adc   0x00000030   Code   RO         3653    i.OP_shl_word       finsh_ops.o
    0x08002b0c   0x08002b0c   0x00000030   Code   RO         3654    i.OP_shr_byte       finsh_ops.o
    0x08002b3c   0x08002b3c   0x00000030   Code   RO         3655    i.OP_shr_dword      finsh_ops.o
    0x08002b6c   0x08002b6c   0x00000030   Code   RO         3656    i.OP_shr_word       finsh_ops.o
    0x08002b9c   0x08002b9c   0x00000024   Code   RO         3657    i.OP_st_byte        finsh_ops.o
    0x08002bc0   0x08002bc0   0x00000024   Code   RO         3658    i.OP_st_dword       finsh_ops.o
    0x08002be4   0x08002be4   0x00000024   Code   RO         3659    i.OP_st_word        finsh_ops.o
    0x08002c08   0x08002c08   0x00000030   Code   RO         3660    i.OP_sub_byte       finsh_ops.o
    0x08002c38   0x08002c38   0x00000030   Code   RO         3661    i.OP_sub_dword      finsh_ops.o
    0x08002c68   0x08002c68   0x00000030   Code   RO         3662    i.OP_sub_word       finsh_ops.o
    0x08002c98   0x08002c98   0x00000030   Code   RO         3663    i.OP_xor_byte       finsh_ops.o
    0x08002cc8   0x08002cc8   0x00000030   Code   RO         3664    i.OP_xor_dword      finsh_ops.o
    0x08002cf8   0x08002cf8   0x00000030   Code   RO         3665    i.OP_xor_word       finsh_ops.o
    0x08002d28   0x08002d28   0x00000014   Code   RO         2119    i.SysTick_Handler   drv_common.o
    0x08002d3c   0x08002d3c   0x00000100   Code   RO         1689    i.SystemClock_Config  board.o
    0x08002e3c   0x08002e3c   0x00000064   Code   RO         4204    i.SystemInit        system_stm32f4xx.o
    0x08002ea0   0x08002ea0   0x00000050   Code   RO         5265    i.UART_DMAError     stm32f4xx_hal_uart.o
    0x08002ef0   0x08002ef0   0x00000046   Code   RO         5266    i.UART_DMAReceiveCplt  stm32f4xx_hal_uart.o
    0x08002f36   0x08002f36   0x0000000e   Code   RO         5268    i.UART_DMARxHalfCplt  stm32f4xx_hal_uart.o
    0x08002f44   0x08002f44   0x00000020   Code   RO         5274    i.UART_EndRxTransfer  stm32f4xx_hal_uart.o
    0x08002f64   0x08002f64   0x00000014   Code   RO         5276    i.UART_EndTxTransfer  stm32f4xx_hal_uart.o
    0x08002f78   0x08002f78   0x00000368   Code   RO         5278    i.UART_SetConfig    stm32f4xx_hal_uart.o
    0x080032e0   0x080032e0   0x00000018   Code   RO         1988    i.USART1_IRQHandler  drv_usart.o
    0x080032f8   0x080032f8   0x00000004   Code   RO         2120    i._Error_Handler    drv_common.o
    0x080032fc   0x080032fc   0x0000004c   Code   RO          636    i.__rt_ffs          kservice.o
    0x08003348   0x08003348   0x00000014   Code   RO          269    i._has_defunct_thread  idle.o
    0x0800335c   0x0800335c   0x000000dc   Code   RO         3105    i._list_device      cmd.o
    0x08003438   0x08003438   0x000000fc   Code   RO         3106    i._list_event       cmd.o
    0x08003534   0x08003534   0x00000114   Code   RO         3107    i._list_mailbox     cmd.o
    0x08003648   0x08003648   0x000000d4   Code   RO         3108    i._list_memheap     cmd.o
    0x0800371c   0x0800371c   0x00000118   Code   RO         3109    i._list_mempool     cmd.o
    0x08003834   0x08003834   0x000000fc   Code   RO         3110    i._list_msgqueue    cmd.o
    0x08003930   0x08003930   0x000000c4   Code   RO         3111    i._list_mutex       cmd.o
    0x080039f4   0x080039f4   0x000000f0   Code   RO         3112    i._list_sem         cmd.o
    0x08003ae4   0x08003ae4   0x00000174   Code   RO         3113    i._list_thread      cmd.o
    0x08003c58   0x08003c58   0x00000114   Code   RO         3114    i._list_timer       cmd.o
    0x08003d6c   0x08003d6c   0x00000098   Code   RO         3291    i._msh_exec_cmd     msh.o
    0x08003e04   0x08003e04   0x00000048   Code   RO         2296    i._pin_control      pin.o
    0x08003e4c   0x08003e4c   0x00000054   Code   RO         2297    i._pin_read         pin.o
    0x08003ea0   0x08003ea0   0x00000054   Code   RO         2298    i._pin_write        pin.o
    0x08003ef4   0x08003ef4   0x000000cc   Code   RO         1144    i._rt_scheduler_stack_check  scheduler.o
    0x08003fc0   0x08003fc0   0x000000d0   Code   RO         1238    i._rt_thread_init   thread.o
    0x08004090   0x08004090   0x00000042   Code   RO         1381    i._rt_timer_init    timer.o
    0x080040d2   0x080040d2   0x0000002e   Code   RO         1382    i._rt_timer_remove  timer.o
    0x08004100   0x08004100   0x00000194   Code   RO         2365    i._serial_dma_rx    serial.o
    0x08004294   0x08004294   0x0000005c   Code   RO         2366    i._serial_dma_tx    serial.o
    0x080042f0   0x080042f0   0x00000064   Code   RO         2367    i._serial_fifo_calc_recved_len  serial.o
    0x08004354   0x08004354   0x000000b8   Code   RO         2368    i._serial_int_rx    serial.o
    0x0800440c   0x0800440c   0x00000070   Code   RO         2369    i._serial_int_tx    serial.o
    0x0800447c   0x0800447c   0x0000005c   Code   RO         2370    i._serial_poll_rx   serial.o
    0x080044d8   0x080044d8   0x00000054   Code   RO         2371    i._serial_poll_tx   serial.o
    0x0800452c   0x0800452c   0x0000001e   Code   RO         1879    i.bit2bitno         drv_gpio.o
    0x0800454a   0x0800454a   0x00000002   PAD
    0x0800454c   0x0800454c   0x000000fc   Code   RO         2198    i.bus_fault_track   cpuport.o
    0x08004648   0x08004648   0x0000000e   Code   RO         3357    i.cmd_free          msh_cmd.o
    0x08004656   0x08004656   0x0000000e   Code   RO         3358    i.cmd_ps            msh_cmd.o
    0x08004664   0x08004664   0x00000006   Code   RO         3359    i.cmd_time          msh_cmd.o
    0x0800466a   0x0800466a   0x0000003e   Code   RO         3472    i.finsh_block_insert  finsh_heap.o
    0x080046a8   0x080046a8   0x0000007c   Code   RO         3473    i.finsh_block_merge  finsh_heap.o
    0x08004724   0x08004724   0x0000002e   Code   RO         3474    i.finsh_block_remove  finsh_heap.o
    0x08004752   0x08004752   0x00000018   Code   RO         3475    i.finsh_block_split  finsh_heap.o
    0x0800476a   0x0800476a   0x00000002   PAD
    0x0800476c   0x0800476c   0x00001654   Code   RO         3391    i.finsh_compile     finsh_compiler.o
    0x08005dc0   0x08005dc0   0x00000068   Code   RO         3392    i.finsh_compiler_run  finsh_compiler.o
    0x08005e28   0x08005e28   0x0000000c   Code   RO         3438    i.finsh_errno       finsh_error.o
    0x08005e34   0x08005e34   0x0000000c   Code   RO         3439    i.finsh_error_init  finsh_error.o
    0x08005e40   0x08005e40   0x00000010   Code   RO         3440    i.finsh_error_set   finsh_error.o
    0x08005e50   0x08005e50   0x00000010   Code   RO         3441    i.finsh_error_string  finsh_error.o
    0x08005e60   0x08005e60   0x00000016   Code   RO         3525    i.finsh_flush       finsh_init.o
    0x08005e76   0x08005e76   0x00000002   PAD
    0x08005e78   0x08005e78   0x00000074   Code   RO         2969    i.finsh_get_prompt  shell.o
    0x08005eec   0x08005eec   0x0000005c   Code   RO         2971    i.finsh_getchar     shell.o
    0x08005f48   0x08005f48   0x00000074   Code   RO         3476    i.finsh_heap_allocate  finsh_heap.o
    0x08005fbc   0x08005fbc   0x0000002c   Code   RO         3477    i.finsh_heap_free   finsh_heap.o
    0x08005fe8   0x08005fe8   0x00000058   Code   RO         3478    i.finsh_heap_gc     finsh_heap.o
    0x08006040   0x08006040   0x00000030   Code   RO         3479    i.finsh_heap_init   finsh_heap.o
    0x08006070   0x08006070   0x0000001e   Code   RO         3526    i.finsh_init        finsh_init.o
    0x0800608e   0x0800608e   0x00000002   PAD
    0x08006090   0x08006090   0x0000003c   Code   RO         3561    i.finsh_node_allocate  finsh_node.o
    0x080060cc   0x080060cc   0x00000014   Code   RO         3562    i.finsh_node_init   finsh_node.o
    0x080060e0   0x080060e0   0x0000001e   Code   RO         3563    i.finsh_node_new_char  finsh_node.o
    0x080060fe   0x080060fe   0x00000076   Code   RO         3564    i.finsh_node_new_id  finsh_node.o
    0x08006174   0x08006174   0x0000001e   Code   RO         3565    i.finsh_node_new_int  finsh_node.o
    0x08006192   0x08006192   0x0000001e   Code   RO         3566    i.finsh_node_new_long  finsh_node.o
    0x080061b0   0x080061b0   0x0000001e   Code   RO         3567    i.finsh_node_new_ptr  finsh_node.o
    0x080061ce   0x080061ce   0x0000004a   Code   RO         3568    i.finsh_node_new_string  finsh_node.o
    0x08006218   0x08006218   0x00000010   Code   RO         3918    i.finsh_parser_init  finsh_parser.o
    0x08006228   0x08006228   0x000000dc   Code   RO         3919    i.finsh_parser_run  finsh_parser.o
    0x08006304   0x08006304   0x000000d4   Code   RO         2972    i.finsh_run_line    shell.o
    0x080063d8   0x080063d8   0x00000040   Code   RO         2973    i.finsh_rx_ind      shell.o
    0x08006418   0x08006418   0x000000dc   Code   RO         2974    i.finsh_set_device  shell.o
    0x080064f4   0x080064f4   0x00000048   Code   RO         2977    i.finsh_set_prompt_mode  shell.o
    0x0800653c   0x0800653c   0x0000000c   Code   RO         3528    i.finsh_stack_bottom  finsh_init.o
    0x08006548   0x08006548   0x0000005c   Code   RO         4083    i.finsh_syscall_lookup  finsh_vm.o
    0x080065a4   0x080065a4   0x00000014   Code   RO         2978    i.finsh_system_function_init  shell.o
    0x080065b8   0x080065b8   0x000000ac   Code   RO         2979    i.finsh_system_init  shell.o
    0x08006664   0x08006664   0x00000014   Code   RO         2980    i.finsh_system_var_init  shell.o
    0x08006678   0x08006678   0x0000005c   Code   RO         4030    i.finsh_sysvar_lookup  finsh_var.o
    0x080066d4   0x080066d4   0x00000558   Code   RO         2981    i.finsh_thread_entry  shell.o
    0x08006c2c   0x08006c2c   0x00000014   Code   RO         4118    i.finsh_token_init  finsh_token.o
    0x08006c40   0x08006c40   0x00000018   Code   RO         4119    i.finsh_token_token  finsh_token.o
    0x08006c58   0x08006c58   0x0000015e   Code   RO         3393    i.finsh_type_check  finsh_compiler.o
    0x08006db6   0x08006db6   0x00000002   PAD
    0x08006db8   0x08006db8   0x00000014   Code   RO         4032    i.finsh_var_init    finsh_var.o
    0x08006dcc   0x08006dcc   0x00000078   Code   RO         4033    i.finsh_var_insert  finsh_var.o
    0x08006e44   0x08006e44   0x00000040   Code   RO         4034    i.finsh_var_lookup  finsh_var.o
    0x08006e84   0x08006e84   0x00000054   Code   RO         4084    i.finsh_vm_run      finsh_vm.o
    0x08006ed8   0x08006ed8   0x00000024   Code   RO         1880    i.get_pin           drv_gpio.o
    0x08006efc   0x08006efc   0x00000080   Code   RO         2199    i.hard_fault_track  cpuport.o
    0x08006f7c   0x08006f7c   0x00000020   Code   RO         3115    i.hello             cmd.o
    0x08006f9c   0x08006f9c   0x000000dc   Code   RO         3116    i.list              cmd.o
    0x08007078   0x08007078   0x00000012   Code   RO         3117    i.list_device       cmd.o
    0x0800708a   0x0800708a   0x00000012   Code   RO         3118    i.list_event        cmd.o
    0x0800709c   0x0800709c   0x00000012   Code   RO         3119    i.list_mailbox      cmd.o
    0x080070ae   0x080070ae   0x00000002   PAD
    0x080070b0   0x080070b0   0x00000078   Code   RO          840    i.list_mem          mem.o
    0x08007128   0x08007128   0x00000012   Code   RO         3120    i.list_memheap      cmd.o
    0x0800713a   0x0800713a   0x00000012   Code   RO         3121    i.list_mempool      cmd.o
    0x0800714c   0x0800714c   0x00000012   Code   RO         3122    i.list_msgqueue     cmd.o
    0x0800715e   0x0800715e   0x00000012   Code   RO         3123    i.list_mutex        cmd.o
    0x08007170   0x08007170   0x00000210   Code   RO         3124    i.list_prefix       cmd.o
    0x08007380   0x08007380   0x00000012   Code   RO         3125    i.list_sem          cmd.o
    0x08007392   0x08007392   0x00000012   Code   RO         3126    i.list_thread       cmd.o
    0x080073a4   0x080073a4   0x00000012   Code   RO         3127    i.list_timer        cmd.o
    0x080073b6   0x080073b6   0x00000038   Code   RO         1505    i.main              main.o
    0x080073ee   0x080073ee   0x0000000e   Code   RO          104    i.main_thread_entry  components.o
    0x080073fc   0x080073fc   0x00000028   Code   RO         3920    i.make_sys_node     finsh_parser.o
    0x08007424   0x08007424   0x000000e8   Code   RO         2200    i.mem_manage_fault_track  cpuport.o
    0x0800750c   0x0800750c   0x000000a0   Code   RO         3292    i.msh_auto_complete  msh.o
    0x080075ac   0x080075ac   0x00000010   Code   RO         3293    i.msh_enter         msh.o
    0x080075bc   0x080075bc   0x0000006c   Code   RO         3294    i.msh_exec          msh.o
    0x08007628   0x08007628   0x00000010   Code   RO         3295    i.msh_exit          msh.o
    0x08007638   0x08007638   0x0000005c   Code   RO         3296    i.msh_get_cmd       msh.o
    0x08007694   0x08007694   0x00000080   Code   RO         3297    i.msh_help          msh.o
    0x08007714   0x08007714   0x0000000c   Code   RO         3298    i.msh_is_used       msh.o
    0x08007720   0x08007720   0x000000f0   Code   RO         3299    i.msh_split         msh.o
    0x08007810   0x08007810   0x00000046   Code   RO         3128    i.object_name_maxlen  cmd.o
    0x08007856   0x08007856   0x00000002   PAD
    0x08007858   0x08007858   0x0000001c   Code   RO         3129    i.object_split      cmd.o
    0x08007874   0x08007874   0x0000010c   Code   RO          841    i.plug_holes        mem.o
    0x08007980   0x08007980   0x00000198   Code   RO          638    i.print_number      kservice.o
    0x08007b18   0x08007b18   0x00000072   Code   RO         3921    i.proc_additive_expr  finsh_parser.o
    0x08007b8a   0x08007b8a   0x0000004c   Code   RO         3922    i.proc_and_expr     finsh_parser.o
    0x08007bd6   0x08007bd6   0x00000038   Code   RO         3923    i.proc_assign_expr  finsh_parser.o
    0x08007c0e   0x08007c0e   0x0000004e   Code   RO         3924    i.proc_cast_expr    finsh_parser.o
    0x08007c5c   0x08007c5c   0x0000004c   Code   RO         3925    i.proc_exclusive_or_expr  finsh_parser.o
    0x08007ca8   0x08007ca8   0x0000000c   Code   RO         3926    i.proc_expr         finsh_parser.o
    0x08007cb4   0x08007cb4   0x00000038   Code   RO         3927    i.proc_expr_statement  finsh_parser.o
    0x08007cec   0x08007cec   0x0000002c   Code   RO         3928    i.proc_identifier   finsh_parser.o
    0x08007d18   0x08007d18   0x0000004c   Code   RO         3929    i.proc_inclusive_or_expr  finsh_parser.o
    0x08007d64   0x08007d64   0x0000008a   Code   RO         3930    i.proc_multiplicative_expr  finsh_parser.o
    0x08007dee   0x08007dee   0x0000004c   Code   RO         3931    i.proc_param_list   finsh_parser.o
    0x08007e3a   0x08007e3a   0x000000a2   Code   RO         3932    i.proc_postfix_expr  finsh_parser.o
    0x08007edc   0x08007edc   0x0000009e   Code   RO         3933    i.proc_primary_expr  finsh_parser.o
    0x08007f7a   0x08007f7a   0x00000074   Code   RO         3934    i.proc_shift_expr   finsh_parser.o
    0x08007fee   0x08007fee   0x000000fa   Code   RO         3935    i.proc_type         finsh_parser.o
    0x080080e8   0x080080e8   0x000000be   Code   RO         3936    i.proc_unary_expr   finsh_parser.o
    0x080081a6   0x080081a6   0x000001da   Code   RO         3937    i.proc_variable_decl  finsh_parser.o
    0x08008380   0x08008380   0x0000000c   Code   RO         2121    i.reboot            drv_common.o
    0x0800838c   0x0800838c   0x00000050   Code   RO          105    i.rt_application_init  components.o
    0x080083dc   0x080083dc   0x00000074   Code   RO          639    i.rt_assert_handler  kservice.o
    0x08008450   0x08008450   0x00000022   Code   RO          842    i.rt_calloc         mem.o
    0x08008472   0x08008472   0x00000002   PAD
    0x08008474   0x08008474   0x00000068   Code   RO         2464    i.rt_completion_done  completion.o
    0x080084dc   0x080084dc   0x00000048   Code   RO         2465    i.rt_completion_init  completion.o
    0x08008524   0x08008524   0x00000140   Code   RO         2466    i.rt_completion_wait  completion.o
    0x08008664   0x08008664   0x0000001c   Code   RO          106    i.rt_components_board_init  components.o
    0x08008680   0x08008680   0x0000001c   Code   RO          107    i.rt_components_init  components.o
    0x0800869c   0x0800869c   0x0000000c   Code   RO          641    i.rt_console_get_device  kservice.o
    0x080086a8   0x080086a8   0x00000034   Code   RO          642    i.rt_console_set_device  kservice.o
    0x080086dc   0x080086dc   0x00000064   Code   RO         2497    i.rt_data_queue_init  dataqueue.o
    0x08008740   0x08008740   0x00000080   Code   RO         2498    i.rt_data_queue_peak  dataqueue.o
    0x080087c0   0x080087c0   0x000001c0   Code   RO         2499    i.rt_data_queue_pop  dataqueue.o
    0x08008980   0x08008980   0x00000160   Code   RO         2500    i.rt_data_queue_push  dataqueue.o
    0x08008ae0   0x08008ae0   0x000000ac   Code   RO          178    i.rt_device_close   device.o
    0x08008b8c   0x08008b8c   0x0000007c   Code   RO          182    i.rt_device_find    device.o
    0x08008c08   0x08008c08   0x00000148   Code   RO          185    i.rt_device_open    device.o
    0x08008d50   0x08008d50   0x00000048   Code   RO         2299    i.rt_device_pin_register  pin.o
    0x08008d98   0x08008d98   0x000000b4   Code   RO          186    i.rt_device_read    device.o
    0x08008e4c   0x08008e4c   0x00000034   Code   RO          187    i.rt_device_register  device.o
    0x08008e80   0x08008e80   0x00000080   Code   RO          188    i.rt_device_set_rx_indicate  device.o
    0x08008f00   0x08008f00   0x000000b4   Code   RO          191    i.rt_device_write   device.o
    0x08008fb4   0x08008fb4   0x0000000c   Code   RO         2372    i.rt_dma_calc_recved_len  serial.o
    0x08008fc0   0x08008fc0   0x0000009c   Code   RO         2373    i.rt_dma_recv_update_get_index  serial.o
    0x0800905c   0x0800905c   0x000000b4   Code   RO         2374    i.rt_dma_recv_update_put_index  serial.o
    0x08009110   0x08009110   0x00000020   Code   RO         1146    i.rt_enter_critical  scheduler.o
    0x08009130   0x08009130   0x00000044   Code   RO         1147    i.rt_exit_critical  scheduler.o
    0x08009174   0x08009174   0x0000020c   Code   RO          843    i.rt_free           mem.o
    0x08009380   0x08009380   0x0000003c   Code   RO         2122    i.rt_hw_board_init  drv_common.o
    0x080093bc   0x080093bc   0x00000002   Code   RO          645    i.rt_hw_console_output  kservice.o
    0x080093be   0x080093be   0x00000002   PAD
    0x080093c0   0x080093c0   0x00000010   Code   RO         2201    i.rt_hw_cpu_reset   cpuport.o
    0x080093d0   0x080093d0   0x0000022c   Code   RO         2204    i.rt_hw_hard_fault_exception  cpuport.o
    0x080095fc   0x080095fc   0x00000168   Code   RO         1881    i.rt_hw_pin_init    drv_gpio.o
    0x08009764   0x08009764   0x000001dc   Code   RO         2375    i.rt_hw_serial_isr  serial.o
    0x08009940   0x08009940   0x00000080   Code   RO         2376    i.rt_hw_serial_register  serial.o
    0x080099c0   0x080099c0   0x00000050   Code   RO         2205    i.rt_hw_stack_init  cpuport.o
    0x08009a10   0x08009a10   0x00000026   Code   RO         2123    i.rt_hw_systick_init  drv_common.o
    0x08009a36   0x08009a36   0x00000002   PAD
    0x08009a38   0x08009a38   0x000000d4   Code   RO         1989    i.rt_hw_usart_init  drv_usart.o
    0x08009b0c   0x08009b0c   0x00000038   Code   RO          597    i.rt_interrupt_enter  irq.o
    0x08009b44   0x08009b44   0x0000000c   Code   RO          599    i.rt_interrupt_get_nest  irq.o
    0x08009b50   0x08009b50   0x00000038   Code   RO          600    i.rt_interrupt_leave  irq.o
    0x08009b88   0x08009b88   0x00000018   Code   RO          329    i.rt_ipc_list_resume  ipc.o
    0x08009ba0   0x08009ba0   0x0000006c   Code   RO          331    i.rt_ipc_list_suspend  ipc.o
    0x08009c0c   0x08009c0c   0x00000010   Code   RO          332    i.rt_ipc_object_init  ipc.o
    0x08009c1c   0x08009c1c   0x00000068   Code   RO          646    i.rt_kprintf        kservice.o
    0x08009c84   0x08009c84   0x00000006   Code   RO          333    i.rt_list_init      ipc.o
    0x08009c8a   0x08009c8a   0x00000006   Code   RO         1148    i.rt_list_init      scheduler.o
    0x08009c90   0x08009c90   0x00000006   Code   RO         1383    i.rt_list_init      timer.o
    0x08009c96   0x08009c96   0x00000006   Code   RO         2502    i.rt_list_init      dataqueue.o
    0x08009c9c   0x08009c9c   0x0000000e   Code   RO         1037    i.rt_list_insert_after  object.o
    0x08009caa   0x08009caa   0x0000000e   Code   RO         1239    i.rt_list_insert_after  thread.o
    0x08009cb8   0x08009cb8   0x0000000e   Code   RO         1384    i.rt_list_insert_after  timer.o
    0x08009cc6   0x08009cc6   0x0000000e   Code   RO          334    i.rt_list_insert_before  ipc.o
    0x08009cd4   0x08009cd4   0x0000000e   Code   RO         2503    i.rt_list_insert_before  dataqueue.o
    0x08009ce2   0x08009ce2   0x00000010   Code   RO          335    i.rt_list_isempty   ipc.o
    0x08009cf2   0x08009cf2   0x00000010   Code   RO         1385    i.rt_list_isempty   timer.o
    0x08009d02   0x08009d02   0x00000010   Code   RO         2467    i.rt_list_isempty   completion.o
    0x08009d12   0x08009d12   0x00000010   Code   RO         2504    i.rt_list_isempty   dataqueue.o
    0x08009d22   0x08009d22   0x00000010   Code   RO         3130    i.rt_list_isempty   cmd.o
    0x08009d32   0x08009d32   0x00000014   Code   RO         3131    i.rt_list_len       cmd.o
    0x08009d46   0x08009d46   0x00000012   Code   RO         1038    i.rt_list_remove    object.o
    0x08009d58   0x08009d58   0x00000012   Code   RO         1240    i.rt_list_remove    thread.o
    0x08009d6a   0x08009d6a   0x00000002   PAD
    0x08009d6c   0x08009d6c   0x000002bc   Code   RO          845    i.rt_malloc         mem.o
    0x0800a028   0x0800a028   0x0000007c   Code   RO          650    i.rt_memcpy         kservice.o
    0x0800a0a4   0x0800a0a4   0x00000042   Code   RO          651    i.rt_memmove        kservice.o
    0x0800a0e6   0x0800a0e6   0x00000048   Code   RO          652    i.rt_memset         kservice.o
    0x0800a12e   0x0800a12e   0x00000002   PAD
    0x0800a130   0x0800a130   0x000000ec   Code   RO         1039    i.rt_object_allocate  object.o
    0x0800a21c   0x0800a21c   0x000000a0   Code   RO         1041    i.rt_object_delete  object.o
    0x0800a2bc   0x0800a2bc   0x0000005c   Code   RO         1042    i.rt_object_detach  object.o
    0x0800a318   0x0800a318   0x00000028   Code   RO         1045    i.rt_object_get_information  object.o
    0x0800a340   0x0800a340   0x00000034   Code   RO         1046    i.rt_object_get_type  object.o
    0x0800a374   0x0800a374   0x000000b4   Code   RO         1047    i.rt_object_init    object.o
    0x0800a428   0x0800a428   0x0000003c   Code   RO         1048    i.rt_object_is_systemobject  object.o
    0x0800a464   0x0800a464   0x00000048   Code   RO         2303    i.rt_pin_mode       pin.o
    0x0800a4ac   0x0800a4ac   0x00000044   Code   RO         2304    i.rt_pin_read       pin.o
    0x0800a4f0   0x0800a4f0   0x00000048   Code   RO         2305    i.rt_pin_write      pin.o
    0x0800a538   0x0800a538   0x000000ac   Code   RO         1149    i.rt_schedule       scheduler.o
    0x0800a5e4   0x0800a5e4   0x0000007c   Code   RO         1150    i.rt_schedule_insert_thread  scheduler.o
    0x0800a660   0x0800a660   0x00000080   Code   RO         1151    i.rt_schedule_remove_thread  scheduler.o
    0x0800a6e0   0x0800a6e0   0x0000006c   Code   RO          363    i.rt_sem_init       ipc.o
    0x0800a74c   0x0800a74c   0x00000090   Code   RO          364    i.rt_sem_release    ipc.o
    0x0800a7dc   0x0800a7dc   0x000001a4   Code   RO          365    i.rt_sem_take       ipc.o
    0x0800a980   0x0800a980   0x00000184   Code   RO         2377    i.rt_serial_close   serial.o
    0x0800ab04   0x0800ab04   0x000000a4   Code   RO         2378    i.rt_serial_control  serial.o
    0x0800aba8   0x0800aba8   0x00000048   Code   RO         2379    i.rt_serial_init    serial.o
    0x0800abf0   0x0800abf0   0x000002ac   Code   RO         2380    i.rt_serial_open    serial.o
    0x0800ae9c   0x0800ae9c   0x0000006c   Code   RO         2381    i.rt_serial_read    serial.o
    0x0800af08   0x0800af08   0x0000006c   Code   RO         2382    i.rt_serial_write   serial.o
    0x0800af74   0x0800af74   0x00000028   Code   RO          653    i.rt_set_errno      kservice.o
    0x0800af9c   0x0800af9c   0x000000b0   Code   RO          654    i.rt_show_version   kservice.o
    0x0800b04c   0x0800b04c   0x00000012   Code   RO          660    i.rt_strlen         kservice.o
    0x0800b05e   0x0800b05e   0x00000028   Code   RO          661    i.rt_strncmp        kservice.o
    0x0800b086   0x0800b086   0x00000034   Code   RO          662    i.rt_strncpy        kservice.o
    0x0800b0ba   0x0800b0ba   0x00000002   PAD
    0x0800b0bc   0x0800b0bc   0x00000154   Code   RO          849    i.rt_system_heap_init  mem.o
    0x0800b210   0x0800b210   0x00000050   Code   RO         1153    i.rt_system_scheduler_init  scheduler.o
    0x0800b260   0x0800b260   0x00000030   Code   RO         1154    i.rt_system_scheduler_start  scheduler.o
    0x0800b290   0x0800b290   0x0000001c   Code   RO         1386    i.rt_system_timer_init  timer.o
    0x0800b2ac   0x0800b2ac   0x00000002   Code   RO         1387    i.rt_system_timer_thread_init  timer.o
    0x0800b2ae   0x0800b2ae   0x00000050   Code   RO         1242    i.rt_thread_create  thread.o
    0x0800b2fe   0x0800b2fe   0x00000002   PAD
    0x0800b300   0x0800b300   0x00000054   Code   RO         1246    i.rt_thread_exit    thread.o
    0x0800b354   0x0800b354   0x00000028   Code   RO          271    i.rt_thread_idle_entry  idle.o
    0x0800b37c   0x0800b37c   0x000000e4   Code   RO          272    i.rt_thread_idle_excute  idle.o
    0x0800b460   0x0800b460   0x0000003c   Code   RO          274    i.rt_thread_idle_init  idle.o
    0x0800b49c   0x0800b49c   0x0000007c   Code   RO         1248    i.rt_thread_init    thread.o
    0x0800b518   0x0800b518   0x00000014   Code   RO         1250    i.rt_thread_mdelay  thread.o
    0x0800b52c   0x0800b52c   0x0000009c   Code   RO         1251    i.rt_thread_resume  thread.o
    0x0800b5c8   0x0800b5c8   0x0000000c   Code   RO         1253    i.rt_thread_self    thread.o
    0x0800b5d4   0x0800b5d4   0x00000084   Code   RO         1254    i.rt_thread_sleep   thread.o
    0x0800b658   0x0800b658   0x000000c4   Code   RO         1255    i.rt_thread_startup  thread.o
    0x0800b71c   0x0800b71c   0x000000a4   Code   RO         1256    i.rt_thread_suspend  thread.o
    0x0800b7c0   0x0800b7c0   0x000000b4   Code   RO         1258    i.rt_thread_timeout  thread.o
    0x0800b874   0x0800b874   0x00000064   Code   RO         1259    i.rt_thread_yield   thread.o
    0x0800b8d8   0x0800b8d8   0x00000038   Code   RO            2    i.rt_tick_from_millisecond  clock.o
    0x0800b910   0x0800b910   0x0000000c   Code   RO            3    i.rt_tick_get       clock.o
    0x0800b91c   0x0800b91c   0x00000030   Code   RO            4    i.rt_tick_increase  clock.o
    0x0800b94c   0x0800b94c   0x000000b4   Code   RO         1388    i.rt_timer_check    timer.o
    0x0800ba00   0x0800ba00   0x000000b8   Code   RO         1389    i.rt_timer_control  timer.o
    0x0800bab8   0x0800bab8   0x000000d4   Code   RO         1392    i.rt_timer_detach   timer.o
    0x0800bb8c   0x0800bb8c   0x00000054   Code   RO         1395    i.rt_timer_init     timer.o
    0x0800bbe0   0x0800bbe0   0x000001c0   Code   RO         1398    i.rt_timer_start    timer.o
    0x0800bda0   0x0800bda0   0x000000c0   Code   RO         1399    i.rt_timer_stop     timer.o
    0x0800be60   0x0800be60   0x00000330   Code   RO          665    i.rt_vsnprintf      kservice.o
    0x0800c190   0x0800c190   0x00000004   Code   RO          108    i.rti_board_end     components.o
    0x0800c194   0x0800c194   0x00000004   Code   RO          109    i.rti_board_start   components.o
    0x0800c198   0x0800c198   0x00000004   Code   RO          110    i.rti_end           components.o
    0x0800c19c   0x0800c19c   0x00000004   Code   RO          111    i.rti_start         components.o
    0x0800c1a0   0x0800c1a0   0x0000002a   Code   RO          112    i.rtthread_startup  components.o
    0x0800c1ca   0x0800c1ca   0x00000002   PAD
    0x0800c1cc   0x0800c1cc   0x00000040   Code   RO         2982    i.shell_auto_complete  shell.o
    0x0800c20c   0x0800c20c   0x00000030   Code   RO         2983    i.shell_handle_history  shell.o
    0x0800c23c   0x0800c23c   0x000000d8   Code   RO         2984    i.shell_push_history  shell.o
    0x0800c314   0x0800c314   0x00000030   Code   RO         3132    i.show_wait_queue   cmd.o
    0x0800c344   0x0800c344   0x00000026   Code   RO          667    i.skip_atoi         kservice.o
    0x0800c36a   0x0800c36a   0x00000002   PAD
    0x0800c36c   0x0800c36c   0x00000108   Code   RO         1990    i.stm32_configure   drv_usart.o
    0x0800c474   0x0800c474   0x000000c4   Code   RO         1991    i.stm32_control     drv_usart.o
    0x0800c538   0x0800c538   0x0000013c   Code   RO         1992    i.stm32_dma_config  drv_usart.o
    0x0800c674   0x0800c674   0x00000060   Code   RO         1993    i.stm32_getc        drv_usart.o
    0x0800c6d4   0x0800c6d4   0x000000dc   Code   RO         1882    i.stm32_pin_attach_irq  drv_gpio.o
    0x0800c7b0   0x0800c7b0   0x0000008c   Code   RO         1883    i.stm32_pin_dettach_irq  drv_gpio.o
    0x0800c83c   0x0800c83c   0x00000190   Code   RO         1884    i.stm32_pin_irq_enable  drv_gpio.o
    0x0800c9cc   0x0800c9cc   0x00000074   Code   RO         1885    i.stm32_pin_mode    drv_gpio.o
    0x0800ca40   0x0800ca40   0x0000002a   Code   RO         1886    i.stm32_pin_read    drv_gpio.o
    0x0800ca6a   0x0800ca6a   0x00000028   Code   RO         1887    i.stm32_pin_write   drv_gpio.o
    0x0800ca92   0x0800ca92   0x00000002   PAD
    0x0800ca94   0x0800ca94   0x0000004c   Code   RO         1994    i.stm32_putc        drv_usart.o
    0x0800cae0   0x0800cae0   0x00000002   Code   RO         1995    i.stm32_uart_get_dma_config  drv_usart.o
    0x0800cae2   0x0800cae2   0x00000020   Code   RO         3133    i.str_common        cmd.o
    0x0800cb02   0x0800cb02   0x00000020   Code   RO         3300    i.str_common        msh.o
    0x0800cb22   0x0800cb22   0x00000022   Code   RO         3134    i.str_is_prefix     cmd.o
    0x0800cb44   0x0800cb44   0x00000078   Code   RO         4120    i.token_get_string  finsh_token.o
    0x0800cbbc   0x0800cbbc   0x00000034   Code   RO         4121    i.token_match_name  finsh_token.o
    0x0800cbf0   0x0800cbf0   0x0000003e   Code   RO         4122    i.token_next_char   finsh_token.o
    0x0800cc2e   0x0800cc2e   0x00000016   Code   RO         4123    i.token_prev_char   finsh_token.o
    0x0800cc44   0x0800cc44   0x000000a2   Code   RO         4124    i.token_proc_char   finsh_token.o
    0x0800cce6   0x0800cce6   0x000000d6   Code   RO         4125    i.token_proc_escape  finsh_token.o
    0x0800cdbc   0x0800cdbc   0x00000120   Code   RO         4126    i.token_proc_number  finsh_token.o
    0x0800cedc   0x0800cedc   0x00000050   Code   RO         4127    i.token_proc_string  finsh_token.o
    0x0800cf2c   0x0800cf2c   0x0000019e   Code   RO         4128    i.token_run         finsh_token.o
    0x0800d0ca   0x0800d0ca   0x00000098   Code   RO         4129    i.token_spec_number  finsh_token.o
    0x0800d162   0x0800d162   0x00000022   Code   RO         4130    i.token_trim_space  finsh_token.o
    0x0800d184   0x0800d184   0x000001a4   Code   RO         1996    i.uart_isr          drv_usart.o
    0x0800d328   0x0800d328   0x000000e8   Code   RO         2206    i.usage_fault_track  cpuport.o
    0x0800d410   0x0800d410   0x0000000a   Code   RO         3135    i.version           cmd.o
    0x0800d41a   0x0800d41a   0x00000002   PAD
    0x0800d41c   0x0800d41c   0x0000002c   Code   RO         5650    locale$$code        c_w.l(lc_ctype_c.o)
    0x0800d448   0x0800d448   0x0000000a   Code   RO         5732    x$fpl$fpinit        fz_wm.l(fpinit.o)
    0x0800d452   0x0800d452   0x00000014   Data   RO          113    .constdata          components.o
    0x0800d466   0x0800d466   0x000000c9   Data   RO          192    .constdata          device.o
    0x0800d52f   0x0800d52f   0x00000016   Data   RO          277    .constdata          idle.o
    0x0800d545   0x0800d545   0x000001f7   Data   RO          367    .constdata          ipc.o
    0x0800d73c   0x0800d73c   0x00000122   Data   RO          669    .constdata          kservice.o
    0x0800d85e   0x0800d85e   0x0000003c   Data   RO          851    .constdata          mem.o
    0x0800d89a   0x0800d89a   0x00000080   Data   RO         1053    .constdata          object.o
    0x0800d91a   0x0800d91a   0x0000004e   Data   RO         1156    .constdata          scheduler.o
    0x0800d968   0x0800d968   0x000000b9   Data   RO         1260    .constdata          thread.o
    0x0800da21   0x0800da21   0x0000005c   Data   RO         1400    .constdata          timer.o
    0x0800da7d   0x0800da7d   0x00000003   PAD
    0x0800da80   0x0800da80   0x00000898   Data   RO         1888    .constdata          drv_gpio.o
    0x0800e318   0x0800e318   0x000000ac   Data   RO         1998    .constdata          drv_usart.o
    0x0800e3c4   0x0800e3c4   0x0000007d   Data   RO         2307    .constdata          pin.o
    0x0800e441   0x0800e441   0x0000012a   Data   RO         2383    .constdata          serial.o
    0x0800e56b   0x0800e56b   0x00000039   Data   RO         2468    .constdata          completion.o
    0x0800e5a4   0x0800e5a4   0x0000004b   Data   RO         2505    .constdata          dataqueue.o
    0x0800e5ef   0x0800e5ef   0x00000087   Data   RO         2986    .constdata          shell.o
    0x0800e676   0x0800e676   0x00000002   PAD
    0x0800e678   0x0800e678   0x00000054   Data   RO         3136    .constdata          cmd.o
    0x0800e6cc   0x0800e6cc   0x0000000e   Data   RO         3301    .constdata          msh.o
    0x0800e6da   0x0800e6da   0x00000002   PAD
    0x0800e6dc   0x0800e6dc   0x000000c4   Data   RO         3666    .constdata          finsh_ops.o
    0x0800e7a0   0x0800e7a0   0x00000040   Data   RO         4131    .constdata          finsh_token.o
    0x0800e7e0   0x0800e7e0   0x00000018   Data   RO         4205    .constdata          system_stm32f4xx.o
    0x0800e7f8   0x0800e7f8   0x00000008   Data   RO         4650    .constdata          stm32f4xx_hal_dma.o
    0x0800e800   0x0800e800   0x00000045   Data   RO          368    .conststring        ipc.o
    0x0800e845   0x0800e845   0x00000003   PAD
    0x0800e848   0x0800e848   0x000000ed   Data   RO          852    .conststring        mem.o
    0x0800e935   0x0800e935   0x00000003   PAD
    0x0800e938   0x0800e938   0x00000042   Data   RO         1261    .conststring        thread.o
    0x0800e97a   0x0800e97a   0x00000002   PAD
    0x0800e97c   0x0800e97c   0x00000006   Data   RO         1999    .conststring        drv_usart.o
    0x0800e982   0x0800e982   0x00000002   PAD
    0x0800e984   0x0800e984   0x0000016d   Data   RO         3137    .conststring        cmd.o
    0x0800eaf1   0x0800eaf1   0x00000003   PAD
    0x0800eaf4   0x0800eaf4   0x000000f3   Data   RO         3442    .conststring        finsh_error.o
    0x0800ebe7   0x0800ebe7   0x00000001   PAD
    0x0800ebe8   0x0800ebe8   0x0000003e   Data   RO         4132    .conststring        finsh_token.o
    0x0800ec26   0x0800ec26   0x00000027   Data   RO          854    .rodata.name        mem.o
    0x0800ec4d   0x0800ec4d   0x0000001b   Data   RO         2125    .rodata.name        drv_common.o
    0x0800ec68   0x0800ec68   0x00000069   Data   RO         2308    .rodata.name        pin.o
    0x0800ecd1   0x0800ecd1   0x000003a4   Data   RO         3139    .rodata.name        cmd.o
    0x0800f075   0x0800f075   0x00000061   Data   RO         3303    .rodata.name        msh.o
    0x0800f0d6   0x0800f0d6   0x0000007b   Data   RO         3360    .rodata.name        msh_cmd.o
    0x0800f151   0x0800f151   0x00000003   PAD
    0x0800f154   0x0800f154   0x00000004   Data   RO          114    .rti_fn.0           components.o
    0x0800f158   0x0800f158   0x00000004   Data   RO          115    .rti_fn.0.end       components.o
    0x0800f15c   0x0800f15c   0x00000004   Data   RO          116    .rti_fn.1.end       components.o
    0x0800f160   0x0800f160   0x00000004   Data   RO         2988    .rti_fn.6           shell.o
    0x0800f164   0x0800f164   0x00000004   Data   RO          117    .rti_fn.6.end       components.o
    0x0800f168   0x0800f168   0x0000000c   Data   RO          855    FSymTab             mem.o
    0x0800f174   0x0800f174   0x0000000c   Data   RO         2126    FSymTab             drv_common.o
    0x0800f180   0x0800f180   0x00000024   Data   RO         2309    FSymTab             pin.o
    0x0800f1a4   0x0800f1a4   0x00000120   Data   RO         3140    FSymTab             cmd.o
    0x0800f2c4   0x0800f2c4   0x00000024   Data   RO         3304    FSymTab             msh.o
    0x0800f2e8   0x0800f2e8   0x00000024   Data   RO         3361    FSymTab             msh_cmd.o
    0x0800f30c   0x0800f30c   0x00000020   Data   RO         5788    Region$$Table       anon$$obj.o
    0x0800f32c   0x0800f32c   0x00000010   Data   RO         3141    VSymTab             cmd.o
    0x0800f33c   0x0800f33c   0x00000110   Data   RO         5649    locale$$data        c_w.l(lc_ctype_c.o)


    Execution Region RW_IRAM1 (Exec base: 0x20000000, Load base: 0x0800f44c, Size: 0x000014f8, Max: 0x00030000, ABSOLUTE, COMPRESSED[0x000000a8])

    Exec Addr    Load Addr    Size         Type   Attr      Idx    E Section Name        Object

    0x20000000   COMPRESSED   0x00000004   Data   RW            6    .data               clock.o
    0x20000004   COMPRESSED   0x00000009   Data   RW          602    .data               irq.o
    0x2000000d   COMPRESSED   0x00000003   PAD
    0x20000010   COMPRESSED   0x0000000c   Data   RW          670    .data               kservice.o
    0x2000001c   COMPRESSED   0x00000020   Data   RW          853    .data               mem.o
    0x2000003c   COMPRESSED   0x000000b4   Data   RW         1054    .data               object.o
    0x200000f0   COMPRESSED   0x0000001c   Data   RW         1157    .data               scheduler.o
    0x2000010c   COMPRESSED   0x0000000c   Data   RW         1262    .data               thread.o
    0x20000118   COMPRESSED   0x00000014   Data   RW         1401    .data               timer.o
    0x2000012c   COMPRESSED   0x000000c4   Data   RW         1889    .data               drv_gpio.o
    0x200001f0   COMPRESSED   0x00000010   Data   RW         2000    .data               drv_usart.o
    0x20000200   COMPRESSED   0x00000010   Data   RW         2208    .data               cpuport.o
    0x20000210   COMPRESSED   0x00000008   Data   RW         2987    .data               shell.o
    0x20000218   COMPRESSED   0x00000010   Data   RW         3089    .data               symbol.o
    0x20000228   COMPRESSED   0x00000004   Data   RW         3138    .data               cmd.o
    0x2000022c   COMPRESSED   0x00000004   Data   RW         3302    .data               msh.o
    0x20000230   COMPRESSED   0x00000008   Data   RW         3394    .data               finsh_compiler.o
    0x20000238   COMPRESSED   0x00000040   Data   RW         3443    .data               finsh_error.o
    0x20000278   COMPRESSED   0x00000008   Data   RW         3481    .data               finsh_heap.o
    0x20000280   COMPRESSED   0x00000004   Data   RW         4036    .data               finsh_var.o
    0x20000284   COMPRESSED   0x0000000c   Data   RW         4086    .data               finsh_vm.o
    0x20000290   COMPRESSED   0x00000004   Data   RW         4206    .data               system_stm32f4xx.o
    0x20000294   COMPRESSED   0x00000009   Data   RW         4267    .data               stm32f4xx_hal.o
    0x2000029d   COMPRESSED   0x00000003   PAD
    0x200002a0        -       0x00000490   Zero   RW          276    .bss                idle.o
    0x20000730        -       0x00000080   Zero   RW          668    .bss                kservice.o
    0x200007b0        -       0x00000020   Zero   RW          850    .bss                mem.o
    0x200007d0        -       0x00000100   Zero   RW         1155    .bss                scheduler.o
    0x200008d0        -       0x00000100   Zero   RW         1997    .bss                drv_usart.o
    0x200009d0        -       0x00000044   Zero   RW         2306    .bss                pin.o
    0x20000a14        -       0x00000081   Zero   RW         2985    .bss                shell.o
    0x20000a95   COMPRESSED   0x00000003   PAD
    0x20000a98        -       0x00000080   Zero   RW         3480    .bss                finsh_heap.o
    0x20000b18        -       0x00000140   Zero   RW         3569    .bss                finsh_node.o
    0x20000c58        -       0x000000c0   Zero   RW         4035    .bss                finsh_var.o
    0x20000d18        -       0x00000180   Zero   RW         4085    .bss                finsh_vm.o
    0x20000e98        -       0x00000060   Zero   RW         5617    .bss                c_w.l(libspace.o)
    0x20000ef8        -       0x00000200   Zero   RW         1862    HEAP                startup_stm32f429xx.o
    0x200010f8        -       0x00000400   Zero   RW         1861    STACK               startup_stm32f429xx.o


==============================================================================

Image component sizes


      Code (inc. data)   RO Data    RW Data    ZI Data      Debug   Object Name

       256         24          0          0          0       1097   board.o
       116         12          0          4          0      19266   clock.o
      3794       1496       1685          4          0      29246   cmd.o
       512        180         57          0          0       6203   completion.o
       218         50         36          0          0       6116   components.o
       308         26          0          0          0        848   context_rvds.o
      1496        746          0         16          0       7044   cpuport.o
      1064        226         75          0          0       7119   dataqueue.o
      1164        512        201          0          0       8960   device.o
       158         18         39          0          0       4836   drv_common.o
      1640         62       2200        196          0      13205   drv_gpio.o
      1746        350        178         16        256      37181   drv_usart.o
      6170        156          0          8          0      10842   finsh_compiler.o
        56         22        243         64          0       2975   finsh_error.o
       552         42          0          8        128       6363   finsh_heap.o
        64          6          0          0          0       2276   finsh_init.o
       392          8          0          0        320       6406   finsh_node.o
      3038        294        196          0          0      28302   finsh_ops.o
      2428         32          0          0          0      17587   finsh_parser.o
      1644         16        126          0          0      11102   finsh_token.o
       296         32          0          4        192       7126   finsh_var.o
       176         36          0         12        384       5677   finsh_vm.o
       348         84         22          0       1168       5842   idle.o
       856        202        572          0          0      33315   ipc.o
       124         26          0          9          0       2234   irq.o
      2212        242        290         12        128      14647   kservice.o
        56          0          0          0          0     846347   main.o
      1986        754        348         32         32      10027   mem.o
       956        198        147          4          0       8673   msh.o
        34          0        159          0          0       3151   msh_cmd.o
       852        284        128        180          0      10798   object.o
       524        182        266          0         68       8618   pin.o
       862        260         78         28        256       9506   scheduler.o
      3544        760        298          0          0      16971   serial.o
      2684        382        139          8        129      13066   shell.o
        64         26        428          0       1536        988   startup_stm32f429xx.o
        84         14          0          9          0       2944   stm32f4xx_hal.o
       366         28          0          0          0      32791   stm32f4xx_hal_cortex.o
       758         10          8          0          0       5603   stm32f4xx_hal_dma.o
       980        106          0          0          0       4908   stm32f4xx_hal_gpio.o
       224         16          0          0          0       1809   stm32f4xx_hal_msp.o
       140         12          0          0          0       1412   stm32f4xx_hal_pwr_ex.o
      1732         84          0          0          0       5956   stm32f4xx_hal_rcc.o
       728         24          0          0          0       1712   stm32f4xx_hal_rcc_ex.o
      1400         22          0          0          0       6885   stm32f4xx_hal_uart.o
         0          0          0         16          0       5169   symbol.o
       100         18         24          4          0       1563   system_stm32f4xx.o
      1488        400        251         12          0      16098   thread.o
      1478        484         92         20          0      12631   timer.o

    ----------------------------------------------------------------------
     51918       8964       8342        672       4600    1323441   Object Totals
         0          0         32          0          0          0   (incl. Generated)
        50          0         24          6          3          0   (incl. Padding)

    ----------------------------------------------------------------------

      Code (inc. data)   RO Data    RW Data    ZI Data      Debug   Library Member Name

        90          0          0          0          0          0   __dczerorl2.o
         8          0          0          0          0         68   __main.o
         0          0          0          0          0          0   __rtentry.o
        12          0          0          0          0          0   __rtentry2.o
         6          0          0          0          0          0   __rtentry4.o
        52          8          0          0          0          0   __scatter.o
        28          0          0          0          0          0   __scatter_zi.o
        28          0          0          0          0         68   _chval.o
       158          0          0          0          0         92   _strtoul.o
        26          0          0          0          0         80   atoi.o
        18          0          0          0          0         80   exit.o
         6          0          0          0          0        152   heapauxi.o
         0          0          0          0          0          0   indicate_semi.o
        44         10        272          0          0         76   lc_ctype_c.o
         2          0          0          0          0          0   libinit.o
        24          0          0          0          0          0   libinit2.o
         2          0          0          0          0          0   libshutdown.o
         2          0          0          0          0          0   libshutdown2.o
         8          4          0          0         96         68   libspace.o
       238          0          0          0          0        100   lludivv7m.o
        88          0          0          0          0         76   memcmp.o
        16          4          0          0          0         76   rt_ctype_table.o
         8          4          0          0          0         68   rt_errno_addr_intlibspace.o
         8          4          0          0          0         68   rt_locale_intlibspace.o
        68          0          0          0          0         68   rt_memclr.o
        78          0          0          0          0         80   rt_memclr_w.o
       138          0          0          0          0         68   rt_memcpy_v6.o
       100          0          0          0          0         80   rt_memcpy_w.o
         2          0          0          0          0          0   rtexit.o
        10          0          0          0          0          0   rtexit2.o
        24          0          0          0          0         68   strcat.o
       128          0          0          0          0         68   strcmpv7m.o
        72          0          0          0          0         80   strcpy.o
        62          0          0          0          0         76   strlen.o
       150          0          0          0          0         80   strncmp.o
        86          0          0          0          0         76   strncpy.o
       112          0          0          0          0         88   strtol.o
        12          4          0          0          0         68   sys_exit.o
        74          0          0          0          0         80   sys_stackheap_outer.o
         2          0          0          0          0         68   use_no_semi.o
        10          0          0          0          0        116   fpinit.o

    ----------------------------------------------------------------------
      2008         38        272          0         96       2236   Library Totals
         8          0          0          0          0          0   (incl. Padding)

    ----------------------------------------------------------------------

      Code (inc. data)   RO Data    RW Data    ZI Data      Debug   Library Name

      1990         38        272          0         96       2120   c_w.l
        10          0          0          0          0        116   fz_wm.l

    ----------------------------------------------------------------------
      2008         38        272          0         96       2236   Library Totals

    ----------------------------------------------------------------------

==============================================================================


      Code (inc. data)   RO Data    RW Data    ZI Data      Debug   

     53926       9002       8614        672       4696    1285581   Grand Totals
     53926       9002       8614        168       4696    1285581   ELF Image Totals (compressed)
     53926       9002       8614        168          0          0   ROM Totals

==============================================================================

    Total RO  Size (Code + RO Data)                62540 (  61.07kB)
    Total RW  Size (RW Data + ZI Data)              5368 (   5.24kB)
    Total ROM Size (Code + RO Data + RW Data)      62708 (  61.24kB)

==============================================================================

